Component: ARM Compiler 5.05 update 1 (build 106) Tool: armlink [4d0efa]

==============================================================================

Section Cross References

    system_stm32f10x.o(.text) refers to system_stm32f10x.o(.data) for SystemCoreClock
    minibalance.o(.text) refers to usart.o(.text) for uart_init
    minibalance.o(.text) refers to delay.o(.text) for delay_init
    minibalance.o(.text) refers to sys.o(.text) for JTAG_Set
    minibalance.o(.text) refers to key.o(.text) for KEY_Init
    minibalance.o(.text) refers to led.o(.text) for LED_Init
    minibalance.o(.text) refers to oled.o(.text) for OLED_Init
    minibalance.o(.text) refers to mpu6050.o(.text) for MPU_Init
    minibalance.o(.text) refers to inv_mpu.o(.text) for mpu_dmp_init
    minibalance.o(.text) refers to fmul.o(x$fpl$fmul) for __aeabi_fmul
    minibalance.o(.text) refers to ffix.o(x$fpl$ffix) for __aeabi_f2iz
    minibalance.o(.text) refers to minibalance.o(.data) for yaw
    startup_stm32f10x_md.o(STACK) refers (Special) to heapauxi.o(.text) for __use_two_region_memory
    startup_stm32f10x_md.o(HEAP) refers (Special) to heapauxi.o(.text) for __use_two_region_memory
    startup_stm32f10x_md.o(RESET) refers (Special) to heapauxi.o(.text) for __use_two_region_memory
    startup_stm32f10x_md.o(RESET) refers to startup_stm32f10x_md.o(STACK) for __initial_sp
    startup_stm32f10x_md.o(RESET) refers to startup_stm32f10x_md.o(.text) for Reset_Handler
    startup_stm32f10x_md.o(RESET) refers to stm32f10x_it.o(.text) for NMI_Handler
    startup_stm32f10x_md.o(RESET) refers to usart.o(.text) for USART1_IRQHandler
    startup_stm32f10x_md.o(RESET) refers to usart3.o(.text) for USART3_IRQHandler
    startup_stm32f10x_md.o(.text) refers (Special) to heapauxi.o(.text) for __use_two_region_memory
    startup_stm32f10x_md.o(.text) refers to system_stm32f10x.o(.text) for SystemInit
    startup_stm32f10x_md.o(.text) refers to __main.o(!!!main) for __main
    startup_stm32f10x_md.o(.text) refers to startup_stm32f10x_md.o(HEAP) for Heap_Mem
    startup_stm32f10x_md.o(.text) refers to startup_stm32f10x_md.o(STACK) for Stack_Mem
    stm32f10x_adc.o(.text) refers to stm32f10x_rcc.o(.text) for RCC_APB2PeriphResetCmd
    stm32f10x_bkp.o(.text) refers to stm32f10x_rcc.o(.text) for RCC_BackupResetCmd
    stm32f10x_can.o(.text) refers to stm32f10x_rcc.o(.text) for RCC_APB1PeriphResetCmd
    stm32f10x_cec.o(.text) refers to stm32f10x_rcc.o(.text) for RCC_APB1PeriphResetCmd
    stm32f10x_dac.o(.text) refers to stm32f10x_rcc.o(.text) for RCC_APB1PeriphResetCmd
    stm32f10x_gpio.o(.text) refers to stm32f10x_rcc.o(.text) for RCC_APB2PeriphResetCmd
    stm32f10x_i2c.o(.text) refers to stm32f10x_rcc.o(.text) for RCC_APB1PeriphResetCmd
    stm32f10x_pwr.o(.text) refers to stm32f10x_rcc.o(.text) for RCC_APB1PeriphResetCmd
    stm32f10x_rcc.o(.text) refers to stm32f10x_rcc.o(.data) for APBAHBPrescTable
    stm32f10x_spi.o(.text) refers to stm32f10x_rcc.o(.text) for RCC_APB2PeriphResetCmd
    stm32f10x_tim.o(.text) refers to stm32f10x_rcc.o(.text) for RCC_APB2PeriphResetCmd
    stm32f10x_usart.o(.text) refers to stm32f10x_rcc.o(.text) for RCC_APB2PeriphResetCmd
    stm32f10x_wwdg.o(.text) refers to stm32f10x_rcc.o(.text) for RCC_APB1PeriphResetCmd
    delay.o(.text) refers to misc.o(.text) for SysTick_CLKSourceConfig
    delay.o(.text) refers to system_stm32f10x.o(.data) for SystemCoreClock
    delay.o(.text) refers to delay.o(.data) for fac_us
    sys.o(.text) refers to sys.o(.emb_text) for WFI_SET
    usart.o(.text) refers (Special) to use_no_semi_2.o(.text) for __use_no_semihosting
    usart.o(.text) refers to stm32f10x_rcc.o(.text) for RCC_APB2PeriphClockCmd
    usart.o(.text) refers to stm32f10x_gpio.o(.text) for GPIO_Init
    usart.o(.text) refers to misc.o(.text) for NVIC_Init
    usart.o(.text) refers to stm32f10x_usart.o(.text) for USART_Init
    usart.o(.text) refers to usart.o(.data) for USART_RX_STA
    usart.o(.text) refers to usart.o(.bss) for USART_RX_BUF
    usart.o(.bss) refers (Special) to use_no_semi_2.o(.text) for __use_no_semihosting
    usart.o(.data) refers (Special) to use_no_semi_2.o(.text) for __use_no_semihosting
    led.o(.text) refers to stm32f10x_rcc.o(.text) for RCC_APB2PeriphClockCmd
    led.o(.text) refers to stm32f10x_gpio.o(.text) for GPIO_Init
    led.o(.text) refers to led.o(.data) for temp
    key.o(.text) refers to stm32f10x_rcc.o(.text) for RCC_APB2PeriphClockCmd
    key.o(.text) refers to stm32f10x_gpio.o(.text) for GPIO_Init
    key.o(.text) refers to stm32f10x_pwr.o(.text) for PWR_BackupAccessCmd
    key.o(.text) refers to stm32f10x_bkp.o(.text) for BKP_TamperPinCmd
    key.o(.text) refers to delay.o(.text) for delay_ms
    key.o(.text) refers to key.o(.data) for Forever_count
    oled.o(.text) refers to stm32f10x_rcc.o(.text) for RCC_APB2PeriphClockCmd
    oled.o(.text) refers to stm32f10x_gpio.o(.text) for GPIO_Init
    oled.o(.text) refers to stm32f10x_pwr.o(.text) for PWR_BackupAccessCmd
[...]
    .ARM.Collect$$libinit$$00000033          0x08000172   Section        2  libinit2.o(.ARM.Collect$$libinit$$00000033)
    .ARM.Collect$$libshutdown$$00000000      0x08000174   Section        2  libshutdown.o(.ARM.Collect$$libshutdown$$00000000)
    .ARM.Collect$$libshutdown$$00000003      0x08000176   Section        0  libshutdown2.o(.ARM.Collect$$libshutdown$$00000003)
    .ARM.Collect$$libshutdown$$00000006      0x08000176   Section        0  libshutdown2.o(.ARM.Collect$$libshutdown$$00000006)
    .ARM.Collect$$libshutdown$$00000009      0x08000176   Section        0  libshutdown2.o(.ARM.Collect$$libshutdown$$00000009)
    .ARM.Collect$$libshutdown$$0000000B      0x08000176   Section        0  libshutdown2.o(.ARM.Collect$$libshutdown$$0000000B)
    .ARM.Collect$$libshutdown$$0000000E      0x08000176   Section        0  libshutdown2.o(.ARM.Collect$$libshutdown$$0000000E)
    .ARM.Collect$$libshutdown$$0000000F      0x08000176   Section        2  libshutdown2.o(.ARM.Collect$$libshutdown$$0000000F)
    .ARM.Collect$$rtentry$$00000000          0x08000178   Section        0  __rtentry.o(.ARM.Collect$$rtentry$$00000000)
    .ARM.Collect$$rtentry$$00000002          0x08000178   Section        0  __rtentry2.o(.ARM.Collect$$rtentry$$00000002)
    .ARM.Collect$$rtentry$$00000004          0x08000178   Section        6  __rtentry4.o(.ARM.Collect$$rtentry$$00000004)
    .ARM.Collect$$rtentry$$00000009          0x0800017e   Section        0  __rtentry2.o(.ARM.Collect$$rtentry$$00000009)
    .ARM.Collect$$rtentry$$0000000A          0x0800017e   Section        4  __rtentry2.o(.ARM.Collect$$rtentry$$0000000A)
    .ARM.Collect$$rtentry$$0000000C          0x08000182   Section        0  __rtentry2.o(.ARM.Collect$$rtentry$$0000000C)
    .ARM.Collect$$rtentry$$0000000D          0x08000182   Section        8  __rtentry2.o(.ARM.Collect$$rtentry$$0000000D)
    .ARM.Collect$$rtexit$$00000000           0x0800018a   Section        2  rtexit.o(.ARM.Collect$$rtexit$$00000000)
    .ARM.Collect$$rtexit$$00000002           0x0800018c   Section        0  rtexit2.o(.ARM.Collect$$rtexit$$00000002)
    .ARM.Collect$$rtexit$$00000003           0x0800018c   Section        4  rtexit2.o(.ARM.Collect$$rtexit$$00000003)
    .ARM.Collect$$rtexit$$00000004           0x08000190   Section        6  rtexit2.o(.ARM.Collect$$rtexit$$00000004)
    .emb_text                                0x08000198   Section       12  sys.o(.emb_text)
    .text                                    0x080001a4   Section        0  stm32f10x_it.o(.text)
    .text                                    0x080001c0   Section        0  system_stm32f10x.o(.text)
    SetSysClockTo72                          0x080001c1   Thumb Code   214  system_stm32f10x.o(.text)
    SetSysClock                              0x08000297   Thumb Code     8  system_stm32f10x.o(.text)
    .text                                    0x080003a0   Section        0  minibalance.o(.text)
    .text                                    0x080005e4   Section       64  startup_stm32f10x_md.o(.text)
    .text                                    0x08000624   Section        0  misc.o(.text)
    .text                                    0x08000700   Section        0  stm32f10x_bkp.o(.text)
    .text                                    0x080007c4   Section        0  stm32f10x_gpio.o(.text)
    .text                                    0x08000b20   Section        0  stm32f10x_pwr.o(.text)
    .text                                    0x08000bec   Section        0  stm32f10x_rcc.o(.text)
    .text                                    0x08000f90   Section        0  stm32f10x_usart.o(.text)
    .text                                    0x08001398   Section        0  delay.o(.text)
    .text                                    0x0800146c   Section        0  sys.o(.text)
    .text                                    0x08001728   Section        0  usart.o(.text)
    .text                                    0x08001868   Section        0  led.o(.text)
    .text                                    0x080018c8   Section        0  key.o(.text)
    .text                                    0x08001b14   Section        0  oled.o(.text)
    .text                                    0x08001fc8   Section        0  usart3.o(.text)
    .text                                    0x0800207c   Section        0  mpu6050.o(.text)
    .text                                    0x08002420   Section        0  mpuiic.o(.text)
    .text                                    0x0800268c   Section        0  inv_mpu.o(.text)
    set_int_enable                           0x0800268d   Thumb Code   138  inv_mpu.o(.text)
    get_accel_prod_shift                     0x080038fd   Thumb Code   168  inv_mpu.o(.text)
    accel_self_test                          0x080039a5   Thumb Code   164  inv_mpu.o(.text)
    gyro_self_test                           0x08003a49   Thumb Code   280  inv_mpu.o(.text)
    get_st_biases                            0x08003b61   Thumb Code  1136  inv_mpu.o(.text)
    .text                                    0x08004918   Section        0  inv_mpu_dmp_motion_driver.o(.text)
    decode_gesture                           0x080053cd   Thumb Code    94  inv_mpu_dmp_motion_driver.o(.text)
    .text                                    0x08005688   Section        2  use_no_semi_2.o(.text)
    .text                                    0x0800568a   Section       72  llsdiv.o(.text)
    .text                                    0x080056d4   Section        0  noretval__2printf.o(.text)
    .text                                    0x080056ec   Section        0  _printf_pad.o(.text)
    .text                                    0x0800573c   Section        0  _printf_dec.o(.text)
    .text                                    0x080057b4   Section        0  _printf_hex_int.o(.text)
    .text                                    0x0800580c   Section        0  __printf_flags_wp.o(.text)
    .text                                    0x08005944   Section        0  memcmp.o(.text)
    .text                                    0x0800599c   Section       16  aeabi_memset.o(.text)
    .text                                    0x080059ac   Section        0  heapauxi.o(.text)
    .text                                    0x080059b2   Section        2  use_no_semi.o(.text)
    .text                                    0x080059b4   Section      238  lludivv7m.o(.text)
    .text                                    0x08005aa2   Section        0  _rserrno.o(.text)
    .text                                    0x08005ab8   Section        0  _printf_intcommon.o(.text)
    .text                                    0x08005b6c   Section        0  _printf_char_file.o(.text)
    .text                                    0x08005b90   Section       68  rt_memclr.o(.text)
    .text                                    0x08005bd4   Section        8  rt_errno_addr_intlibspace.o(.text)
    .text                                    0x08005bdc   Section        0  _printf_char_common.o(.text)
    _printf_input_char                       0x08005bdd   Thumb Code    10  _printf_char_common.o(.text)
    .text                                    0x08005c0c   Section        0  ferror.o(.text)
    .text                                    0x08005c14   Section       78  rt_memclr_w.o(.text)
    .text                                    0x08005c64   Section        8  libspace.o(.text)
    .text                                    0x08005c6c   Section       74  sys_stackheap_outer.o(.text)
    .text                                    0x08005cb6   Section        0  exit.o(.text)
    i.__ARM_fpclassify                       0x08005cc2   Section        0  fpclassify.o(i.__ARM_fpclassify)
    i.__kernel_poly                          0x08005cea   Section        0  poly.o(i.__kernel_poly)
    i.__mathlib_dbl_infnan                   0x08005d94   Section        0  dunder.o(i.__mathlib_dbl_infnan)
    i.__mathlib_dbl_infnan2                  0x08005d9a   Section        0  dunder.o(i.__mathlib_dbl_infnan2)
    i.__mathlib_dbl_invalid                  0x08005d9e   Section        0  dunder.o(i.__mathlib_dbl_invalid)
    i.__mathlib_dbl_underflow                0x08005dac   Section        0  dunder.o(i.__mathlib_dbl_underflow)
    i._is_digit                              0x08005dbc   Section        0  __printf_wp.o(i._is_digit)
    i.asin                                   0x08005dcc   Section        0  asin.o(i.asin)
    i.atan                                   0x0800603c   Section        0  atan.o(i.atan)
    i.atan2                                  0x0800625c   Section        0  atan2.o(i.atan2)
    i.sqrt                                   0x080063dc   Section        0  sqrt.o(i.sqrt)
    x$fpl$d2f                                0x08006428   Section       98  d2f.o(x$fpl$d2f)
    x$fpl$dadd                               0x0800648c   Section      336  daddsub_clz.o(x$fpl$dadd)
    _dadd1                                   0x0800649d   Thumb Code     0  daddsub_clz.o(x$fpl$dadd)
    x$fpl$dcheck1                            0x080065dc   Section       16  dcheck1.o(x$fpl$dcheck1)
    x$fpl$ddiv                               0x080065ec   Section      688  ddiv.o(x$fpl$ddiv)
    ddiv_entry                               0x080065f3   Thumb Code     0  ddiv.o(x$fpl$ddiv)
    x$fpl$dflt                               0x0800689c   Section       46  dflt_clz.o(x$fpl$dflt)
    x$fpl$dmul                               0x080068cc   Section      340  dmul.o(x$fpl$dmul)
    x$fpl$dnaninf                            0x08006a20   Section      156  dnaninf.o(x$fpl$dnaninf)
    x$fpl$dretinf                            0x08006abc   Section       12  dretinf.o(x$fpl$dretinf)
    x$fpl$drsb                               0x08006ac8   Section       22  daddsub_clz.o(x$fpl$drsb)
    x$fpl$dsqrt                              0x08006ae0   Section      460  dsqrt_noumaal.o(x$fpl$dsqrt)
    x$fpl$dsub                               0x08006cac   Section      468  daddsub_clz.o(x$fpl$dsub)
    _dsub1                                   0x08006cbd   Thumb Code     0  daddsub_clz.o(x$fpl$dsub)
    x$fpl$f2d                                0x08006e80   Section       86  f2d.o(x$fpl$f2d)
    x$fpl$fadd                               0x08006ed8   Section      196  faddsub_clz.o(x$fpl$fadd)
    _fadd1                                   0x08006ee7   Thumb Code     0  faddsub_clz.o(x$fpl$fadd)
    x$fpl$fcmpinf                            0x08006f9c   Section       24  fcmpi.o(x$fpl$fcmpinf)
    x$fpl$fdiv                               0x08006fb4   Section      388  fdiv.o(x$fpl$fdiv)
    _fdiv1                                   0x08006fb5   Thumb Code     0  fdiv.o(x$fpl$fdiv)
    x$fpl$feqf                               0x08007138   Section      104  feqf.o(x$fpl$feqf)
    x$fpl$ffix                               0x080071a0   Section       54  ffix.o(x$fpl$ffix)
    x$fpl$ffixu                              0x080071d8   Section       62  ffixu.o(x$fpl$ffixu)
    x$fpl$fflt                               0x08007218   Section       48  fflt_clz.o(x$fpl$fflt)
    x$fpl$ffltu                              0x08007248   Section       38  fflt_clz.o(x$fpl$ffltu)
    x$fpl$fleqf                              0x08007270   Section      104  fleqf.o(x$fpl$fleqf)
    x$fpl$fmul                               0x080072d8   Section      258  fmul.o(x$fpl$fmul)
    x$fpl$fnaninf                            0x080073da   Section      140  fnaninf.o(x$fpl$fnaninf)
    x$fpl$fretinf                            0x08007466   Section       10  fretinf.o(x$fpl$fretinf)
    x$fpl$frleqf                             0x08007470   Section       98  frleqf.o(x$fpl$frleqf)
    x$fpl$fsub                               0x080074d4   Section      234  faddsub_clz.o(x$fpl$fsub)
    _fsub1                                   0x080074e3   Thumb Code     0  faddsub_clz.o(x$fpl$fsub)
    x$fpl$retnan                             0x080075be   Section      100  retnan.o(x$fpl$retnan)
    x$fpl$scalbn                             0x08007622   Section       92  scalbn.o(x$fpl$scalbn)
    x$fpl$trapveneer                         0x0800767e   Section       48  trapv.o(x$fpl$trapveneer)
    .constdata                               0x080076ae   Section     2660  oled.o(.constdata)
    x$fpl$usenofp                            0x080076ae   Section        0  usenofp.o(x$fpl$usenofp)
    .constdata                               0x08008114   Section       80  inv_mpu.o(.constdata)
    .constdata                               0x08008164   Section     3062  inv_mpu_dmp_motion_driver.o(.constdata)
    dmp_memory                               0x08008164   Data        3062  inv_mpu_dmp_motion_driver.o(.constdata)
    .constdata                               0x08008d5a   Section       40  _printf_hex_int.o(.constdata)
    uc_hextab                                0x08008d5a   Data          20  _printf_hex_int.o(.constdata)
    lc_hextab                                0x08008d6e   Data          20  _printf_hex_int.o(.constdata)
    .constdata                               0x08008d82   Section       17  __printf_flags_wp.o(.constdata)
    maptable                                 0x08008d82   Data          17  __printf_flags_wp.o(.constdata)
    .constdata                               0x08008d98   Section       80  asin.o(.constdata)
    pS                                       0x08008d98   Data          48  asin.o(.constdata)
    qS                                       0x08008dc8   Data          32  asin.o(.constdata)
    .constdata                               0x08008de8   Section      152  atan.o(.constdata)
    atanhi                                   0x08008de8   Data          32  atan.o(.constdata)
    atanlo                                   0x08008e08   Data          32  atan.o(.constdata)
    aTodd                                    0x08008e28   Data          40  atan.o(.constdata)
    aTeven                                   0x08008e50   Data          48  atan.o(.constdata)
    .constdata                               0x08008e80   Section        8  qnan.o(.constdata)
    .conststring                             0x08008e88   Section       77  inv_mpu.o(.conststring)
    .data                                    0x20000000   Section       20  system_stm32f10x.o(.data)
    .data                                    0x20000014   Section       12  minibalance.o(.data)
    .data                                    0x20000020   Section       20  stm32f10x_rcc.o(.data)
    APBAHBPrescTable                         0x20000020   Data          16  stm32f10x_rcc.o(.data)
    ADCPrescTable                            0x20000030   Data           4  stm32f10x_rcc.o(.data)
    .data                                    0x20000034   Section        4  delay.o(.data)
    fac_us                                   0x20000034   Data           1  delay.o(.data)
    fac_ms                                   0x20000036   Data           2  delay.o(.data)
    .data                                    0x20000038   Section        6  usart.o(.data)
    .data                                    0x20000040   Section        4  led.o(.data)
    temp                                     0x20000040   Data           4  led.o(.data)
    .data                                    0x20000044   Section       15  key.o(.data)
    flag_key                                 0x20000044   Data           1  key.o(.data)
    count_key                                0x20000045   Data           1  key.o(.data)
    double_key                               0x20000046   Data           1  key.o(.data)
    count_single                             0x20000048   Data           2  key.o(.data)
    Forever_count                            0x2000004a   Data           2  key.o(.data)
    flag_key                                 0x2000004c   Data           1  key.o(.data)
    Long_Press_count                         0x2000004e   Data           2  key.o(.data)
    Long_Press                               0x20000050   Data           2  key.o(.data)
    key_up                                   0x20000052   Data           1  key.o(.data)
    .data                                    0x20000054   Section       53  inv_mpu.o(.data)
    st                                       0x20000054   Data          44  inv_mpu.o(.data)
    gyro_orientation                         0x20000080   Data           9  inv_mpu.o(.data)
    .bss                                     0x2000008c   Section      200  usart.o(.bss)
    .bss                                     0x20000154   Section     1024  oled.o(.bss)
    .bss                                     0x20000554   Section       16  inv_mpu_dmp_motion_driver.o(.bss)
    dmp                                      0x20000554   Data          16  inv_mpu_dmp_motion_driver.o(.bss)
    .bss                                     0x20000564   Section       96  libspace.o(.bss)
    HEAP                                     0x200005c8   Section      512  startup_stm32f10x_md.o(HEAP)
    Heap_Mem                                 0x200005c8   Data         512  startup_stm32f10x_md.o(HEAP)
    STACK                                    0x200007c8   Section     1024  startup_stm32f10x_md.o(STACK)
    Stack_Mem                                0x200007c8   Data        1024  startup_stm32f10x_md.o(STACK)
    __initial_sp                             0x20000bc8   Data           0  startup_stm32f10x_md.o(STACK)

    Global Symbols

    Symbol Name                              Value     Ov Type        Size  Object(Section)

    BuildAttributes$$THM_ISAv4$P$D$K$B$S$PE$A:L22UL41UL21$X:L11$S22US41US21$IEEE1$IW$USESV6$~STKCKD$USESV7$~SHL$OTIME$ROPI$IEEEX$EBA8$UX$STANDARDLIB$REQ8$PRES8$EABIv2 0x00000000   Number         0  anon$$obj.o ABSOLUTE
    __ARM_use_no_argv                        0x00000000   Number         0  minibalance.o ABSOLUTE
    _printf_flags                            0x00000000   Number         0  printf_stubs.o ABSOLUTE
    _printf_return_value                     0x00000000   Number         0  printf_stubs.o ABSOLUTE
    _printf_sizespec                         0x00000000   Number         0  printf_stubs.o ABSOLUTE
    _printf_widthprec                        0x00000000   Number         0  printf_stubs.o ABSOLUTE
    __ARM_exceptions_init                     - Undefined Weak Reference
    __alloca_initialize                       - Undefined Weak Reference
    __arm_preinit_                            - Undefined Weak Reference
    __cpp_initialize__aeabi_                  - Undefined Weak Reference
    __cxa_finalize                            - Undefined Weak Reference
    __rt_locale                               - Undefined Weak Reference
    __sigvec_lookup                           - Undefined Weak Reference
    _atexit_init                              - Undefined Weak Reference
    _call_atexit_fns                          - Undefined Weak Reference
    _clock_init                               - Undefined Weak Reference
    _fp_trap_init                             - Undefined Weak Reference
    _fp_trap_shutdown                         - Undefined Weak Reference
    _get_lc_collate                           - Undefined Weak Reference
    _get_lc_ctype                             - Undefined Weak Reference
    _get_lc_monetary                          - Undefined Weak Reference
    _get_lc_numeric                           - Undefined Weak Reference
    _get_lc_time                              - Undefined Weak Reference
    _getenv_init                              - Undefined Weak Reference
    _handle_redirection                       - Undefined Weak Reference
    _init_alloc                               - Undefined Weak Reference
    _init_user_alloc                          - Undefined Weak Reference
    _initio                                   - Undefined Weak Reference
    _mutex_acquire                            - Undefined Weak Reference
    _mutex_release                            - Undefined Weak Reference
    _printf_truncate_signed                   - Undefined Weak Reference
    _printf_truncate_unsigned                 - Undefined Weak Reference
    _rand_init                                - Undefined Weak Reference
    _signal_finish                            - Undefined Weak Reference
    _signal_init                              - Undefined Weak Reference
    _terminate_alloc                          - Undefined Weak Reference
    _terminate_user_alloc                     - Undefined Weak Reference
    _terminateio                              - Undefined Weak Reference
    __Vectors_Size                           0x000000ec   Number         0  startup_stm32f10x_md.o ABSOLUTE
    __Vectors                                0x08000000   Data           4  startup_stm32f10x_md.o(RESET)
    __Vectors_End                            0x080000ec   Data           0  startup_stm32f10x_md.o(RESET)
    __main                                   0x080000ed   Thumb Code     8  __main.o(!!!main)
    __scatterload                            0x080000f5   Thumb Code     0  __scatter.o(!!!scatter)
    __scatterload_rt2                        0x080000f5   Thumb Code    44  __scatter.o(!!!scatter)
    __scatterload_rt2_thumb_only             0x080000f5   Thumb Code     0  __scatter.o(!!!scatter)
    __scatterload_null                       0x08000103   Thumb Code     0  __scatter.o(!!!scatter)
    __scatterload_copy                       0x08000129   Thumb Code    26  __scatter_copy.o(!!handler_copy)
    __scatterload_zeroinit                   0x08000145   Thumb Code    28  __scatter_zi.o(!!handler_zi)
    _printf_d                                0x08000161   Thumb Code     0  _printf_d.o(.ARM.Collect$$_printf_percent$$00000009)
    _printf_percent                          0x08000161   Thumb Code     0  _printf_percent.o(.ARM.Collect$$_printf_percent$$00000000)
    _printf_x                                0x08000167   Thumb Code     0  _printf_x.o(.ARM.Collect$$_printf_percent$$0000000C)
    _printf_percent_end                      0x0800016d   Thumb Code     0  _printf_percent_end.o(.ARM.Collect$$_printf_percent$$00000017)
    __rt_lib_init                            0x08000171   Thumb Code     0  libinit.o(.ARM.Collect$$libinit$$00000000)
    __rt_lib_init_alloca_1                   0x08000173   Thumb Code     0  libinit2.o(.ARM.Collect$$libinit$$0000002E)
    __rt_lib_init_argv_1                     0x08000173   Thumb Code     0  libinit2.o(.ARM.Collect$$libinit$$0000002C)
    __rt_lib_init_atexit_1                   0x08000173   Thumb Code     0  libinit2.o(.ARM.Collect$$libinit$$0000001B)
    __rt_lib_init_clock_1                    0x08000173   Thumb Code     0  libinit2.o(.ARM.Collect$$libinit$$00000021)
    __rt_lib_init_cpp_1                      0x08000173   Thumb Code     0  libinit2.o(.ARM.Collect$$libinit$$00000032)
    __rt_lib_init_exceptions_1               0x08000173   Thumb Code     0  libinit2.o(.ARM.Collect$$libinit$$00000030)
    __rt_lib_init_fp_1                       0x08000173   Thumb Code     0  libinit2.o(.ARM.Collect$$libinit$$00000002)
    __rt_lib_init_fp_trap_1                  0x08000173   Thumb Code     0  libinit2.o(.ARM.Collect$$libinit$$0000001F)
    __rt_lib_init_getenv_1                   0x08000173   Thumb Code     0  libinit2.o(.ARM.Collect$$libinit$$00000023)
    __rt_lib_init_heap_1                     0x08000173   Thumb Code     0  libinit2.o(.ARM.Collect$$libinit$$0000000A)
    __rt_lib_init_lc_collate_1               0x08000173   Thumb Code     0  libinit2.o(.ARM.Collect$$libinit$$00000011)
    __rt_lib_init_lc_ctype_1                 0x08000173   Thumb Code     0  libinit2.o(.ARM.Collect$$libinit$$00000013)
    __rt_lib_init_lc_monetary_1              0x08000173   Thumb Code     0  libinit2.o(.ARM.Collect$$libinit$$00000015)
    __rt_lib_init_lc_numeric_1               0x08000173   Thumb Code     0  libinit2.o(.ARM.Collect$$libinit$$00000017)
    __rt_lib_init_lc_time_1                  0x08000173   Thumb Code     0  libinit2.o(.ARM.Collect$$libinit$$00000019)
    __rt_lib_init_preinit_1                  0x08000173   Thumb Code     0  libinit2.o(.ARM.Collect$$libinit$$00000004)
    __rt_lib_init_rand_1                     0x08000173   Thumb Code     0  libinit2.o(.ARM.Collect$$libinit$$0000000E)
    __rt_lib_init_return                     0x08000173   Thumb Code     0  libinit2.o(.ARM.Collect$$libinit$$00000033)
    __rt_lib_init_signal_1                   0x08000173   Thumb Code     0  libinit2.o(.ARM.Collect$$libinit$$0000001D)
    __rt_lib_init_stdio_1                    0x08000173   Thumb Code     0  libinit2.o(.ARM.Collect$$libinit$$00000025)
    __rt_lib_init_user_alloc_1               0x08000173   Thumb Code     0  libinit2.o(.ARM.Collect$$libinit$$0000000C)
    __rt_lib_shutdown                        0x08000175   Thumb Code     0  libshutdown.o(.ARM.Collect$$libshutdown$$00000000)
    __rt_lib_shutdown_fp_trap_1              0x08000177   Thumb Code     0  libshutdown2.o(.ARM.Collect$$libshutdown$$00000006)
    __rt_lib_shutdown_heap_1                 0x08000177   Thumb Code     0  libshutdown2.o(.ARM.Collect$$libshutdown$$0000000E)
    __rt_lib_shutdown_return                 0x08000177   Thumb Code     0  libshutdown2.o(.ARM.Collect$$libshutdown$$0000000F)
    __rt_lib_shutdown_signal_1               0x08000177   Thumb Code     0  libshutdown2.o(.ARM.Collect$$libshutdown$$00000009)
    __rt_lib_shutdown_stdio_1                0x08000177   Thumb Code     0  libshutdown2.o(.ARM.Collect$$libshutdown$$00000003)
    __rt_lib_shutdown_user_alloc_1           0x08000177   Thumb Code     0  libshutdown2.o(.ARM.Collect$$libshutdown$$0000000B)
    __rt_entry                               0x08000179   Thumb Code     0  __rtentry.o(.ARM.Collect$$rtentry$$00000000)
    __rt_entry_presh_1                       0x08000179   Thumb Code     0  __rtentry2.o(.ARM.Collect$$rtentry$$00000002)
    __rt_entry_sh                            0x08000179   Thumb Code     0  __rtentry4.o(.ARM.Collect$$rtentry$$00000004)
    __rt_entry_li                            0x0800017f   Thumb Code     0  __rtentry2.o(.ARM.Collect$$rtentry$$0000000A)
    __rt_entry_postsh_1                      0x0800017f   Thumb Code     0  __rtentry2.o(.ARM.Collect$$rtentry$$00000009)
    __rt_entry_main                          0x08000183   Thumb Code     0  __rtentry2.o(.ARM.Collect$$rtentry$$0000000D)
    __rt_entry_postli_1                      0x08000183   Thumb Code     0  __rtentry2.o(.ARM.Collect$$rtentry$$0000000C)
    __rt_exit                                0x0800018b   Thumb Code     0  rtexit.o(.ARM.Collect$$rtexit$$00000000)
    __rt_exit_ls                             0x0800018d   Thumb Code     0  rtexit2.o(.ARM.Collect$$rtexit$$00000003)
    __rt_exit_prels_1                        0x0800018d   Thumb Code     0  rtexit2.o(.ARM.Collect$$rtexit$$00000002)
    __rt_exit_exit                           0x08000191   Thumb Code     0  rtexit2.o(.ARM.Collect$$rtexit$$00000004)
    WFI_SET                                  0x08000199   Thumb Code     2  sys.o(.emb_text)
    INTX_DISABLE                             0x0800019b   Thumb Code     2  sys.o(.emb_text)
    INTX_ENABLE                              0x0800019d   Thumb Code     2  sys.o(.emb_text)
    MSR_MSP                                  0x0800019f   Thumb Code     6  sys.o(.emb_text)
    NMI_Handler                              0x080001a5   Thumb Code     2  stm32f10x_it.o(.text)
    HardFault_Handler                        0x080001a7   Thumb Code     4  stm32f10x_it.o(.text)
    MemManage_Handler                        0x080001ab   Thumb Code     4  stm32f10x_it.o(.text)
    BusFault_Handler                         0x080001af   Thumb Code     4  stm32f10x_it.o(.text)
    UsageFault_Handler                       0x080001b3   Thumb Code     4  stm32f10x_it.o(.text)
    SVC_Handler                              0x080001b7   Thumb Code     2  stm32f10x_it.o(.text)
    DebugMon_Handler                         0x080001b9   Thumb Code     2  stm32f10x_it.o(.text)
    PendSV_Handler                           0x080001bb   Thumb Code     2  stm32f10x_it.o(.text)
    SysTick_Handler                          0x080001bd   Thumb Code     2  stm32f10x_it.o(.text)
    SystemInit                               0x0800029f   Thumb Code    78  system_stm32f10x.o(.text)
    SystemCoreClockUpdate                    0x080002ed   Thumb Code   142  system_stm32f10x.o(.text)
    main                                     0x080003a1   Thumb Code   512  minibalance.o(.text)
    Reset_Handler                            0x080005e5   Thumb Code     8  startup_stm32f10x_md.o(.text)
    ADC1_2_IRQHandler                        0x080005ff   Thumb Code     0  startup_stm32f10x_md.o(.text)
    CAN1_RX1_IRQHandler                      0x080005ff   Thumb Code     0  startup_stm32f10x_md.o(.text)
    CAN1_SCE_IRQHandler                      0x080005ff   Thumb Code     0  startup_stm32f10x_md.o(.text)
    DMA1_Channel1_IRQHandler                 0x080005ff   Thumb Code     0  startup_stm32f10x_md.o(.text)
    DMA1_Channel2_IRQHandler                 0x080005ff   Thumb Code     0  startup_stm32f10x_md.o(.text)
    DMA1_Channel3_IRQHandler                 0x080005ff   Thumb Code     0  startup_stm32f10x_md.o(.text)
    DMA1_Channel4_IRQHandler                 0x080005ff   Thumb Code     0  startup_stm32f10x_md.o(.text)
    DMA1_Channel5_IRQHandler                 0x080005ff   Thumb Code     0  startup_stm32f10x_md.o(.text)
    DMA1_Channel6_IRQHandler                 0x080005ff   Thumb Code     0  startup_stm32f10x_md.o(.text)
    DMA1_Channel7_IRQHandler                 0x080005ff   Thumb Code     0  startup_stm32f10x_md.o(.text)
    EXTI0_IRQHandler                         0x080005ff   Thumb Code     0  startup_stm32f10x_md.o(.text)
    EXTI15_10_IRQHandler                     0x080005ff   Thumb Code     0  startup_stm32f10x_md.o(.text)
    EXTI1_IRQHandler                         0x080005ff   Thumb Code     0  startup_stm32f10x_md.o(.text)
    EXTI2_IRQHandler                         0x080005ff   Thumb Code     0  startup_stm32f10x_md.o(.text)
    EXTI3_IRQHandler                         0x080005ff   Thumb Code     0  startup_stm32f10x_md.o(.text)
    EXTI4_IRQHandler                         0x080005ff   Thumb Code     0  startup_stm32f10x_md.o(.text)
    EXTI9_5_IRQHandler                       0x080005ff   Thumb Code     0  startup_stm32f10x_md.o(.text)
    FLASH_IRQHandler                         0x080005ff   Thumb Code     0  startup_stm32f10x_md.o(.text)
    I2C1_ER_IRQHandler                       0x080005ff   Thumb Code     0  startup_stm32f10x_md.o(.text)
    I2C1_EV_IRQHandler                       0x080005ff   Thumb Code     0  startup_stm32f10x_md.o(.text)
    I2C2_ER_IRQHandler                       0x080005ff   Thumb Code     0  startup_stm32f10x_md.o(.text)
    I2C2_EV_IRQHandler                       0x080005ff   Thumb Code     0  startup_stm32f10x_md.o(.text)
    PVD_IRQHandler                           0x080005ff   Thumb Code     0  startup_stm32f10x_md.o(.text)
    RCC_IRQHandler                           0x080005ff   Thumb Code     0  startup_stm32f10x_md.o(.text)
    RTCAlarm_IRQHandler                      0x080005ff   Thumb Code     0  startup_stm32f10x_md.o(.text)
    RTC_IRQHandler                           0x080005ff   Thumb Code     0  startup_stm32f10x_md.o(.text)
    SPI1_IRQHandler                          0x080005ff   Thumb Code     0  startup_stm32f10x_md.o(.text)
    SPI2_IRQHandler                          0x080005ff   Thumb Code     0  startup_stm32f10x_md.o(.text)
    TAMPER_IRQHandler                        0x080005ff   Thumb Code     0  startup_stm32f10x_md.o(.text)
    TIM1_BRK_IRQHandler                      0x080005ff   Thumb Code     0  startup_stm32f10x_md.o(.text)
    TIM1_CC_IRQHandler                       0x080005ff   Thumb Code     0  startup_stm32f10x_md.o(.text)
    TIM1_TRG_COM_IRQHandler                  0x080005ff   Thumb Code     0  startup_stm32f10x_md.o(.text)
    TIM1_UP_IRQHandler                       0x080005ff   Thumb Code     0  startup_stm32f10x_md.o(.text)
    TIM2_IRQHandler                          0x080005ff   Thumb Code     0  startup_stm32f10x_md.o(.text)
    TIM3_IRQHandler                          0x080005ff   Thumb Code     0  startup_stm32f10x_md.o(.text)
    TIM4_IRQHandler                          0x080005ff   Thumb Code     0  startup_stm32f10x_md.o(.text)
    USART2_IRQHandler                        0x080005ff   Thumb Code     0  startup_stm32f10x_md.o(.text)
    USBWakeUp_IRQHandler                     0x080005ff   Thumb Code     0  startup_stm32f10x_md.o(.text)
    USB_HP_CAN1_TX_IRQHandler                0x080005ff   Thumb Code     0  startup_stm32f10x_md.o(.text)
    USB_LP_CAN1_RX0_IRQHandler               0x080005ff   Thumb Code     0  startup_stm32f10x_md.o(.text)
    WWDG_IRQHandler                          0x080005ff   Thumb Code     0  startup_stm32f10x_md.o(.text)
    __user_initial_stackheap                 0x08000601   Thumb Code     0  startup_stm32f10x_md.o(.text)
    NVIC_PriorityGroupConfig                 0x08000625   Thumb Code    10  misc.o(.text)
    NVIC_Init                                0x0800062f   Thumb Code   100  misc.o(.text)
    NVIC_SetVectorTable                      0x08000693   Thumb Code    14  misc.o(.text)
    NVIC_SystemLPConfig                      0x080006a1   Thumb Code    34  misc.o(.text)
    SysTick_CLKSourceConfig                  0x080006c3   Thumb Code    40  misc.o(.text)
    BKP_DeInit                               0x08000701   Thumb Code    16  stm32f10x_bkp.o(.text)
    BKP_TamperPinLevelConfig                 0x08000711   Thumb Code     6  stm32f10x_bkp.o(.text)
    BKP_TamperPinCmd                         0x08000717   Thumb Code     8  stm32f10x_bkp.o(.text)
    BKP_ITConfig                             0x0800071f   Thumb Code     8  stm32f10x_bkp.o(.text)
    BKP_RTCOutputConfig                      0x08000727   Thumb Code    22  stm32f10x_bkp.o(.text)
    BKP_SetRTCCalibrationValue               0x0800073d   Thumb Code    22  stm32f10x_bkp.o(.text)
    BKP_WriteBackupRegister                  0x08000753   Thumb Code    24  stm32f10x_bkp.o(.text)
    BKP_ReadBackupRegister                   0x0800076b   Thumb Code    26  stm32f10x_bkp.o(.text)
    BKP_GetFlagStatus                        0x08000785   Thumb Code    10  stm32f10x_bkp.o(.text)
    BKP_ClearFlag                            0x0800078f   Thumb Code    18  stm32f10x_bkp.o(.text)
    BKP_GetITStatus                          0x080007a1   Thumb Code    10  stm32f10x_bkp.o(.text)
    BKP_ClearITPendingBit                    0x080007ab   Thumb Code    18  stm32f10x_bkp.o(.text)
    GPIO_DeInit                              0x080007c5   Thumb Code   172  stm32f10x_gpio.o(.text)
    GPIO_AFIODeInit                          0x08000871   Thumb Code    20  stm32f10x_gpio.o(.text)
    GPIO_Init                                0x08000885   Thumb Code   278  stm32f10x_gpio.o(.text)
    GPIO_StructInit                          0x0800099b   Thumb Code    16  stm32f10x_gpio.o(.text)
    GPIO_ReadInputDataBit                    0x080009ab   Thumb Code    18  stm32f10x_gpio.o(.text)
    GPIO_ReadInputData                       0x080009bd   Thumb Code     8  stm32f10x_gpio.o(.text)
    GPIO_ReadOutputDataBit                   0x080009c5   Thumb Code    18  stm32f10x_gpio.o(.text)
    GPIO_ReadOutputData                      0x080009d7   Thumb Code     8  stm32f10x_gpio.o(.text)
    GPIO_SetBits                             0x080009df   Thumb Code     4  stm32f10x_gpio.o(.text)
    GPIO_ResetBits                           0x080009e3   Thumb Code     4  stm32f10x_gpio.o(.text)
    GPIO_WriteBit                            0x080009e7   Thumb Code    10  stm32f10x_gpio.o(.text)
    GPIO_Write                               0x080009f1   Thumb Code     4  stm32f10x_gpio.o(.text)
    GPIO_PinLockConfig                       0x080009f5   Thumb Code    18  stm32f10x_gpio.o(.text)
    GPIO_EventOutputConfig                   0x08000a07   Thumb Code    26  stm32f10x_gpio.o(.text)
    GPIO_EventOutputCmd                      0x08000a21   Thumb Code     6  stm32f10x_gpio.o(.text)
    GPIO_PinRemapConfig                      0x08000a27   Thumb Code   138  stm32f10x_gpio.o(.text)
    GPIO_EXTILineConfig                      0x08000ab1   Thumb Code    66  stm32f10x_gpio.o(.text)
    GPIO_ETH_MediaInterfaceConfig            0x08000af3   Thumb Code     8  stm32f10x_gpio.o(.text)
    PWR_DeInit                               0x08000b21   Thumb Code    22  stm32f10x_pwr.o(.text)
    PWR_BackupAccessCmd                      0x08000b37   Thumb Code     6  stm32f10x_pwr.o(.text)
    PWR_PVDCmd                               0x08000b3d   Thumb Code     6  stm32f10x_pwr.o(.text)
    PWR_PVDLevelConfig                       0x08000b43   Thumb Code    18  stm32f10x_pwr.o(.text)
    PWR_WakeUpPinCmd                         0x08000b55   Thumb Code     8  stm32f10x_pwr.o(.text)
    PWR_EnterSTOPMode                        0x08000b5d   Thumb Code    54  stm32f10x_pwr.o(.text)
    PWR_EnterSTANDBYMode                     0x08000b93   Thumb Code    42  stm32f10x_pwr.o(.text)
    PWR_GetFlagStatus                        0x08000bbd   Thumb Code    20  stm32f10x_pwr.o(.text)
    PWR_ClearFlag                            0x08000bd1   Thumb Code    14  stm32f10x_pwr.o(.text)
    RCC_DeInit                               0x08000bed   Thumb Code    64  stm32f10x_rcc.o(.text)
    RCC_HSEConfig                            0x08000c2d   Thumb Code    70  stm32f10x_rcc.o(.text)
    RCC_GetFlagStatus                        0x08000c73   Thumb Code    56  stm32f10x_rcc.o(.text)
    RCC_WaitForHSEStartUp                    0x08000cab   Thumb Code    56  stm32f10x_rcc.o(.text)
    RCC_AdjustHSICalibrationValue            0x08000ce3   Thumb Code    20  stm32f10x_rcc.o(.text)
    RCC_HSICmd                               0x08000cf7   Thumb Code     6  stm32f10x_rcc.o(.text)
    RCC_PLLConfig                            0x08000cfd   Thumb Code    24  stm32f10x_rcc.o(.text)
    RCC_PLLCmd                               0x08000d15   Thumb Code     6  stm32f10x_rcc.o(.text)
    RCC_SYSCLKConfig                         0x08000d1b   Thumb Code    18  stm32f10x_rcc.o(.text)
    RCC_GetSYSCLKSource                      0x08000d2d   Thumb Code    10  stm32f10x_rcc.o(.text)
    RCC_HCLKConfig                           0x08000d37   Thumb Code    18  stm32f10x_rcc.o(.text)
    RCC_PCLK1Config                          0x08000d49   Thumb Code    18  stm32f10x_rcc.o(.text)
    RCC_PCLK2Config                          0x08000d5b   Thumb Code    20  stm32f10x_rcc.o(.text)
    RCC_ITConfig                             0x08000d6f   Thumb Code    26  stm32f10x_rcc.o(.text)
    RCC_USBCLKConfig                         0x08000d89   Thumb Code     8  stm32f10x_rcc.o(.text)
    RCC_ADCCLKConfig                         0x08000d91   Thumb Code    18  stm32f10x_rcc.o(.text)
    RCC_LSEConfig                            0x08000da3   Thumb Code    50  stm32f10x_rcc.o(.text)
    RCC_LSICmd                               0x08000dd5   Thumb Code     6  stm32f10x_rcc.o(.text)
    RCC_RTCCLKConfig                         0x08000ddb   Thumb Code    12  stm32f10x_rcc.o(.text)
    RCC_RTCCLKCmd                            0x08000de7   Thumb Code     8  stm32f10x_rcc.o(.text)
    RCC_GetClocksFreq                        0x08000def   Thumb Code   192  stm32f10x_rcc.o(.text)
    RCC_AHBPeriphClockCmd                    0x08000eaf   Thumb Code    26  stm32f10x_rcc.o(.text)
    RCC_APB2PeriphClockCmd                   0x08000ec9   Thumb Code    26  stm32f10x_rcc.o(.text)
    RCC_APB1PeriphClockCmd                   0x08000ee3   Thumb Code    26  stm32f10x_rcc.o(.text)
    RCC_APB2PeriphResetCmd                   0x08000efd   Thumb Code    26  stm32f10x_rcc.o(.text)
    RCC_APB1PeriphResetCmd                   0x08000f17   Thumb Code    26  stm32f10x_rcc.o(.text)
    RCC_BackupResetCmd                       0x08000f31   Thumb Code     8  stm32f10x_rcc.o(.text)
    RCC_ClockSecuritySystemCmd               0x08000f39   Thumb Code     6  stm32f10x_rcc.o(.text)
    RCC_MCOConfig                            0x08000f3f   Thumb Code     6  stm32f10x_rcc.o(.text)
    RCC_ClearFlag                            0x08000f45   Thumb Code    14  stm32f10x_rcc.o(.text)
    RCC_GetITStatus                          0x08000f53   Thumb Code    20  stm32f10x_rcc.o(.text)
    RCC_ClearITPendingBit                    0x08000f67   Thumb Code     6  stm32f10x_rcc.o(.text)
    USART_DeInit                             0x08000f91   Thumb Code   134  stm32f10x_usart.o(.text)
    USART_Init                               0x08001017   Thumb Code   210  stm32f10x_usart.o(.text)
    USART_StructInit                         0x080010e9   Thumb Code    24  stm32f10x_usart.o(.text)
    USART_ClockInit                          0x08001101   Thumb Code    34  stm32f10x_usart.o(.text)
    USART_ClockStructInit                    0x08001123   Thumb Code    12  stm32f10x_usart.o(.text)
    USART_Cmd                                0x0800112f   Thumb Code    24  stm32f10x_usart.o(.text)
    USART_ITConfig                           0x08001147   Thumb Code    74  stm32f10x_usart.o(.text)
    USART_DMACmd                             0x08001191   Thumb Code    18  stm32f10x_usart.o(.text)
    USART_SetAddress                         0x080011a3   Thumb Code    18  stm32f10x_usart.o(.text)
    USART_WakeUpConfig                       0x080011b5   Thumb Code    18  stm32f10x_usart.o(.text)
    USART_ReceiverWakeUpCmd                  0x080011c7   Thumb Code    24  stm32f10x_usart.o(.text)
    USART_LINBreakDetectLengthConfig         0x080011df   Thumb Code    18  stm32f10x_usart.o(.text)
    USART_LINCmd                             0x080011f1   Thumb Code    24  stm32f10x_usart.o(.text)
    USART_SendData                           0x08001209   Thumb Code     8  stm32f10x_usart.o(.text)
    USART_ReceiveData                        0x08001211   Thumb Code    10  stm32f10x_usart.o(.text)
    USART_SendBreak                          0x0800121b   Thumb Code    10  stm32f10x_usart.o(.text)
    USART_SetGuardTime                       0x08001225   Thumb Code    16  stm32f10x_usart.o(.text)
    USART_SetPrescaler                       0x08001235   Thumb Code    16  stm32f10x_usart.o(.text)
    USART_SmartCardCmd                       0x08001245   Thumb Code    24  stm32f10x_usart.o(.text)
    USART_SmartCardNACKCmd                   0x0800125d   Thumb Code    24  stm32f10x_usart.o(.text)
    USART_HalfDuplexCmd                      0x08001275   Thumb Code    24  stm32f10x_usart.o(.text)
    USART_OverSampling8Cmd                   0x0800128d   Thumb Code    22  stm32f10x_usart.o(.text)
    USART_OneBitMethodCmd                    0x080012a3   Thumb Code    24  stm32f10x_usart.o(.text)
    USART_IrDAConfig                         0x080012bb   Thumb Code    18  stm32f10x_usart.o(.text)
    USART_IrDACmd                            0x080012cd   Thumb Code    24  stm32f10x_usart.o(.text)
    USART_GetFlagStatus                      0x080012e5   Thumb Code    26  stm32f10x_usart.o(.text)
    USART_ClearFlag                          0x080012ff   Thumb Code    18  stm32f10x_usart.o(.text)
    USART_GetITStatus                        0x08001311   Thumb Code    84  stm32f10x_usart.o(.text)
    USART_ClearITPendingBit                  0x08001365   Thumb Code    52  stm32f10x_usart.o(.text)
    delay_init                               0x08001399   Thumb Code    50  delay.o(.text)
    delay_us                                 0x080013cb   Thumb Code    72  delay.o(.text)
    delay_ms                                 0x08001413   Thumb Code    72  delay.o(.text)
    MY_NVIC_SetVectorTable                   0x0800146d   Thumb Code    12  sys.o(.text)
    MY_NVIC_PriorityGroupConfig              0x08001479   Thumb Code    36  sys.o(.text)
    MY_NVIC_Init                             0x0800149d   Thumb Code   116  sys.o(.text)
    Ex_NVIC_Config                           0x08001511   Thumb Code   146  sys.o(.text)
    MYRCC_DeInit                             0x080015a3   Thumb Code    90  sys.o(.text)
    Sys_Standby                              0x080015fd   Thumb Code    68  sys.o(.text)
    Sys_Soft_Reset                           0x08001641   Thumb Code    12  sys.o(.text)
    JTAG_Set                                 0x0800164d   Thumb Code    42  sys.o(.text)
    Stm32_Clock_Init                         0x08001677   Thumb Code   134  sys.o(.text)
    _sys_exit                                0x08001729   Thumb Code     6  usart.o(.text)
    fputc                                    0x0800172f   Thumb Code    24  usart.o(.text)
    uart_init                                0x08001747   Thumb Code   150  usart.o(.text)
    USART1_IRQHandler                        0x080017dd   Thumb Code   122  usart.o(.text)
    LED_Init                                 0x08001869   Thumb Code    36  led.o(.text)
    Led_Flash                                0x0800188d   Thumb Code    44  led.o(.text)
    KEY_Init                                 0x080018c9   Thumb Code    56  key.o(.text)
    click_N_Double                           0x08001901   Thumb Code   184  key.o(.text)
    click                                    0x080019b9   Thumb Code   162  key.o(.text)
    Long_Press                               0x08001a5b   Thumb Code    72  key.o(.text)
    KEY_Scan                                 0x08001aa3   Thumb Code    64  key.o(.text)
    OLED_WR_Byte                             0x08001b15   Thumb Code    78  oled.o(.text)
    OLED_Refresh_Gram                        0x08001b63   Thumb Code    70  oled.o(.text)
    OLED_Display_On                          0x08001ba9   Thumb Code    28  oled.o(.text)
    OLED_Display_Off                         0x08001bc5   Thumb Code    28  oled.o(.text)
    OLED_Clear                               0x08001be1   Thumb Code    42  oled.o(.text)
    OLED_DrawPoint                           0x08001c0b   Thumb Code   100  oled.o(.text)
    OLED_ShowChar                            0x08001c6f   Thumb Code   234  oled.o(.text)
    oled_pow                                 0x08001d59   Thumb Code    22  oled.o(.text)
    OLED_ShowNumber                          0x08001d6f   Thumb Code   148  oled.o(.text)
    OLED_ShowString                          0x08001e03   Thumb Code    94  oled.o(.text)
    OLED_Init                                0x08001e61   Thumb Code   358  oled.o(.text)
    uart3_init                               0x08001fc9   Thumb Code   158  usart3.o(.text)
    USART3_IRQHandler                        0x08002067   Thumb Code    14  usart3.o(.text)
    MPU_Write_Byte                           0x0800207d   Thumb Code    68  mpu6050.o(.text)
    MPU_Set_LPF                              0x080020c1   Thumb Code    58  mpu6050.o(.text)
    MPU_Set_Rate                             0x080020fb   Thumb Code    58  mpu6050.o(.text)
    MPU_Read_Byte                            0x08002135   Thumb Code    58  mpu6050.o(.text)
    MPU_Set_Accel_Fsr                        0x0800216f   Thumb Code    16  mpu6050.o(.text)
    MPU_Set_Gyro_Fsr                         0x0800217f   Thumb Code    16  mpu6050.o(.text)
    MPU_Init                                 0x0800218f   Thumb Code   174  mpu6050.o(.text)
    MPU_Read_Len                             0x0800223d   Thumb Code   116  mpu6050.o(.text)
    MPU_Get_Temperature                      0x080022b1   Thumb Code    86  mpu6050.o(.text)
    MPU_Get_Gyroscope                        0x08002307   Thumb Code    80  mpu6050.o(.text)
    MPU_Get_Accelerometer                    0x08002357   Thumb Code    80  mpu6050.o(.text)
    MPU_Write_Len                            0x080023a7   Thumb Code    96  mpu6050.o(.text)
    MPU_IIC_Delay                            0x08002421   Thumb Code    10  mpuiic.o(.text)
    MPU_IIC_Init                             0x0800242b   Thumb Code    50  mpuiic.o(.text)
    MPU_IIC_Start                            0x0800245d   Thumb Code    64  mpuiic.o(.text)
    MPU_IIC_Stop                             0x0800249d   Thumb Code    66  mpuiic.o(.text)
    MPU_IIC_Wait_Ack                         0x080024df   Thumb Code    90  mpuiic.o(.text)
    MPU_IIC_Ack                              0x08002539   Thumb Code    70  mpuiic.o(.text)
    MPU_IIC_NAck                             0x0800257f   Thumb Code    70  mpuiic.o(.text)
    MPU_IIC_Send_Byte                        0x080025c5   Thumb Code    86  mpuiic.o(.text)
    MPU_IIC_Read_Byte                        0x0800261b   Thumb Code   100  mpuiic.o(.text)
    mpu_reg_dump                             0x08002717   Thumb Code    84  inv_mpu.o(.text)
    mpu_read_reg                             0x0800276b   Thumb Code    66  inv_mpu.o(.text)
    mpu_set_int_latched                      0x080027ad   Thumb Code   102  inv_mpu.o(.text)
    mpu_set_sensors                          0x08002813   Thumb Code   202  inv_mpu.o(.text)
    mpu_set_bypass                           0x080028dd   Thumb Code   328  inv_mpu.o(.text)
    mpu_reset_fifo                           0x08002a25   Thumb Code   472  inv_mpu.o(.text)
    mpu_configure_fifo                       0x08002bfd   Thumb Code   106  inv_mpu.o(.text)
    mpu_set_lpf                              0x08002c67   Thumb Code   126  inv_mpu.o(.text)
    mpu_lp_accel_mode                        0x08002ce5   Thumb Code   218  inv_mpu.o(.text)
    mpu_set_sample_rate                      0x08002dbf   Thumb Code   152  inv_mpu.o(.text)
    mpu_set_accel_fsr                        0x08002e57   Thumb Code   132  inv_mpu.o(.text)
    mpu_set_gyro_fsr                         0x08002edb   Thumb Code   132  inv_mpu.o(.text)
    mpu_init                                 0x08002f5f   Thumb Code   416  inv_mpu.o(.text)
    mget_ms                                  0x080030ff   Thumb Code     2  inv_mpu.o(.text)
    mpu_get_gyro_reg                         0x08003101   Thumb Code   110  inv_mpu.o(.text)
    mpu_get_accel_reg                        0x0800316f   Thumb Code   110  inv_mpu.o(.text)
    mpu_get_temperature                      0x080031dd   Thumb Code   150  inv_mpu.o(.text)
    mpu_set_accel_bias                       0x08003273   Thumb Code   468  inv_mpu.o(.text)
    mpu_get_gyro_fsr                         0x08003447   Thumb Code    64  inv_mpu.o(.text)
    mpu_get_accel_fsr                        0x08003487   Thumb Code    72  inv_mpu.o(.text)
    mpu_get_lpf                              0x080034cf   Thumb Code    74  inv_mpu.o(.text)
    mpu_get_sample_rate                      0x08003519   Thumb Code    26  inv_mpu.o(.text)
    mpu_get_compass_sample_rate              0x08003533   Thumb Code    10  inv_mpu.o(.text)
    mpu_set_compass_sample_rate              0x0800353d   Thumb Code     8  inv_mpu.o(.text)
    mpu_get_gyro_sens                        0x08003545   Thumb Code    58  inv_mpu.o(.text)
    mpu_get_accel_sens                       0x0800357f   Thumb Code    78  inv_mpu.o(.text)
    mpu_get_fifo_config                      0x080035cd   Thumb Code    12  inv_mpu.o(.text)
    mpu_get_power_state                      0x080035d9   Thumb Code    22  inv_mpu.o(.text)
    mpu_get_int_status                       0x080035ef   Thumb Code    64  inv_mpu.o(.text)
    mpu_read_fifo                            0x0800362f   Thumb Code   520  inv_mpu.o(.text)
    mpu_read_fifo_stream                     0x08003837   Thumb Code   186  inv_mpu.o(.text)
    mpu_set_int_level                        0x080038f1   Thumb Code    12  inv_mpu.o(.text)
    mpu_set_dmp_state                        0x08003fd1   Thumb Code   138  inv_mpu.o(.text)
    mpu_run_self_test                        0x0800405b   Thumb Code   278  inv_mpu.o(.text)
    mpu_write_mem                            0x08004171   Thumb Code   122  inv_mpu.o(.text)
    mpu_read_mem                             0x080041eb   Thumb Code   122  inv_mpu.o(.text)
    mpu_load_firmware                        0x08004265   Thumb Code   190  inv_mpu.o(.text)
    mpu_get_dmp_state                        0x08004323   Thumb Code    14  inv_mpu.o(.text)
    setup_compass                            0x08004331   Thumb Code     6  inv_mpu.o(.text)
    mpu_get_compass_reg                      0x08004337   Thumb Code     8  inv_mpu.o(.text)
    mpu_get_compass_fsr                      0x0800433f   Thumb Code     8  inv_mpu.o(.text)
    mpu_lp_motion_interrupt                  0x08004347   Thumb Code   512  inv_mpu.o(.text)
    run_self_test                            0x08004547   Thumb Code   148  inv_mpu.o(.text)
    inv_row_2_scale                          0x080045db   Thumb Code    78  inv_mpu.o(.text)
    inv_orientation_matrix_to_scalar         0x08004629   Thumb Code    40  inv_mpu.o(.text)
    mpu_dmp_init                             0x08004651   Thumb Code   154  inv_mpu.o(.text)
    mpu_dmp_get_data                         0x080046eb   Thumb Code   554  inv_mpu.o(.text)
    dmp_load_motion_driver_firmware          0x08004919   Thumb Code    20  inv_mpu_dmp_motion_driver.o(.text)
    dmp_set_orientation                      0x0800492d   Thumb Code   290  inv_mpu_dmp_motion_driver.o(.text)
    dmp_set_gyro_bias                        0x08004a4f   Thumb Code   294  inv_mpu_dmp_motion_driver.o(.text)
    dmp_set_accel_bias                       0x08004b75   Thumb Code   300  inv_mpu_dmp_motion_driver.o(.text)
    dmp_set_fifo_rate                        0x08004ca1   Thumb Code   136  inv_mpu_dmp_motion_driver.o(.text)
    dmp_get_fifo_rate                        0x08004d29   Thumb Code    12  inv_mpu_dmp_motion_driver.o(.text)
    dmp_set_tap_thresh                       0x08004d35   Thumb Code   396  inv_mpu_dmp_motion_driver.o(.text)
    dmp_set_tap_axes                         0x08004ec1   Thumb Code    70  inv_mpu_dmp_motion_driver.o(.text)
    dmp_set_tap_count                        0x08004f07   Thumb Code    38  inv_mpu_dmp_motion_driver.o(.text)
    dmp_set_tap_time                         0x08004f2d   Thumb Code    38  inv_mpu_dmp_motion_driver.o(.text)
    dmp_set_tap_time_multi                   0x08004f53   Thumb Code    38  inv_mpu_dmp_motion_driver.o(.text)
    dmp_set_shake_reject_thresh              0x08004f79   Thumb Code    56  inv_mpu_dmp_motion_driver.o(.text)
    dmp_set_shake_reject_time                0x08004fb1   Thumb Code    38  inv_mpu_dmp_motion_driver.o(.text)
    dmp_set_shake_reject_timeout             0x08004fd7   Thumb Code    38  inv_mpu_dmp_motion_driver.o(.text)
    dmp_get_pedometer_step_count             0x08004ffd   Thumb Code    66  inv_mpu_dmp_motion_driver.o(.text)
    dmp_set_pedometer_step_count             0x0800503f   Thumb Code    42  inv_mpu_dmp_motion_driver.o(.text)
    dmp_get_pedometer_walk_time              0x08005069   Thumb Code    72  inv_mpu_dmp_motion_driver.o(.text)
    dmp_set_pedometer_walk_time              0x080050b1   Thumb Code    48  inv_mpu_dmp_motion_driver.o(.text)
    dmp_enable_6x_lp_quat                    0x080050e1   Thumb Code    84  inv_mpu_dmp_motion_driver.o(.text)
    dmp_enable_lp_quat                       0x08005135   Thumb Code    60  inv_mpu_dmp_motion_driver.o(.text)
    dmp_enable_gyro_cal                      0x08005171   Thumb Code    62  inv_mpu_dmp_motion_driver.o(.text)
    dmp_enable_feature                       0x080051af   Thumb Code   530  inv_mpu_dmp_motion_driver.o(.text)
    dmp_get_enabled_features                 0x080053c1   Thumb Code    12  inv_mpu_dmp_motion_driver.o(.text)
    dmp_set_interrupt_mode                   0x0800542b   Thumb Code    66  inv_mpu_dmp_motion_driver.o(.text)
    dmp_read_fifo                            0x0800546d   Thumb Code   514  inv_mpu_dmp_motion_driver.o(.text)
    dmp_register_tap_cb                      0x0800566f   Thumb Code    10  inv_mpu_dmp_motion_driver.o(.text)
    dmp_register_android_orient_cb           0x08005679   Thumb Code    10  inv_mpu_dmp_motion_driver.o(.text)
    __use_no_semihosting                     0x08005689   Thumb Code     2  use_no_semi_2.o(.text)
    __aeabi_ldivmod                          0x0800568b   Thumb Code     0  llsdiv.o(.text)
    _ll_sdiv                                 0x0800568b   Thumb Code    72  llsdiv.o(.text)
    __2printf                                0x080056d5   Thumb Code    20  noretval__2printf.o(.text)
    _printf_pre_padding                      0x080056ed   Thumb Code    44  _printf_pad.o(.text)
    _printf_post_padding                     0x08005719   Thumb Code    34  _printf_pad.o(.text)
    _printf_int_dec                          0x0800573d   Thumb Code   104  _printf_dec.o(.text)
    _printf_int_hex                          0x080057b5   Thumb Code    84  _printf_hex_int.o(.text)
    _printf_longlong_hex                     0x080057b5   Thumb Code     0  _printf_hex_int.o(.text)
    __printf                                 0x0800580d   Thumb Code   308  __printf_flags_wp.o(.text)
    memcmp                                   0x08005945   Thumb Code    88  memcmp.o(.text)
    __aeabi_memset                           0x0800599d   Thumb Code    16  aeabi_memset.o(.text)
    __use_two_region_memory                  0x080059ad   Thumb Code     2  heapauxi.o(.text)
    __rt_heap_escrow$2region                 0x080059af   Thumb Code     2  heapauxi.o(.text)
    __rt_heap_expand$2region                 0x080059b1   Thumb Code     2  heapauxi.o(.text)
    __I$use$semihosting                      0x080059b3   Thumb Code     0  use_no_semi.o(.text)
    __use_no_semihosting_swi                 0x080059b3   Thumb Code     2  use_no_semi.o(.text)
    __aeabi_uldivmod                         0x080059b5   Thumb Code     0  lludivv7m.o(.text)
    _ll_udiv                                 0x080059b5   Thumb Code   238  lludivv7m.o(.text)
    __read_errno                             0x08005aa3   Thumb Code    10  _rserrno.o(.text)
    __set_errno                              0x08005aad   Thumb Code    12  _rserrno.o(.text)
    _printf_int_common                       0x08005ab9   Thumb Code   178  _printf_intcommon.o(.text)
    _printf_char_file                        0x08005b6d   Thumb Code    32  _printf_char_file.o(.text)
    __aeabi_memclr                           0x08005b91   Thumb Code     0  rt_memclr.o(.text)
    __rt_memclr                              0x08005b91   Thumb Code    68  rt_memclr.o(.text)
    _memset                                  0x08005b95   Thumb Code     0  rt_memclr.o(.text)
    __aeabi_errno_addr                       0x08005bd5   Thumb Code     8  rt_errno_addr_intlibspace.o(.text)
    __errno$intlibspace                      0x08005bd5   Thumb Code     0  rt_errno_addr_intlibspace.o(.text)
    __rt_errno_addr$intlibspace              0x08005bd5   Thumb Code     0  rt_errno_addr_intlibspace.o(.text)
    _printf_char_common                      0x08005be7   Thumb Code    32  _printf_char_common.o(.text)
    ferror                                   0x08005c0d   Thumb Code     8  ferror.o(.text)
    __aeabi_memclr4                          0x08005c15   Thumb Code     0  rt_memclr_w.o(.text)
    __aeabi_memclr8                          0x08005c15   Thumb Code     0  rt_memclr_w.o(.text)
    __rt_memclr_w                            0x08005c15   Thumb Code    78  rt_memclr_w.o(.text)
    _memset_w                                0x08005c19   Thumb Code     0  rt_memclr_w.o(.text)
    __user_libspace                          0x08005c65   Thumb Code     8  libspace.o(.text)
    __user_perproc_libspace                  0x08005c65   Thumb Code     0  libspace.o(.text)
    __user_perthread_libspace                0x08005c65   Thumb Code     0  libspace.o(.text)
    __user_setup_stackheap                   0x08005c6d   Thumb Code    74  sys_stackheap_outer.o(.text)
    exit                                     0x08005cb7   Thumb Code    12  exit.o(.text)
    __ARM_fpclassify                         0x08005cc3   Thumb Code    40  fpclassify.o(i.__ARM_fpclassify)
    __kernel_poly                            0x08005ceb   Thumb Code   170  poly.o(i.__kernel_poly)
    __mathlib_dbl_infnan                     0x08005d95   Thumb Code     6  dunder.o(i.__mathlib_dbl_infnan)
    __mathlib_dbl_infnan2                    0x08005d9b   Thumb Code     4  dunder.o(i.__mathlib_dbl_infnan2)
    __mathlib_dbl_invalid                    0x08005d9f   Thumb Code    12  dunder.o(i.__mathlib_dbl_invalid)
    __mathlib_dbl_underflow                  0x08005dad   Thumb Code    10  dunder.o(i.__mathlib_dbl_underflow)
    _is_digit                                0x08005dbd   Thumb Code    14  __printf_wp.o(i._is_digit)
    asin                                     0x08005dcd   Thumb Code   572  asin.o(i.asin)
    atan                                     0x0800603d   Thumb Code   474  atan.o(i.atan)
    atan2                                    0x0800625d   Thumb Code   346  atan2.o(i.atan2)
    sqrt                                     0x080063dd   Thumb Code    76  sqrt.o(i.sqrt)
    __aeabi_d2f                              0x08006429   Thumb Code     0  d2f.o(x$fpl$d2f)
    _d2f                                     0x08006429   Thumb Code    98  d2f.o(x$fpl$d2f)
    __aeabi_dadd                             0x0800648d   Thumb Code     0  daddsub_clz.o(x$fpl$dadd)
    _dadd                                    0x0800648d   Thumb Code   332  daddsub_clz.o(x$fpl$dadd)
    __fpl_dcheck_NaN1                        0x080065dd   Thumb Code    10  dcheck1.o(x$fpl$dcheck1)
    __aeabi_ddiv                             0x080065ed   Thumb Code     0  ddiv.o(x$fpl$ddiv)
    _ddiv                                    0x080065ed   Thumb Code   552  ddiv.o(x$fpl$ddiv)
    __aeabi_i2d                              0x0800689d   Thumb Code     0  dflt_clz.o(x$fpl$dflt)
    _dflt                                    0x0800689d   Thumb Code    46  dflt_clz.o(x$fpl$dflt)
    __aeabi_dmul                             0x080068cd   Thumb Code     0  dmul.o(x$fpl$dmul)
    _dmul                                    0x080068cd   Thumb Code   332  dmul.o(x$fpl$dmul)
    __fpl_dnaninf                            0x08006a21   Thumb Code   156  dnaninf.o(x$fpl$dnaninf)
    __fpl_dretinf                            0x08006abd   Thumb Code    12  dretinf.o(x$fpl$dretinf)
    __aeabi_drsub                            0x08006ac9   Thumb Code     0  daddsub_clz.o(x$fpl$drsb)
    _drsb                                    0x08006ac9   Thumb Code    22  daddsub_clz.o(x$fpl$drsb)
    _dsqrt                                   0x08006ae1   Thumb Code   456  dsqrt_noumaal.o(x$fpl$dsqrt)
    __aeabi_dsub                             0x08006cad   Thumb Code     0  daddsub_clz.o(x$fpl$dsub)
    _dsub                                    0x08006cad   Thumb Code   464  daddsub_clz.o(x$fpl$dsub)
    __aeabi_f2d                              0x08006e81   Thumb Code     0  f2d.o(x$fpl$f2d)
    _f2d                                     0x08006e81   Thumb Code    86  f2d.o(x$fpl$f2d)
    __aeabi_fadd                             0x08006ed9   Thumb Code     0  faddsub_clz.o(x$fpl$fadd)
    _fadd                                    0x08006ed9   Thumb Code   196  faddsub_clz.o(x$fpl$fadd)
    __fpl_fcmp_Inf                           0x08006f9d   Thumb Code    24  fcmpi.o(x$fpl$fcmpinf)
    __aeabi_fdiv                             0x08006fb5   Thumb Code     0  fdiv.o(x$fpl$fdiv)
    _fdiv                                    0x08006fb5   Thumb Code   384  fdiv.o(x$fpl$fdiv)
    __aeabi_cfcmpeq                          0x08007139   Thumb Code     0  feqf.o(x$fpl$feqf)
    _fcmpeq                                  0x08007139   Thumb Code   104  feqf.o(x$fpl$feqf)
    __aeabi_f2iz                             0x080071a1   Thumb Code     0  ffix.o(x$fpl$ffix)
    _ffix                                    0x080071a1   Thumb Code    54  ffix.o(x$fpl$ffix)
    __aeabi_f2uiz                            0x080071d9   Thumb Code     0  ffixu.o(x$fpl$ffixu)
    _ffixu                                   0x080071d9   Thumb Code    62  ffixu.o(x$fpl$ffixu)
    __aeabi_i2f                              0x08007219   Thumb Code     0  fflt_clz.o(x$fpl$fflt)
    _fflt                                    0x08007219   Thumb Code    48  fflt_clz.o(x$fpl$fflt)
    __aeabi_ui2f                             0x08007249   Thumb Code     0  fflt_clz.o(x$fpl$ffltu)
    _ffltu                                   0x08007249   Thumb Code    38  fflt_clz.o(x$fpl$ffltu)
    __aeabi_cfcmple                          0x08007271   Thumb Code     0  fleqf.o(x$fpl$fleqf)
    _fcmple                                  0x08007271   Thumb Code   104  fleqf.o(x$fpl$fleqf)
    __fpl_fcmple_InfNaN                      0x080072c3   Thumb Code     0  fleqf.o(x$fpl$fleqf)
    __aeabi_fmul                             0x080072d9   Thumb Code     0  fmul.o(x$fpl$fmul)
    _fmul                                    0x080072d9   Thumb Code   258  fmul.o(x$fpl$fmul)
    __fpl_fnaninf                            0x080073db   Thumb Code   140  fnaninf.o(x$fpl$fnaninf)
    __fpl_fretinf                            0x08007467   Thumb Code    10  fretinf.o(x$fpl$fretinf)
    __aeabi_cfrcmple                         0x08007471   Thumb Code     0  frleqf.o(x$fpl$frleqf)
    _frcmple                                 0x08007471   Thumb Code    98  frleqf.o(x$fpl$frleqf)
    __aeabi_fsub                             0x080074d5   Thumb Code     0  faddsub_clz.o(x$fpl$fsub)
    _fsub                                    0x080074d5   Thumb Code   234  faddsub_clz.o(x$fpl$fsub)
    __fpl_return_NaN                         0x080075bf   Thumb Code   100  retnan.o(x$fpl$retnan)
    __ARM_scalbn                             0x08007623   Thumb Code    92  scalbn.o(x$fpl$scalbn)
    __fpl_cmpreturn                          0x0800767f   Thumb Code    48  trapv.o(x$fpl$trapveneer)
    __I$use$fp                               0x080076ae   Number         0  usenofp.o(x$fpl$usenofp)
    asc2_1206                                0x080076ae   Data        1140  oled.o(.constdata)
    asc2_1608                                0x08007b22   Data        1520  oled.o(.constdata)
    reg                                      0x08008114   Data          27  inv_mpu.o(.constdata)
    hw                                       0x08008130   Data          12  inv_mpu.o(.constdata)
    test                                     0x0800813c   Data          40  inv_mpu.o(.constdata)
    __mathlib_zero                           0x08008e80   Data           8  qnan.o(.constdata)
    Region$$Table$$Base                      0x08008ed8   Number         0  anon$$obj.o(Region$$Table)
    Region$$Table$$Limit                     0x08008ef8   Number         0  anon$$obj.o(Region$$Table)
    SystemCoreClock                          0x20000000   Data           4  system_stm32f10x.o(.data)
    AHBPrescTable                            0x20000004   Data          16  system_stm32f10x.o(.data)
    pitch                                    0x20000014   Data           4  minibalance.o(.data)
    roll                                     0x20000018   Data           4  minibalance.o(.data)
    yaw                                      0x2000001c   Data           4  minibalance.o(.data)
    __stdout                                 0x20000038   Data           4  usart.o(.data)
    USART_RX_STA                             0x2000003c   Data           2  usart.o(.data)
    USART_RX_BUF                             0x2000008c   Data         200  usart.o(.bss)
    OLED_GRAM                                0x20000154   Data        1024  oled.o(.bss)
    __libspace_start                         0x20000564   Data          96  libspace.o(.bss)
    __temporary_stack_top$libspace           0x200005c4   Data           0  libspace.o(.bss)



==============================================================================

Memory Map of the image

  Image Entry point : 0x080000ed

  Load Region LR_IROM1 (Base: 0x08000000, Size: 0x00008f84, Max: 0x00010000, ABSOLUTE)

    Execution Region ER_IROM1 (Base: 0x08000000, Size: 0x00008ef8, Max: 0x00010000, ABSOLUTE)

    Base Addr    Size         Type   Attr      Idx    E Section Name        Object

    0x08000000   0x000000ec   Data   RO          203    RESET               startup_stm32f10x_md.o
    0x080000ec   0x00000008   Code   RO          787  * !!!main             c_w.l(__main.o)
    0x080000f4   0x00000034   Code   RO         1111    !!!scatter          c_w.l(__scatter.o)
    0x08000128   0x0000001a   Code   RO         1113    !!handler_copy      c_w.l(__scatter_copy.o)
    0x08000142   0x00000002   PAD
    0x08000144   0x0000001c   Code   RO         1115    !!handler_zi        c_w.l(__scatter_zi.o)
    0x08000160   0x00000000   Code   RO          780    .ARM.Collect$$_printf_percent$$00000000  c_w.l(_printf_percent.o)
    0x08000160   0x00000006   Code   RO          779    .ARM.Collect$$_printf_percent$$00000009  c_w.l(_printf_d.o)
    0x08000166   0x00000006   Code   RO          778    .ARM.Collect$$_printf_percent$$0000000C  c_w.l(_printf_x.o)
    0x0800016c   0x00000004   Code   RO          872    .ARM.Collect$$_printf_percent$$00000017  c_w.l(_printf_percent_end.o)
    0x08000170   0x00000002   Code   RO          979    .ARM.Collect$$libinit$$00000000  c_w.l(libinit.o)
    0x08000172   0x00000000   Code   RO          991    .ARM.Collect$$libinit$$00000002  c_w.l(libinit2.o)
    0x08000172   0x00000000   Code   RO          993    .ARM.Collect$$libinit$$00000004  c_w.l(libinit2.o)
    0x08000172   0x00000000   Code   RO          996    .ARM.Collect$$libinit$$0000000A  c_w.l(libinit2.o)
    0x08000172   0x00000000   Code   RO          998    .ARM.Collect$$libinit$$0000000C  c_w.l(libinit2.o)
    0x08000172   0x00000000   Code   RO         1000    .ARM.Collect$$libinit$$0000000E  c_w.l(libinit2.o)
    0x08000172   0x00000000   Code   RO         1003    .ARM.Collect$$libinit$$00000011  c_w.l(libinit2.o)
    0x08000172   0x00000000   Code   RO         1005    .ARM.Collect$$libinit$$00000013  c_w.l(libinit2.o)
    0x08000172   0x00000000   Code   RO         1007    .ARM.Collect$$libinit$$00000015  c_w.l(libinit2.o)
    0x08000172   0x00000000   Code   RO         1009    .ARM.Collect$$libinit$$00000017  c_w.l(libinit2.o)
    0x08000172   0x00000000   Code   RO         1011    .ARM.Collect$$libinit$$00000019  c_w.l(libinit2.o)
    0x08000172   0x00000000   Code   RO         1013    .ARM.Collect$$libinit$$0000001B  c_w.l(libinit2.o)
    0x08000172   0x00000000   Code   RO         1015    .ARM.Collect$$libinit$$0000001D  c_w.l(libinit2.o)
    0x08000172   0x00000000   Code   RO         1017    .ARM.Collect$$libinit$$0000001F  c_w.l(libinit2.o)
    0x08000172   0x00000000   Code   RO         1019    .ARM.Collect$$libinit$$00000021  c_w.l(libinit2.o)
    0x08000172   0x00000000   Code   RO         1021    .ARM.Collect$$libinit$$00000023  c_w.l(libinit2.o)
    0x08000172   0x00000000   Code   RO         1023    .ARM.Collect$$libinit$$00000025  c_w.l(libinit2.o)
    0x08000172   0x00000000   Code   RO         1027    .ARM.Collect$$libinit$$0000002C  c_w.l(libinit2.o)
    0x08000172   0x00000000   Code   RO         1029    .ARM.Collect$$libinit$$0000002E  c_w.l(libinit2.o)
    0x08000172   0x00000000   Code   RO         1031    .ARM.Collect$$libinit$$00000030  c_w.l(libinit2.o)
    0x08000172   0x00000000   Code   RO         1033    .ARM.Collect$$libinit$$00000032  c_w.l(libinit2.o)
    0x08000172   0x00000002   Code   RO         1034    .ARM.Collect$$libinit$$00000033  c_w.l(libinit2.o)
    0x08000174   0x00000002   Code   RO         1064    .ARM.Collect$$libshutdown$$00000000  c_w.l(libshutdown.o)
    0x08000176   0x00000000   Code   RO         1079    .ARM.Collect$$libshutdown$$00000003  c_w.l(libshutdown2.o)
    0x08000176   0x00000000   Code   RO         1082    .ARM.Collect$$libshutdown$$00000006  c_w.l(libshutdown2.o)
    0x08000176   0x00000000   Code   RO         1085    .ARM.Collect$$libshutdown$$00000009  c_w.l(libshutdown2.o)
    0x08000176   0x00000000   Code   RO         1087    .ARM.Collect$$libshutdown$$0000000B  c_w.l(libshutdown2.o)
    0x08000176   0x00000000   Code   RO         1090    .ARM.Collect$$libshutdown$$0000000E  c_w.l(libshutdown2.o)
    0x08000176   0x00000002   Code   RO         1091    .ARM.Collect$$libshutdown$$0000000F  c_w.l(libshutdown2.o)
    0x08000178   0x00000000   Code   RO          863    .ARM.Collect$$rtentry$$00000000  c_w.l(__rtentry.o)
    0x08000178   0x00000000   Code   RO          926    .ARM.Collect$$rtentry$$00000002  c_w.l(__rtentry2.o)
    0x08000178   0x00000006   Code   RO          938    .ARM.Collect$$rtentry$$00000004  c_w.l(__rtentry4.o)
    0x0800017e   0x00000000   Code   RO          928    .ARM.Collect$$rtentry$$00000009  c_w.l(__rtentry2.o)
    0x0800017e   0x00000004   Code   RO          929    .ARM.Collect$$rtentry$$0000000A  c_w.l(__rtentry2.o)
    0x08000182   0x00000000   Code   RO          931    .ARM.Collect$$rtentry$$0000000C  c_w.l(__rtentry2.o)
    0x08000182   0x00000008   Code   RO          932    .ARM.Collect$$rtentry$$0000000D  c_w.l(__rtentry2.o)
    0x0800018a   0x00000002   Code   RO          984    .ARM.Collect$$rtexit$$00000000  c_w.l(rtexit.o)
    0x0800018c   0x00000000   Code   RO         1038    .ARM.Collect$$rtexit$$00000002  c_w.l(rtexit2.o)
    0x0800018c   0x00000004   Code   RO         1039    .ARM.Collect$$rtexit$$00000003  c_w.l(rtexit2.o)
    0x08000190   0x00000006   Code   RO         1040    .ARM.Collect$$rtexit$$00000004  c_w.l(rtexit2.o)
    0x08000196   0x00000002   PAD
    0x08000198   0x0000000c   Code   RO          538    .emb_text           sys.o
    0x080001a4   0x0000001a   Code   RO            1    .text               stm32f10x_it.o
    0x080001be   0x00000002   PAD
    0x080001c0   0x000001e0   Code   RO          104    .text               system_stm32f10x.o
    0x080003a0   0x00000244   Code   RO          122    .text               minibalance.o
    0x080005e4   0x00000040   Code   RO          204    .text               startup_stm32f10x_md.o
    0x08000624   0x000000dc   Code   RO          208    .text               misc.o
    0x08000700   0x000000c4   Code   RO          258    .text               stm32f10x_bkp.o
    0x080007c4   0x0000035c   Code   RO          378    .text               stm32f10x_gpio.o
    0x08000b20   0x000000cc   Code   RO          414    .text               stm32f10x_pwr.o
    0x08000bec   0x000003a4   Code   RO          426    .text               stm32f10x_rcc.o
    0x08000f90   0x00000408   Code   RO          488    .text               stm32f10x_usart.o
    0x08001398   0x000000d4   Code   RO          512    .text               delay.o
    0x0800146c   0x000002bc   Code   RO          539    .text               sys.o
    0x08001728   0x00000140   Code   RO          554    .text               usart.o
    0x08001868   0x00000060   Code   RO          577    .text               led.o
    0x080018c8   0x0000024c   Code   RO          590    .text               key.o
    0x08001b14   0x000004b2   Code   RO          603    .text               oled.o
    0x08001fc6   0x00000002   PAD
    0x08001fc8   0x000000b4   Code   RO          634    .text               usart3.o
    0x0800207c   0x000003a4   Code   RO          652    .text               mpu6050.o
    0x08002420   0x0000026c   Code   RO          664    .text               mpuiic.o
    0x0800268c   0x0000228c   Code   RO          676    .text               inv_mpu.o
    0x08004918   0x00000d70   Code   RO          700    .text               inv_mpu_dmp_motion_driver.o
    0x08005688   0x00000002   Code   RO          723    .text               c_w.l(use_no_semi_2.o)
    0x0800568a   0x00000048   Code   RO          725    .text               c_w.l(llsdiv.o)
    0x080056d2   0x00000002   PAD
    0x080056d4   0x00000018   Code   RO          729    .text               c_w.l(noretval__2printf.o)
    0x080056ec   0x0000004e   Code   RO          733    .text               c_w.l(_printf_pad.o)
    0x0800573a   0x00000002   PAD
    0x0800573c   0x00000078   Code   RO          735    .text               c_w.l(_printf_dec.o)
    0x080057b4   0x00000058   Code   RO          740    .text               c_w.l(_printf_hex_int.o)
    0x0800580c   0x00000138   Code   RO          770    .text               c_w.l(__printf_flags_wp.o)
    0x08005944   0x00000058   Code   RO          781    .text               c_w.l(memcmp.o)
    0x0800599c   0x00000010   Code   RO          783    .text               c_w.l(aeabi_memset.o)
    0x080059ac   0x00000006   Code   RO          785    .text               c_w.l(heapauxi.o)
    0x080059b2   0x00000002   Code   RO          861    .text               c_w.l(use_no_semi.o)
    0x080059b4   0x000000ee   Code   RO          864    .text               c_w.l(lludivv7m.o)
    0x08005aa2   0x00000016   Code   RO          866    .text               c_w.l(_rserrno.o)
    0x08005ab8   0x000000b2   Code   RO          868    .text               c_w.l(_printf_intcommon.o)
    0x08005b6a   0x00000002   PAD
    0x08005b6c   0x00000024   Code   RO          870    .text               c_w.l(_printf_char_file.o)
    0x08005b90   0x00000044   Code   RO          873    .text               c_w.l(rt_memclr.o)
    0x08005bd4   0x00000008   Code   RO          947    .text               c_w.l(rt_errno_addr_intlibspace.o)
    0x08005bdc   0x00000030   Code   RO          949    .text               c_w.l(_printf_char_common.o)
    0x08005c0c   0x00000008   Code   RO          951    .text               c_w.l(ferror.o)
    0x08005c14   0x0000004e   Code   RO          955    .text               c_w.l(rt_memclr_w.o)
    0x08005c62   0x00000002   PAD
    0x08005c64   0x00000008   Code   RO          963    .text               c_w.l(libspace.o)
    0x08005c6c   0x0000004a   Code   RO          966    .text               c_w.l(sys_stackheap_outer.o)
    0x08005cb6   0x0000000c   Code   RO          972    .text               c_w.l(exit.o)
    0x08005cc2   0x00000028   Code   RO          912    i.__ARM_fpclassify  m_ws.l(fpclassify.o)
    0x08005cea   0x000000aa   Code   RO          914    i.__kernel_poly     m_ws.l(poly.o)
    0x08005d94   0x00000006   Code   RO          899    i.__mathlib_dbl_infnan  m_ws.l(dunder.o)
    0x08005d9a   0x00000004   Code   RO          900    i.__mathlib_dbl_infnan2  m_ws.l(dunder.o)
    0x08005d9e   0x0000000c   Code   RO          901    i.__mathlib_dbl_invalid  m_ws.l(dunder.o)
    0x08005daa   0x00000002   PAD
    0x08005dac   0x00000010   Code   RO          904    i.__mathlib_dbl_underflow  m_ws.l(dunder.o)
    0x08005dbc   0x0000000e   Code   RO          768    i._is_digit         c_w.l(__printf_wp.o)
    0x08005dca   0x00000002   PAD
    0x08005dcc   0x00000270   Code   RO          844    i.asin              m_ws.l(asin.o)
    0x0800603c   0x00000220   Code   RO          889    i.atan              m_ws.l(atan.o)
    0x0800625c   0x00000180   Code   RO          854    i.atan2             m_ws.l(atan2.o)
    0x080063dc   0x0000004c   Code   RO          918    i.sqrt              m_ws.l(sqrt.o)
    0x08006428   0x00000062   Code   RO          789    x$fpl$d2f           fz_ws.l(d2f.o)
    0x0800648a   0x00000002   PAD
    0x0800648c   0x00000150   Code   RO          791    x$fpl$dadd          fz_ws.l(daddsub_clz.o)
    0x080065dc   0x00000010   Code   RO          957    x$fpl$dcheck1       fz_ws.l(dcheck1.o)
    0x080065ec   0x000002b0   Code   RO          798    x$fpl$ddiv          fz_ws.l(ddiv.o)
    0x0800689c   0x0000002e   Code   RO          802    x$fpl$dflt          fz_ws.l(dflt_clz.o)
    0x080068ca   0x00000002   PAD
    0x080068cc   0x00000154   Code   RO          807    x$fpl$dmul          fz_ws.l(dmul.o)
    0x08006a20   0x0000009c   Code   RO          875    x$fpl$dnaninf       fz_ws.l(dnaninf.o)
    0x08006abc   0x0000000c   Code   RO          877    x$fpl$dretinf       fz_ws.l(dretinf.o)
    0x08006ac8   0x00000016   Code   RO          792    x$fpl$drsb          fz_ws.l(daddsub_clz.o)
    0x08006ade   0x00000002   PAD
    0x08006ae0   0x000001cc   Code   RO          961    x$fpl$dsqrt         fz_ws.l(dsqrt_noumaal.o)
    0x08006cac   0x000001d4   Code   RO          793    x$fpl$dsub          fz_ws.l(daddsub_clz.o)
    0x08006e80   0x00000056   Code   RO          809    x$fpl$f2d           fz_ws.l(f2d.o)
    0x08006ed6   0x00000002   PAD
    0x08006ed8   0x000000c4   Code   RO          811    x$fpl$fadd          fz_ws.l(faddsub_clz.o)
    0x08006f9c   0x00000018   Code   RO          879    x$fpl$fcmpinf       fz_ws.l(fcmpi.o)
    0x08006fb4   0x00000184   Code   RO          818    x$fpl$fdiv          fz_ws.l(fdiv.o)
    0x08007138   0x00000068   Code   RO          821    x$fpl$feqf          fz_ws.l(feqf.o)
    0x080071a0   0x00000036   Code   RO          823    x$fpl$ffix          fz_ws.l(ffix.o)
    0x080071d6   0x00000002   PAD
    0x080071d8   0x0000003e   Code   RO          827    x$fpl$ffixu         fz_ws.l(ffixu.o)
    0x08007216   0x00000002   PAD
    0x08007218   0x00000030   Code   RO          832    x$fpl$fflt          fz_ws.l(fflt_clz.o)
    0x08007248   0x00000026   Code   RO          831    x$fpl$ffltu         fz_ws.l(fflt_clz.o)
    0x0800726e   0x00000002   PAD
    0x08007270   0x00000068   Code   RO          837    x$fpl$fleqf         fz_ws.l(fleqf.o)
    0x080072d8   0x00000102   Code   RO          839    x$fpl$fmul          fz_ws.l(fmul.o)
    0x080073da   0x0000008c   Code   RO          881    x$fpl$fnaninf       fz_ws.l(fnaninf.o)
    0x08007466   0x0000000a   Code   RO          883    x$fpl$fretinf       fz_ws.l(fretinf.o)
    0x08007470   0x00000062   Code   RO          841    x$fpl$frleqf        fz_ws.l(frleqf.o)
    0x080074d2   0x00000002   PAD
    0x080074d4   0x000000ea   Code   RO          813    x$fpl$fsub          fz_ws.l(faddsub_clz.o)
    0x080075be   0x00000064   Code   RO          982    x$fpl$retnan        fz_ws.l(retnan.o)
    0x08007622   0x0000005c   Code   RO          885    x$fpl$scalbn        fz_ws.l(scalbn.o)
    0x0800767e   0x00000030   Code   RO         1035    x$fpl$trapveneer    fz_ws.l(trapv.o)
    0x080076ae   0x00000000   Code   RO          887    x$fpl$usenofp       fz_ws.l(usenofp.o)
    0x080076ae   0x00000a64   Data   RO          605    .constdata          oled.o
    0x08008112   0x00000002   PAD
    0x08008114   0x00000050   Data   RO          677    .constdata          inv_mpu.o
    0x08008164   0x00000bf6   Data   RO          702    .constdata          inv_mpu_dmp_motion_driver.o
    0x08008d5a   0x00000028   Data   RO          741    .constdata          c_w.l(_printf_hex_int.o)
    0x08008d82   0x00000011   Data   RO          771    .constdata          c_w.l(__printf_flags_wp.o)
    0x08008d93   0x00000005   PAD
    0x08008d98   0x00000050   Data   RO          845    .constdata          m_ws.l(asin.o)
    0x08008de8   0x00000098   Data   RO          890    .constdata          m_ws.l(atan.o)
    0x08008e80   0x00000008   Data   RO          916    .constdata          m_ws.l(qnan.o)
    0x08008e88   0x0000004d   Data   RO          678    .conststring        inv_mpu.o
    0x08008ed5   0x00000003   PAD
    0x08008ed8   0x00000020   Data   RO         1109    Region$$Table       anon$$obj.o


    Execution Region RW_IRAM1 (Base: 0x20000000, Size: 0x00000bc8, Max: 0x00005000, ABSOLUTE)

    Base Addr    Size         Type   Attr      Idx    E Section Name        Object

    0x20000000   0x00000014   Data   RW          105    .data               system_stm32f10x.o
    0x20000014   0x0000000c   Data   RW          123    .data               minibalance.o
    0x20000020   0x00000014   Data   RW          427    .data               stm32f10x_rcc.o
    0x20000034   0x00000004   Data   RW          513    .data               delay.o
    0x20000038   0x00000006   Data   RW          556    .data               usart.o
    0x2000003e   0x00000002   PAD
    0x20000040   0x00000004   Data   RW          578    .data               led.o
    0x20000044   0x0000000f   Data   RW          591    .data               key.o
    0x20000053   0x00000001   PAD
    0x20000054   0x00000035   Data   RW          679    .data               inv_mpu.o
    0x20000089   0x00000003   PAD
    0x2000008c   0x000000c8   Zero   RW          555    .bss                usart.o
    0x20000154   0x00000400   Zero   RW          604    .bss                oled.o
    0x20000554   0x00000010   Zero   RW          701    .bss                inv_mpu_dmp_motion_driver.o
    0x20000564   0x00000060   Zero   RW          964    .bss                c_w.l(libspace.o)
    0x200005c4   0x00000004   PAD
    0x200005c8   0x00000200   Zero   RW          202    HEAP                startup_stm32f10x_md.o
    0x200007c8   0x00000400   Zero   RW          201    STACK               startup_stm32f10x_md.o


==============================================================================

Image component sizes


      Code (inc. data)   RO Data    RW Data    ZI Data      Debug   Object Name

         0          0          0          0          0         32   core_cm3.o
       212         18          0          4          0        975   delay.o
      8844        196        157         53          0      23249   inv_mpu.o
      3440        126       3062          0         16      15087   inv_mpu_dmp_motion_driver.o
       588         50          0         15          0       1828   key.o
        96         16          0          4          0        705   led.o
       580         68          0         12          0        888   minibalance.o
       220         22          0          0          0     205093   misc.o
       932         26          0          0          0       4235   mpu6050.o
       620         14          0          0          0       2042   mpuiic.o
      1202         32       2660          0       1024       4609   oled.o
        64         26        236          0       1536        804   startup_stm32f10x_md.o
       196          8          0          0          0       3416   stm32f10x_bkp.o
       860         38          0          0          0       5597   stm32f10x_gpio.o
        26          0          0          0          0      28750   stm32f10x_it.o
       204         14          0          0          0       1895   stm32f10x_pwr.o
       932         36          0         20          0       8744   stm32f10x_rcc.o
      1032         22          0          0          0       8324   stm32f10x_usart.o
       712         44          0          0          0       2711   sys.o
       480         38          0         20          0       1671   system_stm32f10x.o
       320         18          0          6        200       3074   usart.o
       180          8          0          0          0        831   usart3.o

    ----------------------------------------------------------------------
     21744        820       6152        140       2776     324560   Object Totals
         0          0         32          0          0          0   (incl. Generated)
         4          0          5          6          0          0   (incl. Padding)

    ----------------------------------------------------------------------

      Code (inc. data)   RO Data    RW Data    ZI Data      Debug   Library Member Name

         8          0          0          0          0         68   __main.o
       312          4         17          0          0         92   __printf_flags_wp.o
        14          0          0          0          0         68   __printf_wp.o
         0          0          0          0          0          0   __rtentry.o
        12          0          0          0          0          0   __rtentry2.o
         6          0          0          0          0          0   __rtentry4.o
        52          8          0          0          0          0   __scatter.o
        26          0          0          0          0          0   __scatter_copy.o
        28          0          0          0          0          0   __scatter_zi.o
        48          6          0          0          0         96   _printf_char_common.o
        36          4          0          0          0         80   _printf_char_file.o
         6          0          0          0          0          0   _printf_d.o
       120         16          0          0          0         92   _printf_dec.o
        88          4         40          0          0         88   _printf_hex_int.o
       178          0          0          0          0         88   _printf_intcommon.o
        78          0          0          0          0        108   _printf_pad.o
         0          0          0          0          0          0   _printf_percent.o
         4          0          0          0          0          0   _printf_percent_end.o
         6          0          0          0          0          0   _printf_x.o
        22          0          0          0          0        100   _rserrno.o
        16          0          0          0          0         68   aeabi_memset.o
        12          0          0          0          0         72   exit.o
         8          0          0          0          0         68   ferror.o
         6          0          0          0          0        152   heapauxi.o
         2          0          0          0          0          0   libinit.o
         2          0          0          0          0          0   libinit2.o
         2          0          0          0          0          0   libshutdown.o
         2          0          0          0          0          0   libshutdown2.o
         8          4          0          0         96         68   libspace.o
        72          0          0          0          0         76   llsdiv.o
       238          0          0          0          0        100   lludivv7m.o
        88          0          0          0          0         76   memcmp.o
        24          4          0          0          0         84   noretval__2printf.o
         8          4          0          0          0         68   rt_errno_addr_intlibspace.o
        68          0          0          0          0         68   rt_memclr.o
        78          0          0          0          0         80   rt_memclr_w.o
         2          0          0          0          0          0   rtexit.o
        10          0          0          0          0          0   rtexit2.o
        74          0          0          0          0         80   sys_stackheap_outer.o
         2          0          0          0          0         68   use_no_semi.o
         2          0          0          0          0         68   use_no_semi_2.o
        98          4          0          0          0         92   d2f.o
       826         16          0          0          0        348   daddsub_clz.o
        16          4          0          0          0         68   dcheck1.o
       688        140          0          0          0        208   ddiv.o
        46          0          0          0          0         68   dflt_clz.o
       340         12          0          0          0        104   dmul.o
       156          4          0          0          0         92   dnaninf.o
        12          0          0          0          0         68   dretinf.o
       460         56          0          0          0        120   dsqrt_noumaal.o
        86          4          0          0          0         84   f2d.o
       430          8          0          0          0        168   faddsub_clz.o
        24          0          0          0          0         68   fcmpi.o
       388         76          0          0          0         96   fdiv.o
       104          4          0          0          0         84   feqf.o
        54          4          0          0          0         84   ffix.o
        62          4          0          0          0         84   ffixu.o
        86          0          0          0          0        136   fflt_clz.o
       104          4          0          0          0         84   fleqf.o
       258          4          0          0          0         84   fmul.o
       140          4          0          0          0         84   fnaninf.o
        10          0          0          0          0         68   fretinf.o
        98          0          0          0          0         68   frleqf.o
       100          0          0          0          0         68   retnan.o
        92          0          0          0          0         68   scalbn.o
        48          0          0          0          0         68   trapv.o
         0          0          0          0          0          0   usenofp.o
       624         52         80          0          0        168   asin.o
       544         70        152          0          0        124   atan.o
       384         38          0          0          0        144   atan2.o
        38          6          0          0          0        272   dunder.o
        40          0          0          0          0         68   fpclassify.o
       170          0          0          0          0         96   poly.o
         0          0          8          0          0          0   qnan.o
        76          0          0          0          0         84   sqrt.o

    ----------------------------------------------------------------------
      8402        568        302          0        100       5596   Library Totals
        32          0          5          0          4          0   (incl. Padding)

    ----------------------------------------------------------------------

      Code (inc. data)   RO Data    RW Data    ZI Data      Debug   Library Name

      1768         54         57          0         96       2076   c_w.l
      4726        348          0          0          0       2564   fz_ws.l
      1876        166        240          0          0        956   m_ws.l

    ----------------------------------------------------------------------
      8402        568        302          0        100       5596   Library Totals

    ----------------------------------------------------------------------

==============================================================================


      Code (inc. data)   RO Data    RW Data    ZI Data      Debug   

     30146       1388       6454        140       2876     325056   Grand Totals
     30146       1388       6454        140       2876     325056   ELF Image Totals
     30146       1388       6454        140          0          0   ROM Totals

==============================================================================

    Total RO  Size (Code + RO Data)                36600 (  35.74kB)
    Total RW  Size (RW Data + ZI Data)              3016 (   2.95kB)
    Total ROM Size (Code + RO Data + RW Data)      36740 (  35.88kB)

==============================================================================

