<html>
<body>
<pre>
<h1>µVision Build Log</h1>
<h2>Tool Versions:</h2>
IDE-Version: ¦ÌVision V5.14.0.0
Copyright (C) 2015 ARM Ltd and ARM Germany GmbH. All rights reserved.
License Information: DU ZHENXIAO, 1, LIC=DSNMM-X0F64-EYBVT-RV3D7-CLL21-T8CPN
 
Tool Versions:
Toolchain:       MDK-ARM Professional  Version: 5.14.0.0
Toolchain Path:  D:\MDK5\ARM\ARMCC\Bin
C Compiler:      Armcc.exe V5.05 update 1 (build 106)
Assembler:       Armasm.exe V5.05 update 1 (build 106)
Linker/Locator:  ArmLink.exe V5.05 update 1 (build 106)
Library Manager: ArmAr.exe V5.05 update 1 (build 106)
Hex Converter:   FromElf.exe V5.05 update 1 (build 106)
CPU DLL:         SARMCM3.DLL V5.14.0.0
Dialog DLL:      DARMSTM.DLL V1.65.0.0
Target DLL:      Segger\JL2CM3.dll V2.99.13.0
Dialog DLL:      TARMSTM.DLL V1.64.0.0
 
<h2>Project:</h2>
E:\6DOF_MechanicalArm\McuForOutput\USER\MiniBalance.uvprojx
Project File Date:  04/18/2019

<h2>Output:</h2>
Build target 'MiniBalance'
compiling control.c...
..\MiniBalance\CONTROL\control.c(84): warning:  #177-D: variable "temp" was declared but never referenced
        u8 temp;
..\MiniBalance\CONTROL\control.c(298): warning:  #177-D: variable "len" was declared but never referenced
        int len=0,t=0,temp=0,TempTarget=0;
..\MiniBalance\CONTROL\control.c: 2 warnings, 0 errors
linking...
Program Size: Code=27754 RO-data=3310 RW-data=412 ZI-data=2972  
FromELF: creating hex file...
"..\OBJ\MiniBalance.axf" - 0 Error(s), 2 Warning(s).

<h2>Collection of Component include folders:</h2>
  E:\6DOF_MechanicalArm\McuForOutput\USER\RTE
  D:\MDK5\ARM\PACK\Keil\STM32F1xx_DFP\1.0.5\Device\Include

<h2>Collection of Component Files used:</h2>
</pre>
</body>
</html>
