Component: ARM Compiler 5.05 update 1 (build 106) Tool: armlink [4d0efa]

==============================================================================

Section Cross References

    system_stm32f10x.o(.text) refers to system_stm32f10x.o(.data) for SystemCoreClock
    minibalance.o(.text) refers to usart.o(.text) for uart_init
    minibalance.o(.text) refers to delay.o(.text) for delay_init
    minibalance.o(.text) refers to sys.o(.text) for JTAG_Set
    minibalance.o(.text) refers to key.o(.text) for KEY_Init
    minibalance.o(.text) refers to led.o(.text) for LED_Init
    minibalance.o(.text) refers to oled.o(.text) for OLED_Init
    minibalance.o(.text) refers to timer.o(.text) for TIM2_Int_Init
    minibalance.o(.text) refers to motor.o(.text) for TIM1_PWM_Init
    minibalance.o(.text) refers to faddsub_clz.o(x$fpl$fadd) for __aeabi_fadd
    minibalance.o(.text) refers to ffixu.o(x$fpl$ffixu) for __aeabi_f2uiz
    minibalance.o(.text) refers to minibalance.o(.data) for Target3
    minibalance.o(.text) refers to usart.o(.data) for USART_RX_STA
    startup_stm32f10x_md.o(STACK) refers (Special) to heapauxi.o(.text) for __use_two_region_memory
    startup_stm32f10x_md.o(HEAP) refers (Special) to heapauxi.o(.text) for __use_two_region_memory
    startup_stm32f10x_md.o(RESET) refers (Special) to heapauxi.o(.text) for __use_two_region_memory
    startup_stm32f10x_md.o(RESET) refers to startup_stm32f10x_md.o(STACK) for __initial_sp
    startup_stm32f10x_md.o(RESET) refers to startup_stm32f10x_md.o(.text) for Reset_Handler
    startup_stm32f10x_md.o(RESET) refers to stm32f10x_it.o(.text) for NMI_Handler
    startup_stm32f10x_md.o(RESET) refers to control.o(.text) for TIM2_IRQHandler
    startup_stm32f10x_md.o(RESET) refers to usart.o(.text) for USART1_IRQHandler
    startup_stm32f10x_md.o(RESET) refers to usart3.o(.text) for USART3_IRQHandler
    startup_stm32f10x_md.o(.text) refers (Special) to heapauxi.o(.text) for __use_two_region_memory
    startup_stm32f10x_md.o(.text) refers to system_stm32f10x.o(.text) for SystemInit
    startup_stm32f10x_md.o(.text) refers to __main.o(!!!main) for __main
    startup_stm32f10x_md.o(.text) refers to startup_stm32f10x_md.o(HEAP) for Heap_Mem
    startup_stm32f10x_md.o(.text) refers to startup_stm32f10x_md.o(STACK) for Stack_Mem
    stm32f10x_adc.o(.text) refers to stm32f10x_rcc.o(.text) for RCC_APB2PeriphResetCmd
    stm32f10x_bkp.o(.text) refers to stm32f10x_rcc.o(.text) for RCC_BackupResetCmd
    stm32f10x_can.o(.text) refers to stm32f10x_rcc.o(.text) for RCC_APB1PeriphResetCmd
    stm32f10x_cec.o(.text) refers to stm32f10x_rcc.o(.text) for RCC_APB1PeriphResetCmd
    stm32f10x_dac.o(.text) refers to stm32f10x_rcc.o(.text) for RCC_APB1PeriphResetCmd
    stm32f10x_gpio.o(.text) refers to stm32f10x_rcc.o(.text) for RCC_APB2PeriphResetCmd
    stm32f10x_i2c.o(.text) refers to stm32f10x_rcc.o(.text) for RCC_APB1PeriphResetCmd
    stm32f10x_pwr.o(.text) refers to stm32f10x_rcc.o(.text) for RCC_APB1PeriphResetCmd
    stm32f10x_rcc.o(.text) refers to stm32f10x_rcc.o(.data) for APBAHBPrescTable
    stm32f10x_spi.o(.text) refers to stm32f10x_rcc.o(.text) for RCC_APB2PeriphResetCmd
    stm32f10x_tim.o(.text) refers to stm32f10x_rcc.o(.text) for RCC_APB2PeriphResetCmd
    stm32f10x_usart.o(.text) refers to stm32f10x_rcc.o(.text) for RCC_APB2PeriphResetCmd
    stm32f10x_wwdg.o(.text) refers to stm32f10x_rcc.o(.text) for RCC_APB1PeriphResetCmd
    delay.o(.text) refers to misc.o(.text) for SysTick_CLKSourceConfig
    delay.o(.text) refers to system_stm32f10x.o(.data) for SystemCoreClock
    delay.o(.text) refers to delay.o(.data) for fac_us
    sys.o(.text) refers to sys.o(.emb_text) for WFI_SET
    usart.o(.text) refers (Special) to use_no_semi_2.o(.text) for __use_no_semihosting
    usart.o(.text) refers to stm32f10x_rcc.o(.text) for RCC_APB2PeriphClockCmd
    usart.o(.text) refers to stm32f10x_gpio.o(.text) for GPIO_Init
    usart.o(.text) refers to misc.o(.text) for NVIC_Init
    usart.o(.text) refers to stm32f10x_usart.o(.text) for USART_Init
    usart.o(.text) refers to usart.o(.data) for USART_RX_STA
    usart.o(.text) refers to usart.o(.bss) for USART_RX_BUF
    usart.o(.bss) refers (Special) to use_no_semi_2.o(.text) for __use_no_semihosting
    usart.o(.data) refers (Special) to use_no_semi_2.o(.text) for __use_no_semihosting
    led.o(.text) refers to stm32f10x_rcc.o(.text) for RCC_APB2PeriphClockCmd
    led.o(.text) refers to stm32f10x_gpio.o(.text) for GPIO_Init
    led.o(.text) refers to led.o(.data) for temp
    key.o(.text) refers to stm32f10x_rcc.o(.text) for RCC_APB2PeriphClockCmd
    key.o(.text) refers to stm32f10x_gpio.o(.text) for GPIO_Init
    key.o(.text) refers to stm32f10x_pwr.o(.text) for PWR_BackupAccessCmd
    key.o(.text) refers to stm32f10x_bkp.o(.text) for BKP_TamperPinCmd
    key.o(.text) refers to delay.o(.text) for delay_ms
    key.o(.text) refers to key.o(.data) for Forever_count
[...]
    .ARM.Collect$$libinit$$00000019          0x080001a2   Section        0  libinit2.o(.ARM.Collect$$libinit$$00000019)
    .ARM.Collect$$libinit$$0000001B          0x080001a2   Section        0  libinit2.o(.ARM.Collect$$libinit$$0000001B)
    .ARM.Collect$$libinit$$0000001D          0x080001a2   Section        0  libinit2.o(.ARM.Collect$$libinit$$0000001D)
    .ARM.Collect$$libinit$$0000001F          0x080001a2   Section        0  libinit2.o(.ARM.Collect$$libinit$$0000001F)
    .ARM.Collect$$libinit$$00000021          0x080001a2   Section        0  libinit2.o(.ARM.Collect$$libinit$$00000021)
    .ARM.Collect$$libinit$$00000023          0x080001a2   Section        0  libinit2.o(.ARM.Collect$$libinit$$00000023)
    .ARM.Collect$$libinit$$00000025          0x080001a2   Section        0  libinit2.o(.ARM.Collect$$libinit$$00000025)
    .ARM.Collect$$libinit$$0000002C          0x080001a2   Section        0  libinit2.o(.ARM.Collect$$libinit$$0000002C)
    .ARM.Collect$$libinit$$0000002E          0x080001a2   Section        0  libinit2.o(.ARM.Collect$$libinit$$0000002E)
    .ARM.Collect$$libinit$$00000030          0x080001a2   Section        0  libinit2.o(.ARM.Collect$$libinit$$00000030)
    .ARM.Collect$$libinit$$00000032          0x080001a2   Section        0  libinit2.o(.ARM.Collect$$libinit$$00000032)
    .ARM.Collect$$libinit$$00000033          0x080001a2   Section        2  libinit2.o(.ARM.Collect$$libinit$$00000033)
    .ARM.Collect$$libshutdown$$00000000      0x080001a4   Section        2  libshutdown.o(.ARM.Collect$$libshutdown$$00000000)
    .ARM.Collect$$libshutdown$$00000003      0x080001a6   Section        0  libshutdown2.o(.ARM.Collect$$libshutdown$$00000003)
    .ARM.Collect$$libshutdown$$00000006      0x080001a6   Section        0  libshutdown2.o(.ARM.Collect$$libshutdown$$00000006)
    .ARM.Collect$$libshutdown$$00000009      0x080001a6   Section        0  libshutdown2.o(.ARM.Collect$$libshutdown$$00000009)
    .ARM.Collect$$libshutdown$$0000000B      0x080001a6   Section        0  libshutdown2.o(.ARM.Collect$$libshutdown$$0000000B)
    .ARM.Collect$$libshutdown$$0000000E      0x080001a6   Section        0  libshutdown2.o(.ARM.Collect$$libshutdown$$0000000E)
    .ARM.Collect$$libshutdown$$0000000F      0x080001a6   Section        2  libshutdown2.o(.ARM.Collect$$libshutdown$$0000000F)
    .ARM.Collect$$rtentry$$00000000          0x080001a8   Section        0  __rtentry.o(.ARM.Collect$$rtentry$$00000000)
    .ARM.Collect$$rtentry$$00000002          0x080001a8   Section        0  __rtentry2.o(.ARM.Collect$$rtentry$$00000002)
    .ARM.Collect$$rtentry$$00000004          0x080001a8   Section        6  __rtentry4.o(.ARM.Collect$$rtentry$$00000004)
    .ARM.Collect$$rtentry$$00000009          0x080001ae   Section        0  __rtentry2.o(.ARM.Collect$$rtentry$$00000009)
    .ARM.Collect$$rtentry$$0000000A          0x080001ae   Section        4  __rtentry2.o(.ARM.Collect$$rtentry$$0000000A)
    .ARM.Collect$$rtentry$$0000000C          0x080001b2   Section        0  __rtentry2.o(.ARM.Collect$$rtentry$$0000000C)
    .ARM.Collect$$rtentry$$0000000D          0x080001b2   Section        8  __rtentry2.o(.ARM.Collect$$rtentry$$0000000D)
    .ARM.Collect$$rtexit$$00000000           0x080001ba   Section        2  rtexit.o(.ARM.Collect$$rtexit$$00000000)
    .ARM.Collect$$rtexit$$00000002           0x080001bc   Section        0  rtexit2.o(.ARM.Collect$$rtexit$$00000002)
    .ARM.Collect$$rtexit$$00000003           0x080001bc   Section        4  rtexit2.o(.ARM.Collect$$rtexit$$00000003)
    .ARM.Collect$$rtexit$$00000004           0x080001c0   Section        6  rtexit2.o(.ARM.Collect$$rtexit$$00000004)
    .emb_text                                0x080001c8   Section       12  sys.o(.emb_text)
    .text                                    0x080001d4   Section        0  stm32f10x_it.o(.text)
    .text                                    0x080001f0   Section        0  system_stm32f10x.o(.text)
    SetSysClockTo72                          0x080001f1   Thumb Code   214  system_stm32f10x.o(.text)
    SetSysClock                              0x080002c7   Thumb Code     8  system_stm32f10x.o(.text)
    .text                                    0x080003d0   Section        0  minibalance.o(.text)
    .text                                    0x08000578   Section       64  startup_stm32f10x_md.o(.text)
    .text                                    0x080005b8   Section        0  misc.o(.text)
    .text                                    0x08000694   Section        0  stm32f10x_bkp.o(.text)
    .text                                    0x08000758   Section        0  stm32f10x_gpio.o(.text)
    .text                                    0x08000ab4   Section        0  stm32f10x_pwr.o(.text)
    .text                                    0x08000b80   Section        0  stm32f10x_rcc.o(.text)
    .text                                    0x08000f24   Section        0  stm32f10x_tim.o(.text)
    TI4_Config                               0x080013cb   Thumb Code   130  stm32f10x_tim.o(.text)
    TI3_Config                               0x0800145f   Thumb Code   122  stm32f10x_tim.o(.text)
    TI2_Config                               0x080014f3   Thumb Code   130  stm32f10x_tim.o(.text)
    TI1_Config                               0x08001587   Thumb Code   108  stm32f10x_tim.o(.text)
    .text                                    0x08001d40   Section        0  stm32f10x_usart.o(.text)
    .text                                    0x08002148   Section        0  delay.o(.text)
    .text                                    0x0800221c   Section        0  sys.o(.text)
    .text                                    0x080024d8   Section        0  usart.o(.text)
    .text                                    0x08002618   Section        0  led.o(.text)
    .text                                    0x08002678   Section        0  key.o(.text)
    .text                                    0x080028c4   Section        0  oled.o(.text)
    .text                                    0x08002d76   Section        0  timer.o(.text)
    .text                                    0x08002dd0   Section        0  motor.o(.text)
    .text                                    0x08002f48   Section        0  usart3.o(.text)
    .text                                    0x08002ffc   Section        0  control.o(.text)
    .text                                    0x08004040   Section        2  use_no_semi_2.o(.text)
    .text                                    0x08004042   Section        0  heapauxi.o(.text)
    .text                                    0x08004048   Section        2  use_no_semi.o(.text)
    .text                                    0x0800404a   Section        0  _rserrno.o(.text)
    .text                                    0x08004060   Section        8  rt_errno_addr_intlibspace.o(.text)
    .text                                    0x08004068   Section        8  libspace.o(.text)
    .text                                    0x08004070   Section       74  sys_stackheap_outer.o(.text)
    .text                                    0x080040ba   Section        0  exit.o(.text)
    i.__ARM_fpclassify                       0x080040c6   Section        0  fpclassify.o(i.__ARM_fpclassify)
    i.__ieee754_rem_pio2                     0x080040f0   Section        0  rred.o(i.__ieee754_rem_pio2)
    i.__kernel_cos                           0x08004478   Section        0  cos_i.o(i.__kernel_cos)
    i.__kernel_poly                          0x08004574   Section        0  poly.o(i.__kernel_poly)
    i.__kernel_sin                           0x08004620   Section        0  sin_i.o(i.__kernel_sin)
    i.__mathlib_dbl_infnan                   0x0800470c   Section        0  dunder.o(i.__mathlib_dbl_infnan)
    i.__mathlib_dbl_invalid                  0x08004712   Section        0  dunder.o(i.__mathlib_dbl_invalid)
    i.__mathlib_dbl_underflow                0x08004720   Section        0  dunder.o(i.__mathlib_dbl_underflow)
    i.asin                                   0x08004730   Section        0  asin.o(i.asin)
    i.cos                                    0x080049a0   Section        0  cos.o(i.cos)
    i.sin                                    0x08004a3c   Section        0  sin.o(i.sin)
    i.sqrt                                   0x08004adc   Section        0  sqrt.o(i.sqrt)
    x$fpl$d2f                                0x08004b28   Section       98  d2f.o(x$fpl$d2f)
    x$fpl$dadd                               0x08004b8c   Section      336  daddsub_clz.o(x$fpl$dadd)
    _dadd1                                   0x08004b9d   Thumb Code     0  daddsub_clz.o(x$fpl$dadd)
    x$fpl$dcheck1                            0x08004cdc   Section       16  dcheck1.o(x$fpl$dcheck1)
    x$fpl$ddiv                               0x08004cec   Section      688  ddiv.o(x$fpl$ddiv)
    ddiv_entry                               0x08004cf3   Thumb Code     0  ddiv.o(x$fpl$ddiv)
    x$fpl$dfix                               0x08004f9c   Section       94  dfix.o(x$fpl$dfix)
    x$fpl$dflt                               0x08004ffa   Section       46  dflt_clz.o(x$fpl$dflt)
    x$fpl$dfltu                              0x08005028   Section       38  dflt_clz.o(x$fpl$dfltu)
    x$fpl$dmul                               0x08005050   Section      340  dmul.o(x$fpl$dmul)
    x$fpl$dnaninf                            0x080051a4   Section      156  dnaninf.o(x$fpl$dnaninf)
    x$fpl$dretinf                            0x08005240   Section       12  dretinf.o(x$fpl$dretinf)
    x$fpl$drsb                               0x0800524c   Section       22  daddsub_clz.o(x$fpl$drsb)
    x$fpl$dsqrt                              0x08005264   Section      460  dsqrt_noumaal.o(x$fpl$dsqrt)
    x$fpl$dsub                               0x08005430   Section      468  daddsub_clz.o(x$fpl$dsub)
    _dsub1                                   0x08005441   Thumb Code     0  daddsub_clz.o(x$fpl$dsub)
    x$fpl$f2d                                0x08005604   Section       86  f2d.o(x$fpl$f2d)
    x$fpl$fadd                               0x0800565c   Section      196  faddsub_clz.o(x$fpl$fadd)
    _fadd1                                   0x0800566b   Thumb Code     0  faddsub_clz.o(x$fpl$fadd)
    x$fpl$fcmpinf                            0x08005720   Section       24  fcmpi.o(x$fpl$fcmpinf)
    x$fpl$fdiv                               0x08005738   Section      388  fdiv.o(x$fpl$fdiv)
    _fdiv1                                   0x08005739   Thumb Code     0  fdiv.o(x$fpl$fdiv)
    x$fpl$ffix                               0x080058bc   Section       54  ffix.o(x$fpl$ffix)
    x$fpl$ffixu                              0x080058f4   Section       62  ffixu.o(x$fpl$ffixu)
    x$fpl$fflt                               0x08005934   Section       48  fflt_clz.o(x$fpl$fflt)
    x$fpl$fleqf                              0x08005964   Section      104  fleqf.o(x$fpl$fleqf)
    x$fpl$fmul                               0x080059cc   Section      258  fmul.o(x$fpl$fmul)
    x$fpl$fnaninf                            0x08005ace   Section      140  fnaninf.o(x$fpl$fnaninf)
    x$fpl$fretinf                            0x08005b5a   Section       10  fretinf.o(x$fpl$fretinf)
    x$fpl$frleqf                             0x08005b64   Section       98  frleqf.o(x$fpl$frleqf)
    x$fpl$frsb                               0x08005bc6   Section       20  faddsub_clz.o(x$fpl$frsb)
    x$fpl$fsub                               0x08005bdc   Section      234  faddsub_clz.o(x$fpl$fsub)
    _fsub1                                   0x08005beb   Thumb Code     0  faddsub_clz.o(x$fpl$fsub)
    x$fpl$retnan                             0x08005cc6   Section      100  retnan.o(x$fpl$retnan)
    x$fpl$scalbn                             0x08005d2a   Section       92  scalbn.o(x$fpl$scalbn)
    x$fpl$trapveneer                         0x08005d86   Section       48  trapv.o(x$fpl$trapveneer)
    .constdata                               0x08005db6   Section     2660  oled.o(.constdata)
    x$fpl$usenofp                            0x08005db6   Section        0  usenofp.o(x$fpl$usenofp)
    .constdata                               0x08006820   Section       80  asin.o(.constdata)
    pS                                       0x08006820   Data          48  asin.o(.constdata)
    qS                                       0x08006850   Data          32  asin.o(.constdata)
    .constdata                               0x08006870   Section       48  cos_i.o(.constdata)
    C                                        0x08006870   Data          48  cos_i.o(.constdata)
    .constdata                               0x080068a0   Section      200  rred.o(.constdata)
    pio2s                                    0x080068a0   Data          48  rred.o(.constdata)
    twooverpi                                0x080068d0   Data         152  rred.o(.constdata)
    .constdata                               0x08006968   Section       40  sin_i.o(.constdata)
    S                                        0x08006968   Data          40  sin_i.o(.constdata)
    .data                                    0x20000000   Section       20  system_stm32f10x.o(.data)
    .data                                    0x20000014   Section      192  minibalance.o(.data)
    .data                                    0x200000d4   Section       20  stm32f10x_rcc.o(.data)
    APBAHBPrescTable                         0x200000d4   Data          16  stm32f10x_rcc.o(.data)
    ADCPrescTable                            0x200000e4   Data           4  stm32f10x_rcc.o(.data)
    .data                                    0x200000e8   Section        4  delay.o(.data)
    fac_us                                   0x200000e8   Data           1  delay.o(.data)
    fac_ms                                   0x200000ea   Data           2  delay.o(.data)
    .data                                    0x200000ec   Section        6  usart.o(.data)
    .data                                    0x200000f4   Section        4  led.o(.data)
    temp                                     0x200000f4   Data           4  led.o(.data)
    .data                                    0x200000f8   Section       15  key.o(.data)
    flag_key                                 0x200000f8   Data           1  key.o(.data)
    count_key                                0x200000f9   Data           1  key.o(.data)
    double_key                               0x200000fa   Data           1  key.o(.data)
    count_single                             0x200000fc   Data           2  key.o(.data)
    Forever_count                            0x200000fe   Data           2  key.o(.data)
    flag_key                                 0x20000100   Data           1  key.o(.data)
    Long_Press_count                         0x20000102   Data           2  key.o(.data)
    Long_Press                               0x20000104   Data           2  key.o(.data)
    key_up                                   0x20000106   Data           1  key.o(.data)
    .data                                    0x20000108   Section      136  control.o(.data)
    Bias                                     0x20000130   Data           4  control.o(.data)
    Pwm                                      0x20000134   Data           4  control.o(.data)
    Integral_bias                            0x20000138   Data           4  control.o(.data)
    Last_Bias                                0x2000013c   Data           4  control.o(.data)
    Bias                                     0x20000140   Data           4  control.o(.data)
    Pwm                                      0x20000144   Data           4  control.o(.data)
    Integral_bias                            0x20000148   Data           4  control.o(.data)
    Last_Bias                                0x2000014c   Data           4  control.o(.data)
    Bias                                     0x20000150   Data           4  control.o(.data)
    Pwm                                      0x20000154   Data           4  control.o(.data)
    Integral_bias                            0x20000158   Data           4  control.o(.data)
    Last_Bias                                0x2000015c   Data           4  control.o(.data)
    Bias                                     0x20000160   Data           4  control.o(.data)
    Pwm                                      0x20000164   Data           4  control.o(.data)
    Integral_bias                            0x20000168   Data           4  control.o(.data)
    Last_Bias                                0x2000016c   Data           4  control.o(.data)
    Bias                                     0x20000170   Data           4  control.o(.data)
    Pwm                                      0x20000174   Data           4  control.o(.data)
    Integral_bias                            0x20000178   Data           4  control.o(.data)
    Last_Bias                                0x2000017c   Data           4  control.o(.data)
    Bias                                     0x20000180   Data           4  control.o(.data)
    Pwm                                      0x20000184   Data           4  control.o(.data)
    Integral_bias                            0x20000188   Data           4  control.o(.data)
    Last_Bias                                0x2000018c   Data           4  control.o(.data)
    .bss                                     0x20000190   Section      200  usart.o(.bss)
    .bss                                     0x20000258   Section     1024  oled.o(.bss)
    .bss                                     0x20000658   Section       96  libspace.o(.bss)
    HEAP                                     0x200006b8   Section      512  startup_stm32f10x_md.o(HEAP)
    Heap_Mem                                 0x200006b8   Data         512  startup_stm32f10x_md.o(HEAP)
    STACK                                    0x200008b8   Section     1024  startup_stm32f10x_md.o(STACK)
    Stack_Mem                                0x200008b8   Data        1024  startup_stm32f10x_md.o(STACK)
    __initial_sp                             0x20000cb8   Data           0  startup_stm32f10x_md.o(STACK)

    Global Symbols

    Symbol Name                              Value     Ov Type        Size  Object(Section)

    BuildAttributes$$THM_ISAv4$P$D$K$B$S$PE$A:L22UL41UL21$X:L11$S22US41US21$IEEE1$IW$USESV6$~STKCKD$USESV7$~SHL$OTIME$ROPI$IEEEX$EBA8$UX$STANDARDLIB$REQ8$PRES8$EABIv2 0x00000000   Number         0  anon$$obj.o ABSOLUTE
    __ARM_use_no_argv                        0x00000000   Number         0  minibalance.o ABSOLUTE
    __ARM_exceptions_init                     - Undefined Weak Reference
    __alloca_initialize                       - Undefined Weak Reference
    __arm_preinit_                            - Undefined Weak Reference
    __cpp_initialize__aeabi_                  - Undefined Weak Reference
    __cxa_finalize                            - Undefined Weak Reference
    __rt_locale                               - Undefined Weak Reference
    __sigvec_lookup                           - Undefined Weak Reference
    _atexit_init                              - Undefined Weak Reference
    _call_atexit_fns                          - Undefined Weak Reference
    _clock_init                               - Undefined Weak Reference
    _fp_trap_init                             - Undefined Weak Reference
    _fp_trap_shutdown                         - Undefined Weak Reference
    _get_lc_collate                           - Undefined Weak Reference
    _get_lc_ctype                             - Undefined Weak Reference
    _get_lc_monetary                          - Undefined Weak Reference
    _get_lc_numeric                           - Undefined Weak Reference
    _get_lc_time                              - Undefined Weak Reference
    _getenv_init                              - Undefined Weak Reference
    _handle_redirection                       - Undefined Weak Reference
    _init_alloc                               - Undefined Weak Reference
    _init_user_alloc                          - Undefined Weak Reference
    _initio                                   - Undefined Weak Reference
    _mutex_acquire                            - Undefined Weak Reference
    _mutex_release                            - Undefined Weak Reference
    _printf_post_padding                      - Undefined Weak Reference
    _printf_pre_padding                       - Undefined Weak Reference
    _printf_truncate_signed                   - Undefined Weak Reference
    _printf_truncate_unsigned                 - Undefined Weak Reference
    _rand_init                                - Undefined Weak Reference
    _signal_finish                            - Undefined Weak Reference
    _signal_init                              - Undefined Weak Reference
    _terminate_alloc                          - Undefined Weak Reference
    _terminate_user_alloc                     - Undefined Weak Reference
    _terminateio                              - Undefined Weak Reference
    __Vectors_Size                           0x000000ec   Number         0  startup_stm32f10x_md.o ABSOLUTE
    __Vectors                                0x08000000   Data           4  startup_stm32f10x_md.o(RESET)
    __Vectors_End                            0x080000ec   Data           0  startup_stm32f10x_md.o(RESET)
    __main                                   0x080000ed   Thumb Code     8  __main.o(!!!main)
    __scatterload                            0x080000f5   Thumb Code     0  __scatter.o(!!!scatter)
    __scatterload_rt2                        0x080000f5   Thumb Code    44  __scatter.o(!!!scatter)
    __scatterload_rt2_thumb_only             0x080000f5   Thumb Code     0  __scatter.o(!!!scatter)
    __scatterload_null                       0x08000103   Thumb Code     0  __scatter.o(!!!scatter)
    __decompress                             0x08000129   Thumb Code    90  __dczerorl2.o(!!dczerorl2)
    __decompress1                            0x08000129   Thumb Code     0  __dczerorl2.o(!!dczerorl2)
    __scatterload_zeroinit                   0x08000185   Thumb Code    28  __scatter_zi.o(!!handler_zi)
    __rt_lib_init                            0x080001a1   Thumb Code     0  libinit.o(.ARM.Collect$$libinit$$00000000)
    __rt_lib_init_alloca_1                   0x080001a3   Thumb Code     0  libinit2.o(.ARM.Collect$$libinit$$0000002E)
    __rt_lib_init_argv_1                     0x080001a3   Thumb Code     0  libinit2.o(.ARM.Collect$$libinit$$0000002C)
    __rt_lib_init_atexit_1                   0x080001a3   Thumb Code     0  libinit2.o(.ARM.Collect$$libinit$$0000001B)
    __rt_lib_init_clock_1                    0x080001a3   Thumb Code     0  libinit2.o(.ARM.Collect$$libinit$$00000021)
    __rt_lib_init_cpp_1                      0x080001a3   Thumb Code     0  libinit2.o(.ARM.Collect$$libinit$$00000032)
    __rt_lib_init_exceptions_1               0x080001a3   Thumb Code     0  libinit2.o(.ARM.Collect$$libinit$$00000030)
    __rt_lib_init_fp_1                       0x080001a3   Thumb Code     0  libinit2.o(.ARM.Collect$$libinit$$00000002)
    __rt_lib_init_fp_trap_1                  0x080001a3   Thumb Code     0  libinit2.o(.ARM.Collect$$libinit$$0000001F)
    __rt_lib_init_getenv_1                   0x080001a3   Thumb Code     0  libinit2.o(.ARM.Collect$$libinit$$00000023)
    __rt_lib_init_heap_1                     0x080001a3   Thumb Code     0  libinit2.o(.ARM.Collect$$libinit$$0000000A)
    __rt_lib_init_lc_collate_1               0x080001a3   Thumb Code     0  libinit2.o(.ARM.Collect$$libinit$$00000011)
    __rt_lib_init_lc_ctype_1                 0x080001a3   Thumb Code     0  libinit2.o(.ARM.Collect$$libinit$$00000013)
    __rt_lib_init_lc_monetary_1              0x080001a3   Thumb Code     0  libinit2.o(.ARM.Collect$$libinit$$00000015)
    __rt_lib_init_lc_numeric_1               0x080001a3   Thumb Code     0  libinit2.o(.ARM.Collect$$libinit$$00000017)
    __rt_lib_init_lc_time_1                  0x080001a3   Thumb Code     0  libinit2.o(.ARM.Collect$$libinit$$00000019)
    __rt_lib_init_preinit_1                  0x080001a3   Thumb Code     0  libinit2.o(.ARM.Collect$$libinit$$00000004)
    __rt_lib_init_rand_1                     0x080001a3   Thumb Code     0  libinit2.o(.ARM.Collect$$libinit$$0000000E)
    __rt_lib_init_return                     0x080001a3   Thumb Code     0  libinit2.o(.ARM.Collect$$libinit$$00000033)
    __rt_lib_init_signal_1                   0x080001a3   Thumb Code     0  libinit2.o(.ARM.Collect$$libinit$$0000001D)
    __rt_lib_init_stdio_1                    0x080001a3   Thumb Code     0  libinit2.o(.ARM.Collect$$libinit$$00000025)
    __rt_lib_init_user_alloc_1               0x080001a3   Thumb Code     0  libinit2.o(.ARM.Collect$$libinit$$0000000C)
    __rt_lib_shutdown                        0x080001a5   Thumb Code     0  libshutdown.o(.ARM.Collect$$libshutdown$$00000000)
    __rt_lib_shutdown_fp_trap_1              0x080001a7   Thumb Code     0  libshutdown2.o(.ARM.Collect$$libshutdown$$00000006)
    __rt_lib_shutdown_heap_1                 0x080001a7   Thumb Code     0  libshutdown2.o(.ARM.Collect$$libshutdown$$0000000E)
    __rt_lib_shutdown_return                 0x080001a7   Thumb Code     0  libshutdown2.o(.ARM.Collect$$libshutdown$$0000000F)
    __rt_lib_shutdown_signal_1               0x080001a7   Thumb Code     0  libshutdown2.o(.ARM.Collect$$libshutdown$$00000009)
    __rt_lib_shutdown_stdio_1                0x080001a7   Thumb Code     0  libshutdown2.o(.ARM.Collect$$libshutdown$$00000003)
    __rt_lib_shutdown_user_alloc_1           0x080001a7   Thumb Code     0  libshutdown2.o(.ARM.Collect$$libshutdown$$0000000B)
    __rt_entry                               0x080001a9   Thumb Code     0  __rtentry.o(.ARM.Collect$$rtentry$$00000000)
    __rt_entry_presh_1                       0x080001a9   Thumb Code     0  __rtentry2.o(.ARM.Collect$$rtentry$$00000002)
    __rt_entry_sh                            0x080001a9   Thumb Code     0  __rtentry4.o(.ARM.Collect$$rtentry$$00000004)
    __rt_entry_li                            0x080001af   Thumb Code     0  __rtentry2.o(.ARM.Collect$$rtentry$$0000000A)
    __rt_entry_postsh_1                      0x080001af   Thumb Code     0  __rtentry2.o(.ARM.Collect$$rtentry$$00000009)
    __rt_entry_main                          0x080001b3   Thumb Code     0  __rtentry2.o(.ARM.Collect$$rtentry$$0000000D)
    __rt_entry_postli_1                      0x080001b3   Thumb Code     0  __rtentry2.o(.ARM.Collect$$rtentry$$0000000C)
    __rt_exit                                0x080001bb   Thumb Code     0  rtexit.o(.ARM.Collect$$rtexit$$00000000)
    __rt_exit_ls                             0x080001bd   Thumb Code     0  rtexit2.o(.ARM.Collect$$rtexit$$00000003)
    __rt_exit_prels_1                        0x080001bd   Thumb Code     0  rtexit2.o(.ARM.Collect$$rtexit$$00000002)
    __rt_exit_exit                           0x080001c1   Thumb Code     0  rtexit2.o(.ARM.Collect$$rtexit$$00000004)
    WFI_SET                                  0x080001c9   Thumb Code     2  sys.o(.emb_text)
    INTX_DISABLE                             0x080001cb   Thumb Code     2  sys.o(.emb_text)
    INTX_ENABLE                              0x080001cd   Thumb Code     2  sys.o(.emb_text)
    MSR_MSP                                  0x080001cf   Thumb Code     6  sys.o(.emb_text)
    NMI_Handler                              0x080001d5   Thumb Code     2  stm32f10x_it.o(.text)
    HardFault_Handler                        0x080001d7   Thumb Code     4  stm32f10x_it.o(.text)
    MemManage_Handler                        0x080001db   Thumb Code     4  stm32f10x_it.o(.text)
    BusFault_Handler                         0x080001df   Thumb Code     4  stm32f10x_it.o(.text)
    UsageFault_Handler                       0x080001e3   Thumb Code     4  stm32f10x_it.o(.text)
    SVC_Handler                              0x080001e7   Thumb Code     2  stm32f10x_it.o(.text)
    DebugMon_Handler                         0x080001e9   Thumb Code     2  stm32f10x_it.o(.text)
    PendSV_Handler                           0x080001eb   Thumb Code     2  stm32f10x_it.o(.text)
    SysTick_Handler                          0x080001ed   Thumb Code     2  stm32f10x_it.o(.text)
    SystemInit                               0x080002cf   Thumb Code    78  system_stm32f10x.o(.text)
    SystemCoreClockUpdate                    0x0800031d   Thumb Code   142  system_stm32f10x.o(.text)
    main                                     0x080003d1   Thumb Code   344  minibalance.o(.text)
    Reset_Handler                            0x08000579   Thumb Code     8  startup_stm32f10x_md.o(.text)
    ADC1_2_IRQHandler                        0x08000593   Thumb Code     0  startup_stm32f10x_md.o(.text)
    CAN1_RX1_IRQHandler                      0x08000593   Thumb Code     0  startup_stm32f10x_md.o(.text)
    CAN1_SCE_IRQHandler                      0x08000593   Thumb Code     0  startup_stm32f10x_md.o(.text)
    DMA1_Channel1_IRQHandler                 0x08000593   Thumb Code     0  startup_stm32f10x_md.o(.text)
    DMA1_Channel2_IRQHandler                 0x08000593   Thumb Code     0  startup_stm32f10x_md.o(.text)
    DMA1_Channel3_IRQHandler                 0x08000593   Thumb Code     0  startup_stm32f10x_md.o(.text)
    DMA1_Channel4_IRQHandler                 0x08000593   Thumb Code     0  startup_stm32f10x_md.o(.text)
    DMA1_Channel5_IRQHandler                 0x08000593   Thumb Code     0  startup_stm32f10x_md.o(.text)
    DMA1_Channel6_IRQHandler                 0x08000593   Thumb Code     0  startup_stm32f10x_md.o(.text)
    DMA1_Channel7_IRQHandler                 0x08000593   Thumb Code     0  startup_stm32f10x_md.o(.text)
    EXTI0_IRQHandler                         0x08000593   Thumb Code     0  startup_stm32f10x_md.o(.text)
    EXTI15_10_IRQHandler                     0x08000593   Thumb Code     0  startup_stm32f10x_md.o(.text)
    EXTI1_IRQHandler                         0x08000593   Thumb Code     0  startup_stm32f10x_md.o(.text)
    EXTI2_IRQHandler                         0x08000593   Thumb Code     0  startup_stm32f10x_md.o(.text)
    EXTI3_IRQHandler                         0x08000593   Thumb Code     0  startup_stm32f10x_md.o(.text)
    EXTI4_IRQHandler                         0x08000593   Thumb Code     0  startup_stm32f10x_md.o(.text)
    EXTI9_5_IRQHandler                       0x08000593   Thumb Code     0  startup_stm32f10x_md.o(.text)
    FLASH_IRQHandler                         0x08000593   Thumb Code     0  startup_stm32f10x_md.o(.text)
    I2C1_ER_IRQHandler                       0x08000593   Thumb Code     0  startup_stm32f10x_md.o(.text)
    I2C1_EV_IRQHandler                       0x08000593   Thumb Code     0  startup_stm32f10x_md.o(.text)
    I2C2_ER_IRQHandler                       0x08000593   Thumb Code     0  startup_stm32f10x_md.o(.text)
    I2C2_EV_IRQHandler                       0x08000593   Thumb Code     0  startup_stm32f10x_md.o(.text)
    PVD_IRQHandler                           0x08000593   Thumb Code     0  startup_stm32f10x_md.o(.text)
    RCC_IRQHandler                           0x08000593   Thumb Code     0  startup_stm32f10x_md.o(.text)
    RTCAlarm_IRQHandler                      0x08000593   Thumb Code     0  startup_stm32f10x_md.o(.text)
    RTC_IRQHandler                           0x08000593   Thumb Code     0  startup_stm32f10x_md.o(.text)
    SPI1_IRQHandler                          0x08000593   Thumb Code     0  startup_stm32f10x_md.o(.text)
    SPI2_IRQHandler                          0x08000593   Thumb Code     0  startup_stm32f10x_md.o(.text)
    TAMPER_IRQHandler                        0x08000593   Thumb Code     0  startup_stm32f10x_md.o(.text)
    TIM1_BRK_IRQHandler                      0x08000593   Thumb Code     0  startup_stm32f10x_md.o(.text)
    TIM1_CC_IRQHandler                       0x08000593   Thumb Code     0  startup_stm32f10x_md.o(.text)
    TIM1_TRG_COM_IRQHandler                  0x08000593   Thumb Code     0  startup_stm32f10x_md.o(.text)
    TIM1_UP_IRQHandler                       0x08000593   Thumb Code     0  startup_stm32f10x_md.o(.text)
    TIM3_IRQHandler                          0x08000593   Thumb Code     0  startup_stm32f10x_md.o(.text)
    TIM4_IRQHandler                          0x08000593   Thumb Code     0  startup_stm32f10x_md.o(.text)
    USART2_IRQHandler                        0x08000593   Thumb Code     0  startup_stm32f10x_md.o(.text)
    USBWakeUp_IRQHandler                     0x08000593   Thumb Code     0  startup_stm32f10x_md.o(.text)
    USB_HP_CAN1_TX_IRQHandler                0x08000593   Thumb Code     0  startup_stm32f10x_md.o(.text)
    USB_LP_CAN1_RX0_IRQHandler               0x08000593   Thumb Code     0  startup_stm32f10x_md.o(.text)
    WWDG_IRQHandler                          0x08000593   Thumb Code     0  startup_stm32f10x_md.o(.text)
    __user_initial_stackheap                 0x08000595   Thumb Code     0  startup_stm32f10x_md.o(.text)
    NVIC_PriorityGroupConfig                 0x080005b9   Thumb Code    10  misc.o(.text)
    NVIC_Init                                0x080005c3   Thumb Code   100  misc.o(.text)
    NVIC_SetVectorTable                      0x08000627   Thumb Code    14  misc.o(.text)
    NVIC_SystemLPConfig                      0x08000635   Thumb Code    34  misc.o(.text)
    SysTick_CLKSourceConfig                  0x08000657   Thumb Code    40  misc.o(.text)
    BKP_DeInit                               0x08000695   Thumb Code    16  stm32f10x_bkp.o(.text)
    BKP_TamperPinLevelConfig                 0x080006a5   Thumb Code     6  stm32f10x_bkp.o(.text)
    BKP_TamperPinCmd                         0x080006ab   Thumb Code     8  stm32f10x_bkp.o(.text)
    BKP_ITConfig                             0x080006b3   Thumb Code     8  stm32f10x_bkp.o(.text)
    BKP_RTCOutputConfig                      0x080006bb   Thumb Code    22  stm32f10x_bkp.o(.text)
    BKP_SetRTCCalibrationValue               0x080006d1   Thumb Code    22  stm32f10x_bkp.o(.text)
    BKP_WriteBackupRegister                  0x080006e7   Thumb Code    24  stm32f10x_bkp.o(.text)
    BKP_ReadBackupRegister                   0x080006ff   Thumb Code    26  stm32f10x_bkp.o(.text)
    BKP_GetFlagStatus                        0x08000719   Thumb Code    10  stm32f10x_bkp.o(.text)
    BKP_ClearFlag                            0x08000723   Thumb Code    18  stm32f10x_bkp.o(.text)
    BKP_GetITStatus                          0x08000735   Thumb Code    10  stm32f10x_bkp.o(.text)
    BKP_ClearITPendingBit                    0x0800073f   Thumb Code    18  stm32f10x_bkp.o(.text)
    GPIO_DeInit                              0x08000759   Thumb Code   172  stm32f10x_gpio.o(.text)
    GPIO_AFIODeInit                          0x08000805   Thumb Code    20  stm32f10x_gpio.o(.text)
    GPIO_Init                                0x08000819   Thumb Code   278  stm32f10x_gpio.o(.text)
    GPIO_StructInit                          0x0800092f   Thumb Code    16  stm32f10x_gpio.o(.text)
    GPIO_ReadInputDataBit                    0x0800093f   Thumb Code    18  stm32f10x_gpio.o(.text)
    GPIO_ReadInputData                       0x08000951   Thumb Code     8  stm32f10x_gpio.o(.text)
    GPIO_ReadOutputDataBit                   0x08000959   Thumb Code    18  stm32f10x_gpio.o(.text)
    GPIO_ReadOutputData                      0x0800096b   Thumb Code     8  stm32f10x_gpio.o(.text)
    GPIO_SetBits                             0x08000973   Thumb Code     4  stm32f10x_gpio.o(.text)
    GPIO_ResetBits                           0x08000977   Thumb Code     4  stm32f10x_gpio.o(.text)
    GPIO_WriteBit                            0x0800097b   Thumb Code    10  stm32f10x_gpio.o(.text)
    GPIO_Write                               0x08000985   Thumb Code     4  stm32f10x_gpio.o(.text)
    GPIO_PinLockConfig                       0x08000989   Thumb Code    18  stm32f10x_gpio.o(.text)
    GPIO_EventOutputConfig                   0x0800099b   Thumb Code    26  stm32f10x_gpio.o(.text)
    GPIO_EventOutputCmd                      0x080009b5   Thumb Code     6  stm32f10x_gpio.o(.text)
    GPIO_PinRemapConfig                      0x080009bb   Thumb Code   138  stm32f10x_gpio.o(.text)
    GPIO_EXTILineConfig                      0x08000a45   Thumb Code    66  stm32f10x_gpio.o(.text)
    GPIO_ETH_MediaInterfaceConfig            0x08000a87   Thumb Code     8  stm32f10x_gpio.o(.text)
    PWR_DeInit                               0x08000ab5   Thumb Code    22  stm32f10x_pwr.o(.text)
    PWR_BackupAccessCmd                      0x08000acb   Thumb Code     6  stm32f10x_pwr.o(.text)
    PWR_PVDCmd                               0x08000ad1   Thumb Code     6  stm32f10x_pwr.o(.text)
    PWR_PVDLevelConfig                       0x08000ad7   Thumb Code    18  stm32f10x_pwr.o(.text)
    PWR_WakeUpPinCmd                         0x08000ae9   Thumb Code     8  stm32f10x_pwr.o(.text)
    PWR_EnterSTOPMode                        0x08000af1   Thumb Code    54  stm32f10x_pwr.o(.text)
    PWR_EnterSTANDBYMode                     0x08000b27   Thumb Code    42  stm32f10x_pwr.o(.text)
    PWR_GetFlagStatus                        0x08000b51   Thumb Code    20  stm32f10x_pwr.o(.text)
    PWR_ClearFlag                            0x08000b65   Thumb Code    14  stm32f10x_pwr.o(.text)
    RCC_DeInit                               0x08000b81   Thumb Code    64  stm32f10x_rcc.o(.text)
    RCC_HSEConfig                            0x08000bc1   Thumb Code    70  stm32f10x_rcc.o(.text)
    RCC_GetFlagStatus                        0x08000c07   Thumb Code    56  stm32f10x_rcc.o(.text)
    RCC_WaitForHSEStartUp                    0x08000c3f   Thumb Code    56  stm32f10x_rcc.o(.text)
    RCC_AdjustHSICalibrationValue            0x08000c77   Thumb Code    20  stm32f10x_rcc.o(.text)
    RCC_HSICmd                               0x08000c8b   Thumb Code     6  stm32f10x_rcc.o(.text)
    RCC_PLLConfig                            0x08000c91   Thumb Code    24  stm32f10x_rcc.o(.text)
    RCC_PLLCmd                               0x08000ca9   Thumb Code     6  stm32f10x_rcc.o(.text)
    RCC_SYSCLKConfig                         0x08000caf   Thumb Code    18  stm32f10x_rcc.o(.text)
    RCC_GetSYSCLKSource                      0x08000cc1   Thumb Code    10  stm32f10x_rcc.o(.text)
    RCC_HCLKConfig                           0x08000ccb   Thumb Code    18  stm32f10x_rcc.o(.text)
    RCC_PCLK1Config                          0x08000cdd   Thumb Code    18  stm32f10x_rcc.o(.text)
    RCC_PCLK2Config                          0x08000cef   Thumb Code    20  stm32f10x_rcc.o(.text)
    RCC_ITConfig                             0x08000d03   Thumb Code    26  stm32f10x_rcc.o(.text)
    RCC_USBCLKConfig                         0x08000d1d   Thumb Code     8  stm32f10x_rcc.o(.text)
    RCC_ADCCLKConfig                         0x08000d25   Thumb Code    18  stm32f10x_rcc.o(.text)
    RCC_LSEConfig                            0x08000d37   Thumb Code    50  stm32f10x_rcc.o(.text)
    RCC_LSICmd                               0x08000d69   Thumb Code     6  stm32f10x_rcc.o(.text)
    RCC_RTCCLKConfig                         0x08000d6f   Thumb Code    12  stm32f10x_rcc.o(.text)
    RCC_RTCCLKCmd                            0x08000d7b   Thumb Code     8  stm32f10x_rcc.o(.text)
    RCC_GetClocksFreq                        0x08000d83   Thumb Code   192  stm32f10x_rcc.o(.text)
    RCC_AHBPeriphClockCmd                    0x08000e43   Thumb Code    26  stm32f10x_rcc.o(.text)
    RCC_APB2PeriphClockCmd                   0x08000e5d   Thumb Code    26  stm32f10x_rcc.o(.text)
    RCC_APB1PeriphClockCmd                   0x08000e77   Thumb Code    26  stm32f10x_rcc.o(.text)
    RCC_APB2PeriphResetCmd                   0x08000e91   Thumb Code    26  stm32f10x_rcc.o(.text)
    RCC_APB1PeriphResetCmd                   0x08000eab   Thumb Code    26  stm32f10x_rcc.o(.text)
    RCC_BackupResetCmd                       0x08000ec5   Thumb Code     8  stm32f10x_rcc.o(.text)
    RCC_ClockSecuritySystemCmd               0x08000ecd   Thumb Code     6  stm32f10x_rcc.o(.text)
    RCC_MCOConfig                            0x08000ed3   Thumb Code     6  stm32f10x_rcc.o(.text)
    RCC_ClearFlag                            0x08000ed9   Thumb Code    14  stm32f10x_rcc.o(.text)
    RCC_GetITStatus                          0x08000ee7   Thumb Code    20  stm32f10x_rcc.o(.text)
    RCC_ClearITPendingBit                    0x08000efb   Thumb Code     6  stm32f10x_rcc.o(.text)
    TIM_DeInit                               0x08000f25   Thumb Code   424  stm32f10x_tim.o(.text)
    TIM_TimeBaseInit                         0x080010cd   Thumb Code   122  stm32f10x_tim.o(.text)
    TIM_OC1Init                              0x08001147   Thumb Code   132  stm32f10x_tim.o(.text)
    TIM_OC2Init                              0x080011cb   Thumb Code   154  stm32f10x_tim.o(.text)
    TIM_OC3Init                              0x08001265   Thumb Code   150  stm32f10x_tim.o(.text)
    TIM_OC4Init                              0x080012fb   Thumb Code   182  stm32f10x_tim.o(.text)
    TIM_SetIC4Prescaler                      0x080013b1   Thumb Code    26  stm32f10x_tim.o(.text)
    TIM_SetIC3Prescaler                      0x0800144d   Thumb Code    18  stm32f10x_tim.o(.text)
    TIM_SetIC2Prescaler                      0x080014d9   Thumb Code    26  stm32f10x_tim.o(.text)
    TIM_SetIC1Prescaler                      0x08001575   Thumb Code    18  stm32f10x_tim.o(.text)
    TIM_ICInit                               0x080015f3   Thumb Code   150  stm32f10x_tim.o(.text)
    TIM_PWMIConfig                           0x08001689   Thumb Code   124  stm32f10x_tim.o(.text)
    TIM_BDTRConfig                           0x08001705   Thumb Code    32  stm32f10x_tim.o(.text)
    TIM_TimeBaseStructInit                   0x08001725   Thumb Code    18  stm32f10x_tim.o(.text)
    TIM_OCStructInit                         0x08001737   Thumb Code    20  stm32f10x_tim.o(.text)
    TIM_ICStructInit                         0x0800174b   Thumb Code    18  stm32f10x_tim.o(.text)
    TIM_BDTRStructInit                       0x0800175d   Thumb Code    40  stm32f10x_tim.o(.text)
    TIM_Cmd                                  0x08001785   Thumb Code    24  stm32f10x_tim.o(.text)
    TIM_CtrlPWMOutputs                       0x0800179d   Thumb Code    30  stm32f10x_tim.o(.text)
    TIM_ITConfig                             0x080017bb   Thumb Code    18  stm32f10x_tim.o(.text)
    TIM_GenerateEvent                        0x080017cd   Thumb Code     4  stm32f10x_tim.o(.text)
    TIM_DMAConfig                            0x080017d1   Thumb Code    10  stm32f10x_tim.o(.text)
    TIM_DMACmd                               0x080017db   Thumb Code    18  stm32f10x_tim.o(.text)
    TIM_InternalClockConfig                  0x080017ed   Thumb Code    12  stm32f10x_tim.o(.text)
    TIM_SelectInputTrigger                   0x080017f9   Thumb Code    18  stm32f10x_tim.o(.text)
    TIM_ITRxExternalClockConfig              0x0800180b   Thumb Code    24  stm32f10x_tim.o(.text)
    TIM_TIxExternalClockConfig               0x08001823   Thumb Code    62  stm32f10x_tim.o(.text)
    TIM_ETRConfig                            0x08001861   Thumb Code    28  stm32f10x_tim.o(.text)
    TIM_ETRClockMode1Config                  0x0800187d   Thumb Code    54  stm32f10x_tim.o(.text)
    TIM_ETRClockMode2Config                  0x080018b3   Thumb Code    32  stm32f10x_tim.o(.text)
    TIM_PrescalerConfig                      0x080018d3   Thumb Code     6  stm32f10x_tim.o(.text)
    TIM_CounterModeConfig                    0x080018d9   Thumb Code    18  stm32f10x_tim.o(.text)
    TIM_EncoderInterfaceConfig               0x080018eb   Thumb Code    66  stm32f10x_tim.o(.text)
    TIM_ForcedOC1Config                      0x0800192d   Thumb Code    18  stm32f10x_tim.o(.text)
    TIM_ForcedOC2Config                      0x0800193f   Thumb Code    26  stm32f10x_tim.o(.text)
    TIM_ForcedOC3Config                      0x08001959   Thumb Code    18  stm32f10x_tim.o(.text)
    TIM_ForcedOC4Config                      0x0800196b   Thumb Code    26  stm32f10x_tim.o(.text)
    TIM_ARRPreloadConfig                     0x08001985   Thumb Code    24  stm32f10x_tim.o(.text)
    TIM_SelectCOM                            0x0800199d   Thumb Code    24  stm32f10x_tim.o(.text)
    TIM_SelectCCDMA                          0x080019b5   Thumb Code    24  stm32f10x_tim.o(.text)
    TIM_CCPreloadControl                     0x080019cd   Thumb Code    24  stm32f10x_tim.o(.text)
    TIM_OC1PreloadConfig                     0x080019e5   Thumb Code    18  stm32f10x_tim.o(.text)
    TIM_OC2PreloadConfig                     0x080019f7   Thumb Code    26  stm32f10x_tim.o(.text)
    TIM_OC3PreloadConfig                     0x08001a11   Thumb Code    18  stm32f10x_tim.o(.text)
    TIM_OC4PreloadConfig                     0x08001a23   Thumb Code    26  stm32f10x_tim.o(.text)
    TIM_OC1FastConfig                        0x08001a3d   Thumb Code    18  stm32f10x_tim.o(.text)
    TIM_OC2FastConfig                        0x08001a4f   Thumb Code    26  stm32f10x_tim.o(.text)
    TIM_OC3FastConfig                        0x08001a69   Thumb Code    18  stm32f10x_tim.o(.text)
    TIM_OC4FastConfig                        0x08001a7b   Thumb Code    26  stm32f10x_tim.o(.text)
    TIM_ClearOC1Ref                          0x08001a95   Thumb Code    18  stm32f10x_tim.o(.text)
    TIM_ClearOC2Ref                          0x08001aa7   Thumb Code    24  stm32f10x_tim.o(.text)
    TIM_ClearOC3Ref                          0x08001abf   Thumb Code    18  stm32f10x_tim.o(.text)
    TIM_ClearOC4Ref                          0x08001ad1   Thumb Code    24  stm32f10x_tim.o(.text)
    TIM_OC1PolarityConfig                    0x08001ae9   Thumb Code    18  stm32f10x_tim.o(.text)
    TIM_OC1NPolarityConfig                   0x08001afb   Thumb Code    18  stm32f10x_tim.o(.text)
    TIM_OC2PolarityConfig                    0x08001b0d   Thumb Code    26  stm32f10x_tim.o(.text)
    TIM_OC2NPolarityConfig                   0x08001b27   Thumb Code    26  stm32f10x_tim.o(.text)
    TIM_OC3PolarityConfig                    0x08001b41   Thumb Code    26  stm32f10x_tim.o(.text)
    TIM_OC3NPolarityConfig                   0x08001b5b   Thumb Code    26  stm32f10x_tim.o(.text)
    TIM_OC4PolarityConfig                    0x08001b75   Thumb Code    26  stm32f10x_tim.o(.text)
    TIM_CCxCmd                               0x08001b8f   Thumb Code    30  stm32f10x_tim.o(.text)
    TIM_CCxNCmd                              0x08001bad   Thumb Code    30  stm32f10x_tim.o(.text)
    TIM_SelectOCxM                           0x08001bcb   Thumb Code    82  stm32f10x_tim.o(.text)
    TIM_UpdateDisableConfig                  0x08001c1d   Thumb Code    24  stm32f10x_tim.o(.text)
    TIM_UpdateRequestConfig                  0x08001c35   Thumb Code    24  stm32f10x_tim.o(.text)
    TIM_SelectHallSensor                     0x08001c4d   Thumb Code    24  stm32f10x_tim.o(.text)
    TIM_SelectOnePulseMode                   0x08001c65   Thumb Code    18  stm32f10x_tim.o(.text)
    TIM_SelectOutputTrigger                  0x08001c77   Thumb Code    18  stm32f10x_tim.o(.text)
    TIM_SelectSlaveMode                      0x08001c89   Thumb Code    18  stm32f10x_tim.o(.text)
    TIM_SelectMasterSlaveMode                0x08001c9b   Thumb Code    18  stm32f10x_tim.o(.text)
    TIM_SetCounter                           0x08001cad   Thumb Code     4  stm32f10x_tim.o(.text)
    TIM_SetAutoreload                        0x08001cb1   Thumb Code     4  stm32f10x_tim.o(.text)
    TIM_SetCompare1                          0x08001cb5   Thumb Code     4  stm32f10x_tim.o(.text)
    TIM_SetCompare2                          0x08001cb9   Thumb Code     4  stm32f10x_tim.o(.text)
    TIM_SetCompare3                          0x08001cbd   Thumb Code     4  stm32f10x_tim.o(.text)
    TIM_SetCompare4                          0x08001cc1   Thumb Code     6  stm32f10x_tim.o(.text)
    TIM_SetClockDivision                     0x08001cc7   Thumb Code    18  stm32f10x_tim.o(.text)
    TIM_GetCapture1                          0x08001cd9   Thumb Code     6  stm32f10x_tim.o(.text)
    TIM_GetCapture2                          0x08001cdf   Thumb Code     6  stm32f10x_tim.o(.text)
    TIM_GetCapture3                          0x08001ce5   Thumb Code     6  stm32f10x_tim.o(.text)
    TIM_GetCapture4                          0x08001ceb   Thumb Code     8  stm32f10x_tim.o(.text)
    TIM_GetCounter                           0x08001cf3   Thumb Code     6  stm32f10x_tim.o(.text)
    TIM_GetPrescaler                         0x08001cf9   Thumb Code     6  stm32f10x_tim.o(.text)
    TIM_GetFlagStatus                        0x08001cff   Thumb Code    18  stm32f10x_tim.o(.text)
    TIM_ClearFlag                            0x08001d11   Thumb Code     6  stm32f10x_tim.o(.text)
    TIM_GetITStatus                          0x08001d17   Thumb Code    34  stm32f10x_tim.o(.text)
    TIM_ClearITPendingBit                    0x08001d39   Thumb Code     6  stm32f10x_tim.o(.text)
    USART_DeInit                             0x08001d41   Thumb Code   134  stm32f10x_usart.o(.text)
    USART_Init                               0x08001dc7   Thumb Code   210  stm32f10x_usart.o(.text)
    USART_StructInit                         0x08001e99   Thumb Code    24  stm32f10x_usart.o(.text)
    USART_ClockInit                          0x08001eb1   Thumb Code    34  stm32f10x_usart.o(.text)
    USART_ClockStructInit                    0x08001ed3   Thumb Code    12  stm32f10x_usart.o(.text)
    USART_Cmd                                0x08001edf   Thumb Code    24  stm32f10x_usart.o(.text)
    USART_ITConfig                           0x08001ef7   Thumb Code    74  stm32f10x_usart.o(.text)
    USART_DMACmd                             0x08001f41   Thumb Code    18  stm32f10x_usart.o(.text)
    USART_SetAddress                         0x08001f53   Thumb Code    18  stm32f10x_usart.o(.text)
    USART_WakeUpConfig                       0x08001f65   Thumb Code    18  stm32f10x_usart.o(.text)
    USART_ReceiverWakeUpCmd                  0x08001f77   Thumb Code    24  stm32f10x_usart.o(.text)
    USART_LINBreakDetectLengthConfig         0x08001f8f   Thumb Code    18  stm32f10x_usart.o(.text)
    USART_LINCmd                             0x08001fa1   Thumb Code    24  stm32f10x_usart.o(.text)
    USART_SendData                           0x08001fb9   Thumb Code     8  stm32f10x_usart.o(.text)
    USART_ReceiveData                        0x08001fc1   Thumb Code    10  stm32f10x_usart.o(.text)
    USART_SendBreak                          0x08001fcb   Thumb Code    10  stm32f10x_usart.o(.text)
    USART_SetGuardTime                       0x08001fd5   Thumb Code    16  stm32f10x_usart.o(.text)
    USART_SetPrescaler                       0x08001fe5   Thumb Code    16  stm32f10x_usart.o(.text)
    USART_SmartCardCmd                       0x08001ff5   Thumb Code    24  stm32f10x_usart.o(.text)
    USART_SmartCardNACKCmd                   0x0800200d   Thumb Code    24  stm32f10x_usart.o(.text)
    USART_HalfDuplexCmd                      0x08002025   Thumb Code    24  stm32f10x_usart.o(.text)
    USART_OverSampling8Cmd                   0x0800203d   Thumb Code    22  stm32f10x_usart.o(.text)
    USART_OneBitMethodCmd                    0x08002053   Thumb Code    24  stm32f10x_usart.o(.text)
    USART_IrDAConfig                         0x0800206b   Thumb Code    18  stm32f10x_usart.o(.text)
    USART_IrDACmd                            0x0800207d   Thumb Code    24  stm32f10x_usart.o(.text)
    USART_GetFlagStatus                      0x08002095   Thumb Code    26  stm32f10x_usart.o(.text)
    USART_ClearFlag                          0x080020af   Thumb Code    18  stm32f10x_usart.o(.text)
    USART_GetITStatus                        0x080020c1   Thumb Code    84  stm32f10x_usart.o(.text)
    USART_ClearITPendingBit                  0x08002115   Thumb Code    52  stm32f10x_usart.o(.text)
    delay_init                               0x08002149   Thumb Code    50  delay.o(.text)
    delay_us                                 0x0800217b   Thumb Code    72  delay.o(.text)
    delay_ms                                 0x080021c3   Thumb Code    72  delay.o(.text)
    MY_NVIC_SetVectorTable                   0x0800221d   Thumb Code    12  sys.o(.text)
    MY_NVIC_PriorityGroupConfig              0x08002229   Thumb Code    36  sys.o(.text)
    MY_NVIC_Init                             0x0800224d   Thumb Code   116  sys.o(.text)
    Ex_NVIC_Config                           0x080022c1   Thumb Code   146  sys.o(.text)
    MYRCC_DeInit                             0x08002353   Thumb Code    90  sys.o(.text)
    Sys_Standby                              0x080023ad   Thumb Code    68  sys.o(.text)
    Sys_Soft_Reset                           0x080023f1   Thumb Code    12  sys.o(.text)
    JTAG_Set                                 0x080023fd   Thumb Code    42  sys.o(.text)
    Stm32_Clock_Init                         0x08002427   Thumb Code   134  sys.o(.text)
    _sys_exit                                0x080024d9   Thumb Code     6  usart.o(.text)
    fputc                                    0x080024df   Thumb Code    24  usart.o(.text)
    uart_init                                0x080024f7   Thumb Code   150  usart.o(.text)
    USART1_IRQHandler                        0x0800258d   Thumb Code   122  usart.o(.text)
    LED_Init                                 0x08002619   Thumb Code    36  led.o(.text)
    Led_Flash                                0x0800263d   Thumb Code    44  led.o(.text)
    KEY_Init                                 0x08002679   Thumb Code    56  key.o(.text)
    click_N_Double                           0x080026b1   Thumb Code   184  key.o(.text)
    click                                    0x08002769   Thumb Code   162  key.o(.text)
    Long_Press                               0x0800280b   Thumb Code    72  key.o(.text)
    KEY_Scan                                 0x08002853   Thumb Code    64  key.o(.text)
    OLED_WR_Byte                             0x080028c5   Thumb Code    78  oled.o(.text)
    OLED_Refresh_Gram                        0x08002913   Thumb Code    70  oled.o(.text)
    OLED_Display_On                          0x08002959   Thumb Code    28  oled.o(.text)
    OLED_Display_Off                         0x08002975   Thumb Code    28  oled.o(.text)
    OLED_Clear                               0x08002991   Thumb Code    42  oled.o(.text)
    OLED_DrawPoint                           0x080029bb   Thumb Code   100  oled.o(.text)
    OLED_ShowChar                            0x08002a1f   Thumb Code   234  oled.o(.text)
    oled_pow                                 0x08002b09   Thumb Code    22  oled.o(.text)
    OLED_ShowNumber                          0x08002b1f   Thumb Code   148  oled.o(.text)
    OLED_ShowString                          0x08002bb3   Thumb Code    94  oled.o(.text)
    OLED_Init                                0x08002c11   Thumb Code   358  oled.o(.text)
    TIM2_Int_Init                            0x08002d77   Thumb Code    90  timer.o(.text)
    TIM4_PWM_Init                            0x08002dd1   Thumb Code   184  motor.o(.text)
    TIM1_PWM_Init                            0x08002e89   Thumb Code   172  motor.o(.text)
    uart3_init                               0x08002f49   Thumb Code   158  usart3.o(.text)
    USART3_IRQHandler                        0x08002fe7   Thumb Code    14  usart3.o(.text)
    Kinematic_Analysis                       0x08002ffd   Thumb Code  1260  control.o(.text)
    Set_Pwm                                  0x080034e9   Thumb Code   184  control.o(.text)
    Xianfu_Pwm2                              0x080035a1   Thumb Code   390  control.o(.text)
    Position_PID6                            0x08003727   Thumb Code   148  control.o(.text)
    Position_PID5                            0x080037bb   Thumb Code   322  control.o(.text)
    Position_PID4                            0x080038fd   Thumb Code   148  control.o(.text)
    Position_PID3                            0x08003991   Thumb Code   148  control.o(.text)
    Position_PID2                            0x08003a25   Thumb Code   148  control.o(.text)
    Position_PID1                            0x08003ab9   Thumb Code   148  control.o(.text)
    Xianfu_Pwm                               0x08003b4d   Thumb Code   370  control.o(.text)
    Get_Target                               0x08003cbf   Thumb Code   576  control.o(.text)
    TIM2_IRQHandler                          0x08003eff   Thumb Code   204  control.o(.text)
    Turn_Off                                 0x08003fcb   Thumb Code    16  control.o(.text)
    myabs                                    0x08003fdb   Thumb Code    14  control.o(.text)
    __use_no_semihosting                     0x08004041   Thumb Code     2  use_no_semi_2.o(.text)
    __use_two_region_memory                  0x08004043   Thumb Code     2  heapauxi.o(.text)
    __rt_heap_escrow$2region                 0x08004045   Thumb Code     2  heapauxi.o(.text)
    __rt_heap_expand$2region                 0x08004047   Thumb Code     2  heapauxi.o(.text)
    __I$use$semihosting                      0x08004049   Thumb Code     0  use_no_semi.o(.text)
    __use_no_semihosting_swi                 0x08004049   Thumb Code     2  use_no_semi.o(.text)
    __read_errno                             0x0800404b   Thumb Code    10  _rserrno.o(.text)
    __set_errno                              0x08004055   Thumb Code    12  _rserrno.o(.text)
    __aeabi_errno_addr                       0x08004061   Thumb Code     8  rt_errno_addr_intlibspace.o(.text)
    __errno$intlibspace                      0x08004061   Thumb Code     0  rt_errno_addr_intlibspace.o(.text)
    __rt_errno_addr$intlibspace              0x08004061   Thumb Code     0  rt_errno_addr_intlibspace.o(.text)
    __user_libspace                          0x08004069   Thumb Code     8  libspace.o(.text)
    __user_perproc_libspace                  0x08004069   Thumb Code     0  libspace.o(.text)
    __user_perthread_libspace                0x08004069   Thumb Code     0  libspace.o(.text)
    __user_setup_stackheap                   0x08004071   Thumb Code    74  sys_stackheap_outer.o(.text)
    exit                                     0x080040bb   Thumb Code    12  exit.o(.text)
    __ARM_fpclassify                         0x080040c7   Thumb Code    40  fpclassify.o(i.__ARM_fpclassify)
    __ieee754_rem_pio2                       0x080040f1   Thumb Code   828  rred.o(i.__ieee754_rem_pio2)
    __kernel_cos                             0x08004479   Thumb Code   230  cos_i.o(i.__kernel_cos)
    __kernel_poly                            0x08004575   Thumb Code   170  poly.o(i.__kernel_poly)
    __kernel_sin                             0x08004621   Thumb Code   224  sin_i.o(i.__kernel_sin)
    __mathlib_dbl_infnan                     0x0800470d   Thumb Code     6  dunder.o(i.__mathlib_dbl_infnan)
    __mathlib_dbl_invalid                    0x08004713   Thumb Code    12  dunder.o(i.__mathlib_dbl_invalid)
    __mathlib_dbl_underflow                  0x08004721   Thumb Code    10  dunder.o(i.__mathlib_dbl_underflow)
    asin                                     0x08004731   Thumb Code   572  asin.o(i.asin)
    cos                                      0x080049a1   Thumb Code   148  cos.o(i.cos)
    sin                                      0x08004a3d   Thumb Code   150  sin.o(i.sin)
    sqrt                                     0x08004add   Thumb Code    76  sqrt.o(i.sqrt)
    __aeabi_d2f                              0x08004b29   Thumb Code     0  d2f.o(x$fpl$d2f)
    _d2f                                     0x08004b29   Thumb Code    98  d2f.o(x$fpl$d2f)
    __aeabi_dadd                             0x08004b8d   Thumb Code     0  daddsub_clz.o(x$fpl$dadd)
    _dadd                                    0x08004b8d   Thumb Code   332  daddsub_clz.o(x$fpl$dadd)
    __fpl_dcheck_NaN1                        0x08004cdd   Thumb Code    10  dcheck1.o(x$fpl$dcheck1)
    __aeabi_ddiv                             0x08004ced   Thumb Code     0  ddiv.o(x$fpl$ddiv)
    _ddiv                                    0x08004ced   Thumb Code   552  ddiv.o(x$fpl$ddiv)
    __aeabi_d2iz                             0x08004f9d   Thumb Code     0  dfix.o(x$fpl$dfix)
    _dfix                                    0x08004f9d   Thumb Code    94  dfix.o(x$fpl$dfix)
    __aeabi_i2d                              0x08004ffb   Thumb Code     0  dflt_clz.o(x$fpl$dflt)
    _dflt                                    0x08004ffb   Thumb Code    46  dflt_clz.o(x$fpl$dflt)
    __aeabi_ui2d                             0x08005029   Thumb Code     0  dflt_clz.o(x$fpl$dfltu)
    _dfltu                                   0x08005029   Thumb Code    38  dflt_clz.o(x$fpl$dfltu)
    __aeabi_dmul                             0x08005051   Thumb Code     0  dmul.o(x$fpl$dmul)
    _dmul                                    0x08005051   Thumb Code   332  dmul.o(x$fpl$dmul)
    __fpl_dnaninf                            0x080051a5   Thumb Code   156  dnaninf.o(x$fpl$dnaninf)
    __fpl_dretinf                            0x08005241   Thumb Code    12  dretinf.o(x$fpl$dretinf)
    __aeabi_drsub                            0x0800524d   Thumb Code     0  daddsub_clz.o(x$fpl$drsb)
    _drsb                                    0x0800524d   Thumb Code    22  daddsub_clz.o(x$fpl$drsb)
    _dsqrt                                   0x08005265   Thumb Code   456  dsqrt_noumaal.o(x$fpl$dsqrt)
    __aeabi_dsub                             0x08005431   Thumb Code     0  daddsub_clz.o(x$fpl$dsub)
    _dsub                                    0x08005431   Thumb Code   464  daddsub_clz.o(x$fpl$dsub)
    __aeabi_f2d                              0x08005605   Thumb Code     0  f2d.o(x$fpl$f2d)
    _f2d                                     0x08005605   Thumb Code    86  f2d.o(x$fpl$f2d)
    __aeabi_fadd                             0x0800565d   Thumb Code     0  faddsub_clz.o(x$fpl$fadd)
    _fadd                                    0x0800565d   Thumb Code   196  faddsub_clz.o(x$fpl$fadd)
    __fpl_fcmp_Inf                           0x08005721   Thumb Code    24  fcmpi.o(x$fpl$fcmpinf)
    __aeabi_fdiv                             0x08005739   Thumb Code     0  fdiv.o(x$fpl$fdiv)
    _fdiv                                    0x08005739   Thumb Code   384  fdiv.o(x$fpl$fdiv)
    __aeabi_f2iz                             0x080058bd   Thumb Code     0  ffix.o(x$fpl$ffix)
    _ffix                                    0x080058bd   Thumb Code    54  ffix.o(x$fpl$ffix)
    __aeabi_f2uiz                            0x080058f5   Thumb Code     0  ffixu.o(x$fpl$ffixu)
    _ffixu                                   0x080058f5   Thumb Code    62  ffixu.o(x$fpl$ffixu)
    __aeabi_i2f                              0x08005935   Thumb Code     0  fflt_clz.o(x$fpl$fflt)
    _fflt                                    0x08005935   Thumb Code    48  fflt_clz.o(x$fpl$fflt)
    __aeabi_cfcmple                          0x08005965   Thumb Code     0  fleqf.o(x$fpl$fleqf)
    _fcmple                                  0x08005965   Thumb Code   104  fleqf.o(x$fpl$fleqf)
    __fpl_fcmple_InfNaN                      0x080059b7   Thumb Code     0  fleqf.o(x$fpl$fleqf)
    __aeabi_fmul                             0x080059cd   Thumb Code     0  fmul.o(x$fpl$fmul)
    _fmul                                    0x080059cd   Thumb Code   258  fmul.o(x$fpl$fmul)
    __fpl_fnaninf                            0x08005acf   Thumb Code   140  fnaninf.o(x$fpl$fnaninf)
    __fpl_fretinf                            0x08005b5b   Thumb Code    10  fretinf.o(x$fpl$fretinf)
    __aeabi_cfrcmple                         0x08005b65   Thumb Code     0  frleqf.o(x$fpl$frleqf)
    _frcmple                                 0x08005b65   Thumb Code    98  frleqf.o(x$fpl$frleqf)
    __aeabi_frsub                            0x08005bc7   Thumb Code     0  faddsub_clz.o(x$fpl$frsb)
    _frsb                                    0x08005bc7   Thumb Code    20  faddsub_clz.o(x$fpl$frsb)
    __aeabi_fsub                             0x08005bdd   Thumb Code     0  faddsub_clz.o(x$fpl$fsub)
    _fsub                                    0x08005bdd   Thumb Code   234  faddsub_clz.o(x$fpl$fsub)
    __fpl_return_NaN                         0x08005cc7   Thumb Code   100  retnan.o(x$fpl$retnan)
    __ARM_scalbn                             0x08005d2b   Thumb Code    92  scalbn.o(x$fpl$scalbn)
    __fpl_cmpreturn                          0x08005d87   Thumb Code    48  trapv.o(x$fpl$trapveneer)
    __I$use$fp                               0x08005db6   Number         0  usenofp.o(x$fpl$usenofp)
    asc2_1206                                0x08005db6   Data        1140  oled.o(.constdata)
    asc2_1608                                0x0800622a   Data        1520  oled.o(.constdata)
    Region$$Table$$Base                      0x08006990   Number         0  anon$$obj.o(Region$$Table)
    Region$$Table$$Limit                     0x080069b0   Number         0  anon$$obj.o(Region$$Table)
    SystemCoreClock                          0x20000000   Data           4  system_stm32f10x.o(.data)
    AHBPrescTable                            0x20000004   Data          16  system_stm32f10x.o(.data)
    Flag_Way                                 0x20000014   Data           1  minibalance.o(.data)
    Flag_Show                                0x20000015   Data           1  minibalance.o(.data)
    Servo1                                   0x20000018   Data           4  minibalance.o(.data)
    Servo2                                   0x2000001c   Data           4  minibalance.o(.data)
    Servo3                                   0x20000020   Data           4  minibalance.o(.data)
    Servo4                                   0x20000024   Data           4  minibalance.o(.data)
    Servo5                                   0x20000028   Data           4  minibalance.o(.data)
    Velocity1                                0x2000002c   Data           4  minibalance.o(.data)
    Velocity2                                0x20000030   Data           4  minibalance.o(.data)
    Velocity3                                0x20000034   Data           4  minibalance.o(.data)
    Velocity4                                0x20000038   Data           4  minibalance.o(.data)
    Velocity5                                0x2000003c   Data           4  minibalance.o(.data)
    Velocity6                                0x20000040   Data           4  minibalance.o(.data)
    Position1                                0x20000044   Data           4  minibalance.o(.data)
    Position2                                0x20000048   Data           4  minibalance.o(.data)
    Position3                                0x2000004c   Data           4  minibalance.o(.data)
    Position4                                0x20000050   Data           4  minibalance.o(.data)
    Position5                                0x20000054   Data           4  minibalance.o(.data)
    Position6                                0x20000058   Data           4  minibalance.o(.data)
    Speed                                    0x2000005c   Data           4  minibalance.o(.data)
    Voltage                                  0x20000060   Data           4  minibalance.o(.data)
    delay_50                                 0x20000064   Data           1  minibalance.o(.data)
    delay_flag                               0x20000065   Data           1  minibalance.o(.data)
    Bi_zhang                                 0x20000066   Data           1  minibalance.o(.data)
    PID_Send                                 0x20000067   Data           1  minibalance.o(.data)
    Flash_Send                               0x20000068   Data           1  minibalance.o(.data)
    Balance_Kp                               0x2000006c   Data           4  minibalance.o(.data)
    Balance_Kd                               0x20000070   Data           4  minibalance.o(.data)
    Velocity_Kp                              0x20000074   Data           4  minibalance.o(.data)
    Velocity_Ki                              0x20000078   Data           4  minibalance.o(.data)
    Target_X                                 0x2000007c   Data           4  minibalance.o(.data)
    Target_Y                                 0x20000080   Data           4  minibalance.o(.data)
    Target_Z                                 0x20000084   Data           4  minibalance.o(.data)
    Target1                                  0x20000088   Data           4  minibalance.o(.data)
    Target2                                  0x2000008c   Data           4  minibalance.o(.data)
    Target3                                  0x20000090   Data           4  minibalance.o(.data)
    Target4                                  0x20000094   Data           4  minibalance.o(.data)
    Target5                                  0x20000098   Data           4  minibalance.o(.data)
    Target6                                  0x2000009c   Data           4  minibalance.o(.data)
    TargetX                                  0x200000a0   Data           4  minibalance.o(.data)
    TargetY                                  0x200000a4   Data           4  minibalance.o(.data)
    Target_Beta                              0x200000a8   Data           4  minibalance.o(.data)
    Target_Alpha                             0x200000ac   Data           4  minibalance.o(.data)
    Target_Gamma                             0x200000b0   Data           4  minibalance.o(.data)
    Position_KP                              0x200000b4   Data           4  minibalance.o(.data)
    Position_KI                              0x200000b8   Data           4  minibalance.o(.data)
    Position_KD                              0x200000bc   Data           4  minibalance.o(.data)
    PS2_LX                                   0x200000c0   Data           4  minibalance.o(.data)
    PS2_LY                                   0x200000c4   Data           4  minibalance.o(.data)
    PS2_RX                                   0x200000c8   Data           4  minibalance.o(.data)
    PS2_RY                                   0x200000cc   Data           4  minibalance.o(.data)
    PS2_KEY                                  0x200000d0   Data           4  minibalance.o(.data)
    __stdout                                 0x200000ec   Data           4  usart.o(.data)
    USART_RX_STA                             0x200000f0   Data           2  usart.o(.data)
    Balance_Pwm                              0x20000108   Data           4  control.o(.data)
    Velocity_Pwm                             0x2000010c   Data           4  control.o(.data)
    Turn_Pwm                                 0x20000110   Data           4  control.o(.data)
    Flag_Target                              0x20000114   Data           1  control.o(.data)
    Flash_R_Count                            0x20000118   Data           4  control.o(.data)
    Voltage_Temp                             0x2000011c   Data           4  control.o(.data)
    Voltage_Count                            0x20000120   Data           4  control.o(.data)
    Voltage_All                              0x20000124   Data           4  control.o(.data)
    Last_TargetX                             0x20000128   Data           4  control.o(.data)
    Last_TargetY                             0x2000012c   Data           4  control.o(.data)
    USART_RX_BUF                             0x20000190   Data         200  usart.o(.bss)
    OLED_GRAM                                0x20000258   Data        1024  oled.o(.bss)
    __libspace_start                         0x20000658   Data          96  libspace.o(.bss)
    __temporary_stack_top$libspace           0x200006b8   Data           0  libspace.o(.bss)



==============================================================================

Memory Map of the image

  Image Entry point : 0x080000ed

  Load Region LR_IROM1 (Base: 0x08000000, Size: 0x00006b40, Max: 0x00010000, ABSOLUTE, COMPRESSED[0x00006a00])

    Execution Region ER_IROM1 (Base: 0x08000000, Size: 0x000069b0, Max: 0x00010000, ABSOLUTE)

    Base Addr    Size         Type   Attr      Idx    E Section Name        Object

    0x08000000   0x000000ec   Data   RO          212    RESET               startup_stm32f10x_md.o
    0x080000ec   0x00000008   Code   RO          810  * !!!main             c_w.l(__main.o)
    0x080000f4   0x00000034   Code   RO         1133    !!!scatter          c_w.l(__scatter.o)
    0x08000128   0x0000005a   Code   RO         1131    !!dczerorl2         c_w.l(__dczerorl2.o)
    0x08000182   0x00000002   PAD
    0x08000184   0x0000001c   Code   RO         1135    !!handler_zi        c_w.l(__scatter_zi.o)
    0x080001a0   0x00000002   Code   RO         1005    .ARM.Collect$$libinit$$00000000  c_w.l(libinit.o)
    0x080001a2   0x00000000   Code   RO         1011    .ARM.Collect$$libinit$$00000002  c_w.l(libinit2.o)
    0x080001a2   0x00000000   Code   RO         1013    .ARM.Collect$$libinit$$00000004  c_w.l(libinit2.o)
    0x080001a2   0x00000000   Code   RO         1016    .ARM.Collect$$libinit$$0000000A  c_w.l(libinit2.o)
    0x080001a2   0x00000000   Code   RO         1018    .ARM.Collect$$libinit$$0000000C  c_w.l(libinit2.o)
    0x080001a2   0x00000000   Code   RO         1020    .ARM.Collect$$libinit$$0000000E  c_w.l(libinit2.o)
    0x080001a2   0x00000000   Code   RO         1023    .ARM.Collect$$libinit$$00000011  c_w.l(libinit2.o)
    0x080001a2   0x00000000   Code   RO         1025    .ARM.Collect$$libinit$$00000013  c_w.l(libinit2.o)
    0x080001a2   0x00000000   Code   RO         1027    .ARM.Collect$$libinit$$00000015  c_w.l(libinit2.o)
    0x080001a2   0x00000000   Code   RO         1029    .ARM.Collect$$libinit$$00000017  c_w.l(libinit2.o)
    0x080001a2   0x00000000   Code   RO         1031    .ARM.Collect$$libinit$$00000019  c_w.l(libinit2.o)
    0x080001a2   0x00000000   Code   RO         1033    .ARM.Collect$$libinit$$0000001B  c_w.l(libinit2.o)
    0x080001a2   0x00000000   Code   RO         1035    .ARM.Collect$$libinit$$0000001D  c_w.l(libinit2.o)
    0x080001a2   0x00000000   Code   RO         1037    .ARM.Collect$$libinit$$0000001F  c_w.l(libinit2.o)
    0x080001a2   0x00000000   Code   RO         1039    .ARM.Collect$$libinit$$00000021  c_w.l(libinit2.o)
    0x080001a2   0x00000000   Code   RO         1041    .ARM.Collect$$libinit$$00000023  c_w.l(libinit2.o)
    0x080001a2   0x00000000   Code   RO         1043    .ARM.Collect$$libinit$$00000025  c_w.l(libinit2.o)
    0x080001a2   0x00000000   Code   RO         1047    .ARM.Collect$$libinit$$0000002C  c_w.l(libinit2.o)
    0x080001a2   0x00000000   Code   RO         1049    .ARM.Collect$$libinit$$0000002E  c_w.l(libinit2.o)
    0x080001a2   0x00000000   Code   RO         1051    .ARM.Collect$$libinit$$00000030  c_w.l(libinit2.o)
    0x080001a2   0x00000000   Code   RO         1053    .ARM.Collect$$libinit$$00000032  c_w.l(libinit2.o)
    0x080001a2   0x00000002   Code   RO         1054    .ARM.Collect$$libinit$$00000033  c_w.l(libinit2.o)
    0x080001a4   0x00000002   Code   RO         1074    .ARM.Collect$$libshutdown$$00000000  c_w.l(libshutdown.o)
    0x080001a6   0x00000000   Code   RO         1085    .ARM.Collect$$libshutdown$$00000003  c_w.l(libshutdown2.o)
    0x080001a6   0x00000000   Code   RO         1088    .ARM.Collect$$libshutdown$$00000006  c_w.l(libshutdown2.o)
    0x080001a6   0x00000000   Code   RO         1091    .ARM.Collect$$libshutdown$$00000009  c_w.l(libshutdown2.o)
    0x080001a6   0x00000000   Code   RO         1093    .ARM.Collect$$libshutdown$$0000000B  c_w.l(libshutdown2.o)
    0x080001a6   0x00000000   Code   RO         1096    .ARM.Collect$$libshutdown$$0000000E  c_w.l(libshutdown2.o)
    0x080001a6   0x00000002   Code   RO         1097    .ARM.Collect$$libshutdown$$0000000F  c_w.l(libshutdown2.o)
    0x080001a8   0x00000000   Code   RO          904    .ARM.Collect$$rtentry$$00000000  c_w.l(__rtentry.o)
    0x080001a8   0x00000000   Code   RO          962    .ARM.Collect$$rtentry$$00000002  c_w.l(__rtentry2.o)
    0x080001a8   0x00000006   Code   RO          974    .ARM.Collect$$rtentry$$00000004  c_w.l(__rtentry4.o)
    0x080001ae   0x00000000   Code   RO          964    .ARM.Collect$$rtentry$$00000009  c_w.l(__rtentry2.o)
    0x080001ae   0x00000004   Code   RO          965    .ARM.Collect$$rtentry$$0000000A  c_w.l(__rtentry2.o)
    0x080001b2   0x00000000   Code   RO          967    .ARM.Collect$$rtentry$$0000000C  c_w.l(__rtentry2.o)
    0x080001b2   0x00000008   Code   RO          968    .ARM.Collect$$rtentry$$0000000D  c_w.l(__rtentry2.o)
    0x080001ba   0x00000002   Code   RO         1008    .ARM.Collect$$rtexit$$00000000  c_w.l(rtexit.o)
    0x080001bc   0x00000000   Code   RO         1058    .ARM.Collect$$rtexit$$00000002  c_w.l(rtexit2.o)
    0x080001bc   0x00000004   Code   RO         1059    .ARM.Collect$$rtexit$$00000003  c_w.l(rtexit2.o)
    0x080001c0   0x00000006   Code   RO         1060    .ARM.Collect$$rtexit$$00000004  c_w.l(rtexit2.o)
    0x080001c6   0x00000002   PAD
    0x080001c8   0x0000000c   Code   RO          551    .emb_text           sys.o
    0x080001d4   0x0000001a   Code   RO            1    .text               stm32f10x_it.o
    0x080001ee   0x00000002   PAD
    0x080001f0   0x000001e0   Code   RO          104    .text               system_stm32f10x.o
    0x080003d0   0x000001a8   Code   RO          122    .text               minibalance.o
    0x08000578   0x00000040   Code   RO          213    .text               startup_stm32f10x_md.o
    0x080005b8   0x000000dc   Code   RO          217    .text               misc.o
    0x08000694   0x000000c4   Code   RO          267    .text               stm32f10x_bkp.o
    0x08000758   0x0000035c   Code   RO          387    .text               stm32f10x_gpio.o
    0x08000ab4   0x000000cc   Code   RO          423    .text               stm32f10x_pwr.o
    0x08000b80   0x000003a4   Code   RO          435    .text               stm32f10x_rcc.o
    0x08000f24   0x00000e1a   Code   RO          485    .text               stm32f10x_tim.o
    0x08001d3e   0x00000002   PAD
    0x08001d40   0x00000408   Code   RO          497    .text               stm32f10x_usart.o
    0x08002148   0x000000d4   Code   RO          521    .text               delay.o
    0x0800221c   0x000002bc   Code   RO          552    .text               sys.o
    0x080024d8   0x00000140   Code   RO          567    .text               usart.o
    0x08002618   0x00000060   Code   RO          590    .text               led.o
    0x08002678   0x0000024c   Code   RO          603    .text               key.o
    0x080028c4   0x000004b2   Code   RO          616    .text               oled.o
    0x08002d76   0x0000005a   Code   RO          647    .text               timer.o
    0x08002dd0   0x00000178   Code   RO          659    .text               motor.o
    0x08002f48   0x000000b4   Code   RO          671    .text               usart3.o
    0x08002ffc   0x00001044   Code   RO          723    .text               control.o
    0x08004040   0x00000002   Code   RO          776    .text               c_w.l(use_no_semi_2.o)
    0x08004042   0x00000006   Code   RO          808    .text               c_w.l(heapauxi.o)
    0x08004048   0x00000002   Code   RO          902    .text               c_w.l(use_no_semi.o)
    0x0800404a   0x00000016   Code   RO          905    .text               c_w.l(_rserrno.o)
    0x08004060   0x00000008   Code   RO          979    .text               c_w.l(rt_errno_addr_intlibspace.o)
    0x08004068   0x00000008   Code   RO          991    .text               c_w.l(libspace.o)
    0x08004070   0x0000004a   Code   RO          994    .text               c_w.l(sys_stackheap_outer.o)
    0x080040ba   0x0000000c   Code   RO          998    .text               c_w.l(exit.o)
    0x080040c6   0x00000028   Code   RO          946    i.__ARM_fpclassify  m_ws.l(fpclassify.o)
    0x080040ee   0x00000002   PAD
    0x080040f0   0x00000388   Code   RO          950    i.__ieee754_rem_pio2  m_ws.l(rred.o)
    0x08004478   0x000000fc   Code   RO          929    i.__kernel_cos      m_ws.l(cos_i.o)
    0x08004574   0x000000aa   Code   RO          948    i.__kernel_poly     m_ws.l(poly.o)
    0x0800461e   0x00000002   PAD
    0x08004620   0x000000ec   Code   RO          955    i.__kernel_sin      m_ws.l(sin_i.o)
    0x0800470c   0x00000006   Code   RO          933    i.__mathlib_dbl_infnan  m_ws.l(dunder.o)
    0x08004712   0x0000000c   Code   RO          935    i.__mathlib_dbl_invalid  m_ws.l(dunder.o)
    0x0800471e   0x00000002   PAD
    0x08004720   0x00000010   Code   RO          938    i.__mathlib_dbl_underflow  m_ws.l(dunder.o)
    0x08004730   0x00000270   Code   RO          869    i.asin              m_ws.l(asin.o)
    0x080049a0   0x0000009c   Code   RO          879    i.cos               m_ws.l(cos.o)
    0x08004a3c   0x000000a0   Code   RO          887    i.sin               m_ws.l(sin.o)
    0x08004adc   0x0000004c   Code   RO          895    i.sqrt              m_ws.l(sqrt.o)
    0x08004b28   0x00000062   Code   RO          812    x$fpl$d2f           fz_ws.l(d2f.o)
    0x08004b8a   0x00000002   PAD
    0x08004b8c   0x00000150   Code   RO          814    x$fpl$dadd          fz_ws.l(daddsub_clz.o)
    0x08004cdc   0x00000010   Code   RO          987    x$fpl$dcheck1       fz_ws.l(dcheck1.o)
    0x08004cec   0x000002b0   Code   RO          821    x$fpl$ddiv          fz_ws.l(ddiv.o)
    0x08004f9c   0x0000005e   Code   RO          824    x$fpl$dfix          fz_ws.l(dfix.o)
    0x08004ffa   0x0000002e   Code   RO          829    x$fpl$dflt          fz_ws.l(dflt_clz.o)
    0x08005028   0x00000026   Code   RO          828    x$fpl$dfltu         fz_ws.l(dflt_clz.o)
    0x0800504e   0x00000002   PAD
    0x08005050   0x00000154   Code   RO          834    x$fpl$dmul          fz_ws.l(dmul.o)
    0x080051a4   0x0000009c   Code   RO          914    x$fpl$dnaninf       fz_ws.l(dnaninf.o)
    0x08005240   0x0000000c   Code   RO          916    x$fpl$dretinf       fz_ws.l(dretinf.o)
    0x0800524c   0x00000016   Code   RO          815    x$fpl$drsb          fz_ws.l(daddsub_clz.o)
    0x08005262   0x00000002   PAD
    0x08005264   0x000001cc   Code   RO          918    x$fpl$dsqrt         fz_ws.l(dsqrt_noumaal.o)
    0x08005430   0x000001d4   Code   RO          816    x$fpl$dsub          fz_ws.l(daddsub_clz.o)
    0x08005604   0x00000056   Code   RO          836    x$fpl$f2d           fz_ws.l(f2d.o)
    0x0800565a   0x00000002   PAD
    0x0800565c   0x000000c4   Code   RO          838    x$fpl$fadd          fz_ws.l(faddsub_clz.o)
    0x08005720   0x00000018   Code   RO          920    x$fpl$fcmpinf       fz_ws.l(fcmpi.o)
    0x08005738   0x00000184   Code   RO          845    x$fpl$fdiv          fz_ws.l(fdiv.o)
    0x080058bc   0x00000036   Code   RO          848    x$fpl$ffix          fz_ws.l(ffix.o)
    0x080058f2   0x00000002   PAD
    0x080058f4   0x0000003e   Code   RO          852    x$fpl$ffixu         fz_ws.l(ffixu.o)
    0x08005932   0x00000002   PAD
    0x08005934   0x00000030   Code   RO          857    x$fpl$fflt          fz_ws.l(fflt_clz.o)
    0x08005964   0x00000068   Code   RO          862    x$fpl$fleqf         fz_ws.l(fleqf.o)
    0x080059cc   0x00000102   Code   RO          864    x$fpl$fmul          fz_ws.l(fmul.o)
    0x08005ace   0x0000008c   Code   RO          922    x$fpl$fnaninf       fz_ws.l(fnaninf.o)
    0x08005b5a   0x0000000a   Code   RO          924    x$fpl$fretinf       fz_ws.l(fretinf.o)
    0x08005b64   0x00000062   Code   RO          866    x$fpl$frleqf        fz_ws.l(frleqf.o)
    0x08005bc6   0x00000014   Code   RO          839    x$fpl$frsb          fz_ws.l(faddsub_clz.o)
    0x08005bda   0x00000002   PAD
    0x08005bdc   0x000000ea   Code   RO          840    x$fpl$fsub          fz_ws.l(faddsub_clz.o)
    0x08005cc6   0x00000064   Code   RO         1006    x$fpl$retnan        fz_ws.l(retnan.o)
    0x08005d2a   0x0000005c   Code   RO          926    x$fpl$scalbn        fz_ws.l(scalbn.o)
    0x08005d86   0x00000030   Code   RO         1055    x$fpl$trapveneer    fz_ws.l(trapv.o)
    0x08005db6   0x00000000   Code   RO          928    x$fpl$usenofp       fz_ws.l(usenofp.o)
    0x08005db6   0x00000a64   Data   RO          618    .constdata          oled.o
    0x0800681a   0x00000006   PAD
    0x08006820   0x00000050   Data   RO          870    .constdata          m_ws.l(asin.o)
    0x08006870   0x00000030   Data   RO          930    .constdata          m_ws.l(cos_i.o)
    0x080068a0   0x000000c8   Data   RO          952    .constdata          m_ws.l(rred.o)
    0x08006968   0x00000028   Data   RO          956    .constdata          m_ws.l(sin_i.o)
    0x08006990   0x00000020   Data   RO         1129    Region$$Table       anon$$obj.o


    Execution Region RW_IRAM1 (Base: 0x20000000, Size: 0x00000cb8, Max: 0x00005000, ABSOLUTE, COMPRESSED[0x00000050])

    Base Addr    Size         Type   Attr      Idx    E Section Name        Object

    0x20000000   0x00000014   Data   RW          105    .data               system_stm32f10x.o
    0x20000014   0x000000c0   Data   RW          124    .data               minibalance.o
    0x200000d4   0x00000014   Data   RW          436    .data               stm32f10x_rcc.o
    0x200000e8   0x00000004   Data   RW          522    .data               delay.o
    0x200000ec   0x00000006   Data   RW          569    .data               usart.o
    0x200000f2   0x00000002   PAD
    0x200000f4   0x00000004   Data   RW          591    .data               led.o
    0x200000f8   0x0000000f   Data   RW          604    .data               key.o
    0x20000107   0x00000001   PAD
    0x20000108   0x00000088   Data   RW          724    .data               control.o
    0x20000190   0x000000c8   Zero   RW          568    .bss                usart.o
    0x20000258   0x00000400   Zero   RW          617    .bss                oled.o
    0x20000658   0x00000060   Zero   RW          992    .bss                c_w.l(libspace.o)
    0x200006b8   0x00000200   Zero   RW          211    HEAP                startup_stm32f10x_md.o
    0x200008b8   0x00000400   Zero   RW          210    STACK               startup_stm32f10x_md.o


==============================================================================

Image component sizes


      Code (inc. data)   RO Data    RW Data    ZI Data      Debug   Object Name

      4164        442          0        136          0       5941   control.o
         0          0          0          0          0         32   core_cm3.o
       212         18          0          4          0        951   delay.o
       588         50          0         15          0       1816   key.o
        96         16          0          4          0        693   led.o
       424         80          0        192          0       2827   minibalance.o
       220         22          0          0          0     205045   misc.o
       376         20          0          0          0        954   motor.o
      1202         32       2660          0       1024       4561   oled.o
        64         26        236          0       1536        792   startup_stm32f10x_md.o
       196          8          0          0          0       3392   stm32f10x_bkp.o
       860         38          0          0          0       5573   stm32f10x_gpio.o
        26          0          0          0          0     250666   stm32f10x_it.o
       204         14          0          0          0       1883   stm32f10x_pwr.o
       932         36          0         20          0       8708   stm32f10x_rcc.o
      3610         88          0          0          0      22056   stm32f10x_tim.o
      1032         22          0          0          0       8300   stm32f10x_usart.o
       712         44          0          0          0       2687   sys.o
       480         38          0         20          0       1635   system_stm32f10x.o
        90          0          0          0          0        628   timer.o
       320         18          0          6        200       3038   usart.o
       180          8          0          0          0        819   usart3.o

    ----------------------------------------------------------------------
     15992       1020       2934        400       2760     532997   Object Totals
         0          0         32          0          0          0   (incl. Generated)
         4          0          6          3          0          0   (incl. Padding)

    ----------------------------------------------------------------------

      Code (inc. data)   RO Data    RW Data    ZI Data      Debug   Library Member Name

        90          0          0          0          0          0   __dczerorl2.o
         8          0          0          0          0         68   __main.o
         0          0          0          0          0          0   __rtentry.o
        12          0          0          0          0          0   __rtentry2.o
         6          0          0          0          0          0   __rtentry4.o
        52          8          0          0          0          0   __scatter.o
        28          0          0          0          0          0   __scatter_zi.o
        22          0          0          0          0        100   _rserrno.o
        12          0          0          0          0         72   exit.o
         6          0          0          0          0        152   heapauxi.o
         2          0          0          0          0          0   libinit.o
         2          0          0          0          0          0   libinit2.o
         2          0          0          0          0          0   libshutdown.o
         2          0          0          0          0          0   libshutdown2.o
         8          4          0          0         96         68   libspace.o
         8          4          0          0          0         68   rt_errno_addr_intlibspace.o
         2          0          0          0          0          0   rtexit.o
        10          0          0          0          0          0   rtexit2.o
        74          0          0          0          0         80   sys_stackheap_outer.o
         2          0          0          0          0         68   use_no_semi.o
         2          0          0          0          0         68   use_no_semi_2.o
        98          4          0          0          0         92   d2f.o
       826         16          0          0          0        348   daddsub_clz.o
        16          4          0          0          0         68   dcheck1.o
       688        140          0          0          0        208   ddiv.o
        94          4          0          0          0         92   dfix.o
        84          0          0          0          0        136   dflt_clz.o
       340         12          0          0          0        104   dmul.o
       156          4          0          0          0         92   dnaninf.o
        12          0          0          0          0         68   dretinf.o
       460         56          0          0          0        120   dsqrt_noumaal.o
        86          4          0          0          0         84   f2d.o
       450          8          0          0          0        236   faddsub_clz.o
        24          0          0          0          0         68   fcmpi.o
       388         76          0          0          0         96   fdiv.o
        54          4          0          0          0         84   ffix.o
        62          4          0          0          0         84   ffixu.o
        48          0          0          0          0         68   fflt_clz.o
       104          4          0          0          0         84   fleqf.o
       258          4          0          0          0         84   fmul.o
       140          4          0          0          0         84   fnaninf.o
        10          0          0          0          0         68   fretinf.o
        98          0          0          0          0         68   frleqf.o
       100          0          0          0          0         68   retnan.o
        92          0          0          0          0         68   scalbn.o
        48          0          0          0          0         68   trapv.o
         0          0          0          0          0          0   usenofp.o
       624         52         80          0          0        168   asin.o
       156          8          0          0          0        104   cos.o
       252         22         48          0          0        124   cos_i.o
        34          6          0          0          0        204   dunder.o
        40          0          0          0          0         68   fpclassify.o
       170          0          0          0          0         96   poly.o
       904         76        200          0          0        140   rred.o
       160         10          0          0          0        108   sin.o
       236         12         40          0          0        128   sin_i.o
        76          0          0          0          0         84   sqrt.o

    ----------------------------------------------------------------------
      7762        550        368          0         96       4608   Library Totals
        24          0          0          0          0          0   (incl. Padding)

    ----------------------------------------------------------------------

      Code (inc. data)   RO Data    RW Data    ZI Data      Debug   Library Name

       350         16          0          0         96        744   c_w.l
      4736        348          0          0          0       2640   fz_ws.l
      2652        186        368          0          0       1224   m_ws.l

    ----------------------------------------------------------------------
      7762        550        368          0         96       4608   Library Totals

    ----------------------------------------------------------------------

==============================================================================


      Code (inc. data)   RO Data    RW Data    ZI Data      Debug   

     23754       1570       3302        400       2856     533233   Grand Totals
     23754       1570       3302         80       2856     533233   ELF Image Totals (compressed)
     23754       1570       3302         80          0          0   ROM Totals

==============================================================================

    Total RO  Size (Code + RO Data)                27056 (  26.42kB)
    Total RW  Size (RW Data + ZI Data)              3256 (   3.18kB)
    Total ROM Size (Code + RO Data + RW Data)      27136 (  26.50kB)

==============================================================================

